
 Start         Length     Name                   Class
 0001:00401000 00075620H .text                   CODE
 0002:00477000 00000A7CH .itext                  ICODE
 0003:00478000 00002680H .data                   DATA
 0004:0047B000 000074ACH .bss                    BSS
 0005:00000000 00000000H .tls                    TLS


Detailed map of segments

 0001:00000000 00007943 C=CODE     S=.text    G=(none)   M=System   ACBP=A9
 0001:00007944 000001A2 C=CODE     S=.text    G=(none)   M=SysInit  ACBP=A9
 0001:00007AE8 000002F8 C=CODE     S=.text    G=(none)   M=Types    ACBP=A9
 0001:00007DE0 00000D98 C=CODE     S=.text    G=(none)   M=Windows  ACBP=A9
 0001:00008B78 0000262F C=CODE     S=.text    G=(none)   M=FastMM4  ACBP=A9
 0001:0000B1A8 00000320 C=CODE     S=.text    G=(none)   M=SysConst ACBP=A9
 0001:0000B4C8 00000140 C=CODE     S=.text    G=(none)   M=RTLConsts ACBP=A9
 0001:0000B608 00000230 C=CODE     S=.text    G=(none)   M=Character ACBP=A9
 0001:0000B838 00009E56 C=CODE     S=.text    G=(none)   M=SysUtils ACBP=A9
 0001:00015690 00000015 C=CODE     S=.text    G=(none)   M=Messages ACBP=A9
 0001:000156A8 000000B6 C=CODE     S=.text    G=(none)   M=ActiveX  ACBP=A9
 0001:00015760 000007FA C=CODE     S=.text    G=(none)   M=VarUtils ACBP=A9
 0001:00015F5C 00006B74 C=CODE     S=.text    G=(none)   M=Variants ACBP=A9
 0001:0001CAD0 00000D4F C=CODE     S=.text    G=(none)   M=TypInfo  ACBP=A9
 0001:0001D820 0000B027 C=CODE     S=.text    G=(none)   M=Classes  ACBP=A9
 0001:00028848 00000BC2 C=CODE     S=.text    G=(none)   M=SyncObjs ACBP=A9
 0001:0002940C 000000A8 C=CODE     S=.text    G=(none)   M=dskMetricsVars ACBP=A9
 0001:000294B4 00000028 C=CODE     S=.text    G=(none)   M=ComConst ACBP=A9
 0001:000294DC 0000125F C=CODE     S=.text    G=(none)   M=ComObj   ACBP=A9
 0001:0002A73C 000001A9 C=CODE     S=.text    G=(none)   M=Contnrs  ACBP=A9
 0001:0002A8E8 000000D6 C=CODE     S=.text    G=(none)   M=CommCtrl ACBP=A9
 0001:0002A9C0 00000228 C=CODE     S=.text    G=(none)   M=Consts   ACBP=A9
 0001:0002ABE8 00000065 C=CODE     S=.text    G=(none)   M=IniFiles ACBP=A9
 0001:0002AC50 000008E5 C=CODE     S=.text    G=(none)   M=Registry ACBP=A9
 0001:0002B538 0000853A C=CODE     S=.text    G=(none)   M=Graphics ACBP=A9
 0001:00033A74 00000F71 C=CODE     S=.text    G=(none)   M=UxTheme  ACBP=A9
 0001:000349E8 00000876 C=CODE     S=.text    G=(none)   M=MultiMon ACBP=A9
 0001:00035260 000001E0 C=CODE     S=.text    G=(none)   M=DwmApi   ACBP=A9
 0001:00035440 0000182A C=CODE     S=.text    G=(none)   M=HelpIntfs ACBP=A9
 0001:00036C6C 0000178A C=CODE     S=.text    G=(none)   M=GraphUtil ACBP=A9
 0001:000383F8 00000046 C=CODE     S=.text    G=(none)   M=WinInet  ACBP=A9
 0001:00038440 0000003A C=CODE     S=.text    G=(none)   M=Printers ACBP=A9
 0001:0003847C 0000003A C=CODE     S=.text    G=(none)   M=Clipbrd  ACBP=A9
 0001:000384B8 0000031E C=CODE     S=.text    G=(none)   M=ExtCtrls ACBP=A9
 0001:000387D8 00000289 C=CODE     S=.text    G=(none)   M=ComCtrls ACBP=A9
 0001:00038A64 00000784 C=CODE     S=.text    G=(none)   M=Dialogs  ACBP=A9
 0001:000391E8 00000139 C=CODE     S=.text    G=(none)   M=StdActns ACBP=A9
 0001:00039324 000003AE C=CODE     S=.text    G=(none)   M=FlatSB   ACBP=A9
 0001:000396D4 0000F76C C=CODE     S=.text    G=(none)   M=Forms    ACBP=A9
 0001:00048E40 00008145 C=CODE     S=.text    G=(none)   M=Menus    ACBP=A9
 0001:00050F88 00000D1A C=CODE     S=.text    G=(none)   M=Themes   ACBP=A9
 0001:00051CA4 000016CD C=CODE     S=.text    G=(none)   M=ImgList  ACBP=A9
 0001:00053374 00001542 C=CODE     S=.text    G=(none)   M=ActnList ACBP=A9
 0001:000548B8 00015C98 C=CODE     S=.text    G=(none)   M=Controls ACBP=A9
 0001:0006A550 00000008 C=CODE     S=.text    G=(none)   M=OleConst ACBP=A9
 0001:0006A558 000008E2 C=CODE     S=.text    G=(none)   M=OleServer ACBP=A9
 0001:0006AE3C 00000570 C=CODE     S=.text    G=(none)   M=dskMetricsWMI ACBP=A9
 0001:0006B3AC 00000460 C=CODE     S=.text    G=(none)   M=dskMetricsGenerics ACBP=A9
 0001:0006B80C 00000EDC C=CODE     S=.text    G=(none)   M=dskMetricsCPUInfo ACBP=A9
 0001:0006C6E8 00000AD6 C=CODE     S=.text    G=(none)   M=dskMetricsWinInfo ACBP=A9
 0001:0006D1C0 0000476C C=CODE     S=.text    G=(none)   M=dskMetricsInternals ACBP=A9
 0001:0007192C 00003CF4 C=CODE     S=.text    G=(none)   M=dskmts   ACBP=A9
 0002:00000000 000000AE C=ICODE    S=.itext   G=(none)   M=System   ACBP=A9
 0002:000000B0 00000011 C=ICODE    S=.itext   G=(none)   M=Windows  ACBP=A9
 0002:000000C4 00000021 C=ICODE    S=.itext   G=(none)   M=FastMM4  ACBP=A9
 0002:000000E8 00000094 C=ICODE    S=.itext   G=(none)   M=SysUtils ACBP=A9
 0002:0000017C 0000000F C=ICODE    S=.itext   G=(none)   M=VarUtils ACBP=A9
 0002:0000018C 000000AA C=ICODE    S=.itext   G=(none)   M=Variants ACBP=A9
 0002:00000238 00000008 C=ICODE    S=.itext   G=(none)   M=TypInfo  ACBP=A9
 0002:00000240 00000092 C=ICODE    S=.itext   G=(none)   M=Classes  ACBP=A9
 0002:000002D4 0000000F C=ICODE    S=.itext   G=(none)   M=SyncObjs ACBP=A9
 0002:000002E4 00000008 C=ICODE    S=.itext   G=(none)   M=dskMetricsVars ACBP=A9
 0002:000002EC 00000055 C=ICODE    S=.itext   G=(none)   M=ComObj   ACBP=A9
 0002:00000344 00000008 C=ICODE    S=.itext   G=(none)   M=IniFiles ACBP=A9
 0002:0000034C 00000008 C=ICODE    S=.itext   G=(none)   M=Registry ACBP=A9
 0002:00000354 000000FB C=ICODE    S=.itext   G=(none)   M=Graphics ACBP=A9
 0002:00000450 0000001B C=ICODE    S=.itext   G=(none)   M=UxTheme  ACBP=A9
 0002:0000046C 0000000F C=ICODE    S=.itext   G=(none)   M=MultiMon ACBP=A9
 0002:0000047C 00000008 C=ICODE    S=.itext   G=(none)   M=DwmApi   ACBP=A9
 0002:00000484 00000008 C=ICODE    S=.itext   G=(none)   M=HelpIntfs ACBP=A9
 0002:0000048C 00000086 C=ICODE    S=.itext   G=(none)   M=GraphUtil ACBP=A9
 0002:00000514 00000008 C=ICODE    S=.itext   G=(none)   M=Printers ACBP=A9
 0002:0000051C 00000078 C=ICODE    S=.itext   G=(none)   M=Clipbrd  ACBP=A9
 0002:00000594 00000054 C=ICODE    S=.itext   G=(none)   M=ExtCtrls ACBP=A9
 0002:000005E8 00000039 C=ICODE    S=.itext   G=(none)   M=ComCtrls ACBP=A9
 0002:00000624 0000003D C=ICODE    S=.itext   G=(none)   M=Dialogs  ACBP=A9
 0002:00000664 0000000F C=ICODE    S=.itext   G=(none)   M=FlatSB   ACBP=A9
 0002:00000674 0000005C C=ICODE    S=.itext   G=(none)   M=Forms    ACBP=A9
 0002:000006D0 00000085 C=ICODE    S=.itext   G=(none)   M=Menus    ACBP=A9
 0002:00000758 00000008 C=ICODE    S=.itext   G=(none)   M=Themes   ACBP=A9
 0002:00000760 0000002A C=ICODE    S=.itext   G=(none)   M=ActnList ACBP=A9
 0002:0000078C 00000088 C=ICODE    S=.itext   G=(none)   M=Controls ACBP=A9
 0002:00000814 0000001A C=ICODE    S=.itext   G=(none)   M=OleServer ACBP=A9
 0002:00000830 00000068 C=ICODE    S=.itext   G=(none)   M=dskMetricsCPUInfo ACBP=A9
 0002:00000898 00000013 C=ICODE    S=.itext   G=(none)   M=dskMetricsWinInfo ACBP=A9
 0002:000008AC 000001D0 C=ICODE    S=.itext   G=(none)   M=dskmts   ACBP=A9
 0003:00000000 000007BA C=DATA     S=.data    G=DGROUP   M=System   ACBP=A9
 0003:000007BC 00000030 C=DATA     S=.data    G=DGROUP   M=SysInit  ACBP=A9
 0003:000007EC 000006FC C=DATA     S=.data    G=DGROUP   M=FastMM4  ACBP=A9
 0003:00000EE8 00000100 C=DATA     S=.data    G=DGROUP   M=Character ACBP=A9
 0003:00000FE8 00000278 C=DATA     S=.data    G=DGROUP   M=SysUtils ACBP=A9
 0003:00001260 00000010 C=DATA     S=.data    G=DGROUP   M=ActiveX  ACBP=A9
 0003:00001270 00000008 C=DATA     S=.data    G=DGROUP   M=VarUtils ACBP=A9
 0003:00001278 00000092 C=DATA     S=.data    G=DGROUP   M=Variants ACBP=A9
 0003:0000130C 0000000C C=DATA     S=.data    G=DGROUP   M=TypInfo  ACBP=A9
 0003:00001318 00000064 C=DATA     S=.data    G=DGROUP   M=Classes  ACBP=A9
 0003:0000137C 00000030 C=DATA     S=.data    G=DGROUP   M=ComObj   ACBP=A9
 0003:000013AC 00000008 C=DATA     S=.data    G=DGROUP   M=IniFiles ACBP=A9
 0003:000013B4 00000008 C=DATA     S=.data    G=DGROUP   M=Registry ACBP=A9
 0003:000013BC 000003B8 C=DATA     S=.data    G=DGROUP   M=Graphics ACBP=A9
 0003:00001774 00000450 C=DATA     S=.data    G=DGROUP   M=GraphUtil ACBP=A9
 0003:00001BC4 00000004 C=DATA     S=.data    G=DGROUP   M=Printers ACBP=A9
 0003:00001BC8 00000010 C=DATA     S=.data    G=DGROUP   M=ComCtrls ACBP=A9
 0003:00001BD8 0000007C C=DATA     S=.data    G=DGROUP   M=Dialogs  ACBP=A9
 0003:00001C54 00000140 C=DATA     S=.data    G=DGROUP   M=Forms    ACBP=A9
 0003:00001D94 00000134 C=DATA     S=.data    G=DGROUP   M=Menus    ACBP=A9
 0003:00001EC8 00000068 C=DATA     S=.data    G=DGROUP   M=Themes   ACBP=A9
 0003:00001F30 0000003C C=DATA     S=.data    G=DGROUP   M=ImgList  ACBP=A9
 0003:00001F6C 0000013C C=DATA     S=.data    G=DGROUP   M=Controls ACBP=A9
 0003:000020A8 0000004C C=DATA     S=.data    G=DGROUP   M=dskMetricsWMI ACBP=A9
 0003:000020F4 0000008F C=DATA     S=.data    G=DGROUP   M=dskMetricsCPUInfo ACBP=A9
 0003:00002184 0000000A C=DATA     S=.data    G=DGROUP   M=dskMetricsWinInfo ACBP=A9
 0003:00002190 00000008 C=DATA     S=.data    G=DGROUP   M=dskMetricsInternals ACBP=A9
 0004:00000000 00002B4C C=BSS      S=.bss     G=DGROUP   M=System   ACBP=A9
 0004:00002B4C 00000010 C=BSS      S=.bss     G=DGROUP   M=SysInit  ACBP=A9
 0004:00002B5C 00000008 C=BSS      S=.bss     G=DGROUP   M=Windows  ACBP=A9
 0004:00002B64 0000223F C=BSS      S=.bss     G=DGROUP   M=FastMM4  ACBP=A9
 0004:00004DA4 0000001C C=BSS      S=.bss     G=DGROUP   M=Character ACBP=A9
 0004:00004DC0 00002234 C=BSS      S=.bss     G=DGROUP   M=SysUtils ACBP=A9
 0004:00006FF4 0000005C C=BSS      S=.bss     G=DGROUP   M=VarUtils ACBP=A9
 0004:00007050 00000040 C=BSS      S=.bss     G=DGROUP   M=Variants ACBP=A9
 0004:00007090 00000004 C=BSS      S=.bss     G=DGROUP   M=TypInfo  ACBP=A9
 0004:00007094 00000048 C=BSS      S=.bss     G=DGROUP   M=Classes  ACBP=A9
 0004:000070DC 00000018 C=BSS      S=.bss     G=DGROUP   M=SyncObjs ACBP=A9
 0004:000070F4 00000060 C=BSS      S=.bss     G=DGROUP   M=dskMetricsVars ACBP=A9
 0004:00007154 00000011 C=BSS      S=.bss     G=DGROUP   M=ComObj   ACBP=A9
 0004:00007168 00000004 C=BSS      S=.bss     G=DGROUP   M=IniFiles ACBP=A9
 0004:0000716C 00000004 C=BSS      S=.bss     G=DGROUP   M=Registry ACBP=A9
 0004:00007170 00000060 C=BSS      S=.bss     G=DGROUP   M=Graphics ACBP=A9
 0004:000071D0 000000DC C=BSS      S=.bss     G=DGROUP   M=UxTheme  ACBP=A9
 0004:000072AC 00000031 C=BSS      S=.bss     G=DGROUP   M=MultiMon ACBP=A9
 0004:000072E0 00000010 C=BSS      S=.bss     G=DGROUP   M=DwmApi   ACBP=A9
 0004:000072F0 00000008 C=BSS      S=.bss     G=DGROUP   M=HelpIntfs ACBP=A9
 0004:000072F8 00000010 C=BSS      S=.bss     G=DGROUP   M=GraphUtil ACBP=A9
 0004:00007308 00000004 C=BSS      S=.bss     G=DGROUP   M=Printers ACBP=A9
 0004:0000730C 0000000C C=BSS      S=.bss     G=DGROUP   M=Clipbrd  ACBP=A9
 0004:00007318 00000008 C=BSS      S=.bss     G=DGROUP   M=ExtCtrls ACBP=A9
 0004:00007320 00000010 C=BSS      S=.bss     G=DGROUP   M=ComCtrls ACBP=A9
 0004:00007330 0000000C C=BSS      S=.bss     G=DGROUP   M=Dialogs  ACBP=A9
 0004:0000733C 00000034 C=BSS      S=.bss     G=DGROUP   M=FlatSB   ACBP=A9
 0004:00007370 00000028 C=BSS      S=.bss     G=DGROUP   M=Forms    ACBP=A9
 0004:00007398 00000010 C=BSS      S=.bss     G=DGROUP   M=Menus    ACBP=A9
 0004:000073A8 0000000C C=BSS      S=.bss     G=DGROUP   M=Themes   ACBP=A9
 0004:000073B4 00000008 C=BSS      S=.bss     G=DGROUP   M=ImgList  ACBP=A9
 0004:000073BC 00000004 C=BSS      S=.bss     G=DGROUP   M=ActnList ACBP=A9
 0004:000073C0 0000008C C=BSS      S=.bss     G=DGROUP   M=Controls ACBP=A9
 0004:0000744C 00000004 C=BSS      S=.bss     G=DGROUP   M=OleServer ACBP=A9
 0004:00007450 00000058 C=BSS      S=.bss     G=DGROUP   M=dskMetricsCPUInfo ACBP=A9
 0004:000074A8 00000004 C=BSS      S=.bss     G=DGROUP   M=dskMetricsWinInfo ACBP=A9
 0005:00000000 00000008 C=TLS      S=.tls     G=(none)   M=System   ACBP=A9
 0005:00000008 0000000C C=TLS      S=.tls     G=(none)   M=Classes  ACBP=A9
 0005:00000014 00000004 C=TLS      S=.tls     G=(none)   M=SyncObjs ACBP=A9
 0005:00000018 00000024 C=TLS      S=.tls     G=(none)   M=GraphUtil ACBP=A9


  Address             Publics by Name

 0001:00015718       ActiveX.CoCreateInstance
 0001:00015708       ActiveX.CoInitialize
 0001:00015730       ActiveX.CoTaskMemFree
 0001:00015710       ActiveX.CoUninitialize
 0001:00015750       ActiveX.GetActiveObject
 0001:00015758       ActiveX.GetErrorInfo
 0003:00001260       ActiveX.GUID_NULL
 0001:00015700       ActiveX.IsEqualIID
 0001:00015738       ActiveX.OleInitialize
 0001:00015740       ActiveX.OleUninitialize
 0001:00015728       ActiveX.ProgIDFromCLSID
 0001:00015720       ActiveX.StringFromCLSID
 0001:00015748       ActiveX.SysFreeString
 0004:000073BC       ActnList..9
 0001:000537DC       ActnList..TActionLink
 0001:00053374       ActnList..TContainedAction
 0001:000536C8       ActnList..TCustomAction
 0001:000534A4       ActnList..TCustomActionList
 0001:00053590       ActnList..TShortCutList
 0002:00000760       ActnList.ActnList
 0001:00054888       ActnList.Finalization
 0001:00053EF4       ActnList.TActionLink.IsCaptionLinked
 0001:00053F08       ActnList.TActionLink.IsCheckedLinked
 0001:00053F1C       ActnList.TActionLink.IsEnabledLinked
 0001:00053F30       ActnList.TActionLink.IsGroupIndexLinked
 0001:00053F44       ActnList.TActionLink.IsHelpContextLinked
 0001:00053F58       ActnList.TActionLink.IsHelpLinked
 0001:00053F6C       ActnList.TActionLink.IsHintLinked
 0001:00053F80       ActnList.TActionLink.IsImageIndexLinked
 0001:00053F94       ActnList.TActionLink.IsShortCutLinked
 0001:00053FA8       ActnList.TActionLink.IsVisibleLinked
 0001:00053FBC       ActnList.TActionLink.SetAutoCheck
 0001:00053FC0       ActnList.TActionLink.SetCaption
 0001:00053FC4       ActnList.TActionLink.SetChecked
 0001:00053FC8       ActnList.TActionLink.SetEnabled
 0001:00053FCC       ActnList.TActionLink.SetGroupIndex
 0001:00053FD0       ActnList.TActionLink.SetHelpContext
 0001:00053FD4       ActnList.TActionLink.SetHelpKeyword
 0001:00053FD8       ActnList.TActionLink.SetHelpType
 0001:00053FDC       ActnList.TActionLink.SetHint
 0001:00053FE0       ActnList.TActionLink.SetImageIndex
 0001:00053FE4       ActnList.TActionLink.SetShortCut
 0001:00053FE8       ActnList.TActionLink.SetVisible
 0001:000538B8       ActnList.TContainedAction.Destroy
 0001:00053A24       ActnList.TContainedAction.Execute
 0001:000538EC       ActnList.TContainedAction.GetIndex
 0001:00053908       ActnList.TContainedAction.GetParentComponent
 0001:00053918       ActnList.TContainedAction.HasParent
 0001:00053904       ActnList.TContainedAction.IsCategoryStored
 0001:00053928       ActnList.TContainedAction.ReadState
 0001:000539D0       ActnList.TContainedAction.SetActionList
 0001:000539A4       ActnList.TContainedAction.SetCategory
 0001:0005395C       ActnList.TContainedAction.SetIndex
 0001:000539F8       ActnList.TContainedAction.SetParentComponent
 0001:00053A7C       ActnList.TContainedAction.Update
 0001:00054098       ActnList.TCustomAction.AssignTo
 0001:00053FEC       ActnList.TCustomAction.Create
 0001:00054040       ActnList.TCustomAction.Destroy
 0001:00054724       ActnList.TCustomAction.DoHint
 0001:0005474C       ActnList.TCustomAction.Execute
 0001:000547B0       ActnList.TCustomAction.GetSecondaryShortCuts
 0001:0005480C       ActnList.TCustomAction.HandleShortCut
 0001:000541A4       ActnList.TCustomAction.SetAutoCheck
 0001:00054204       ActnList.TCustomAction.SetCaption
 0001:00054264       ActnList.TCustomAction.SetChecked
 0001:0005436C       ActnList.TCustomAction.SetEnabled
 0001:000543E8       ActnList.TCustomAction.SetGroupIndex
 0001:00054500       ActnList.TCustomAction.SetHelpContext
 0001:00054498       ActnList.TCustomAction.SetHelpKeyword
 0001:00054440       ActnList.TCustomAction.SetHelpType
 0001:00054558       ActnList.TCustomAction.SetHint
 0001:000545B8       ActnList.TCustomAction.SetImageIndex
 0001:000546D8       ActnList.TCustomAction.SetName
 0001:000547D8       ActnList.TCustomAction.SetSecondaryShortCuts
 0001:00054614       ActnList.TCustomAction.SetShortCut
 0001:00054678       ActnList.TCustomAction.SetVisible
 0001:00053CBC       ActnList.TCustomActionList.AddAction
 0001:00053D04       ActnList.TCustomActionList.Change
 0001:00053AD4       ActnList.TCustomActionList.Create
 0001:00053B40       ActnList.TCustomActionList.Destroy
 0001:00053E10       ActnList.TCustomActionList.ExecuteAction
 0001:00053C10       ActnList.TCustomActionList.GetAction
 0001:00053C24       ActnList.TCustomActionList.GetActionCount
 0001:00053B98       ActnList.TCustomActionList.GetChildren
 0001:00053C60       ActnList.TCustomActionList.ImageListChange
 0001:00053D6C       ActnList.TCustomActionList.IsShortCut
 0001:00053C6C       ActnList.TCustomActionList.Notification
 0001:00053CDC       ActnList.TCustomActionList.RemoveAction
 0001:00053BE0       ActnList.TCustomActionList.SetChildOrder
 0001:00053C2C       ActnList.TCustomActionList.SetImages
 0001:00053E50       ActnList.TCustomActionList.SetState
 0001:00053E30       ActnList.TCustomActionList.UpdateAction
 0001:00054818       ActnList.TShortCutList.Add
 0001:00054844       ActnList.TShortCutList.IndexOfShortCut
 0004:00004DB0       Character.CategoryTable
 0004:00004DA8       Character.CatIndexPrimary
 0004:00004DAC       Character.CatIndexSecondary
 0004:00004DA4       Character.DataTable
 0003:00000EE8       Character.Latin1Categories
 0004:00004DBC       Character.NumericValueTable
 0004:00004DB4       Character.NumIndexPrimary
 0004:00004DB8       Character.NumIndexSecondary
 0001:0000B608       Character.TCharacter.CheckLetter
 0001:0000B614       Character.TCharacter.CheckLetterOrDigit
 0001:0000B730       Character.TCharacter.GetUnicodeCategory
 0001:0000B790       Character.TCharacter.Initialize
 0001:0000B724       Character.TCharacter.IsAscii
 0001:0000B624       Character.TCharacter.IsLatin1
 0001:0000B630       Character.TCharacter.IsLetter
 0001:0000B6BC       Character.TCharacter.IsLetterOrDigit
 0004:000070A0       Classes..66
 0001:0001DDE4       Classes..EBitsError
 0001:0001DC98       Classes..EClassNotFound
 0001:0001DEC4       Classes..EComponentError
 0001:0001DA78       Classes..EFCreateError
 0001:0001DB54       Classes..EFilerError
 0001:0001DA04       Classes..EFileStreamError
 0001:0001DAE8       Classes..EFOpenError
 0001:0001DFA4       Classes..EInvalidOperation
 0001:0001DD78       Classes..EListError
 0001:0001DF34       Classes..EOutOfResources
 0001:0001DBC0       Classes..EReadError
 0001:0001DD08       Classes..EResNotFound
 0001:0001D994       Classes..EStreamError
 0001:0001DE50       Classes..EStringListError
 0001:0001EC08       Classes..EThread
 0001:0001DC2C       Classes..EWriteError
 0001:0001F038       Classes..TBasicAction
 0001:0001EFAC       Classes..TBasicActionLink
 0001:0001E0EC       Classes..TBits
 0001:0001EA90       Classes..TClassFinder
 0001:0001EE40       Classes..TComponent
 0001:0001E758       Classes..TCustomMemoryStream
 0001:0001EAF8       Classes..TFiler
 0001:0001E6C4       Classes..TFileStream
 0001:0001E640       Classes..THandleStream
 0001:0001FF84       Classes..TIntConst
 0001:0001E244       Classes..TInterfacedPersistent
 0001:0001E018       Classes..TList
 0001:0001E7E0       Classes..TMemoryStream
 0001:0001E14C       Classes..TPersistent
 0001:00023444       Classes..TPropFixup
 0001:000234C8       Classes..TPropIntfFixup
 0001:0001EB68       Classes..TReader
 0001:0001F1B8       Classes..TRegGroup
 0001:0001F21C       Classes..TRegGroups
 0001:0001E868       Classes..TResourceStream
 0001:0001E5C4       Classes..TStream
 0001:0001E9FC       Classes..TStreamAdapter
 0001:0001E490       Classes..TStringList
 0001:0001E33C       Classes..TStrings
 0001:0001ECD0       Classes..TThread
 0001:0001E088       Classes..TThreadList
 0001:0001FF28       Classes.ActivateClassGroup
 0003:00001318       Classes.AddDataModule
 0001:00023780       Classes.AddFinished
 0001:000237B8       Classes.AddNotFinished
 0001:00024338       Classes.AddSubComponentsToLoaded
 0001:00026C1C       Classes.AddThread
 0001:00028684       Classes.AllocateHWnd
 0003:00001328       Classes.ApplicationHandleException
 0003:00001330       Classes.ApplicationShowException
 0001:0002028C       Classes.BeginGlobalLoading
 0003:00001350       Classes.BlockCode
 0001:0001F17C       Classes.Bounds
 0001:000285B4       Classes.CalcJmpOffset
 0001:00024374       Classes.CheckSubComponents
 0001:00026C34       Classes.CheckSynchronize
 0002:00000240       Classes.Classes
 0001:0001FCEC       Classes.ClassNotFound
 0001:00024454       Classes.ComponentCreated
 0001:000244D4       Classes.CreateComponent
 0001:00028738       Classes.DeallocateHWnd
 0001:00026B50       Classes.DoneThreadSynchronization
 0001:00021174       Classes.DoWrite
 0001:00020314       Classes.EndGlobalLoading
 0001:0001F890       Classes.Error
 0001:0002327C       Classes.Error
 0004:000070D0       Classes.ExternalThreads
 0003:00001340       Classes.FilerSignature
 0001:00028760       Classes.Finalization
 0001:0001FDAC       Classes.FindClass
 0001:00024684       Classes.FindExistingComponent
 0001:000201A4       Classes.FindGlobalComponent
 0004:000070AC       Classes.FindGlobalComponentProcs
 0001:0002004C       Classes.FindIdentToInt
 0001:00023688       Classes.FindNestedComponent
 0001:00025700       Classes.FindUniqueName
 0001:00026B68       Classes.FreeExternalThreads
 0001:00028520       Classes.FreeIntConstList
 0001:00028654       Classes.FreeObjectInstance
 0001:0001FD58       Classes.GetClass
 0001:0001FCE0       Classes.GetFieldClassTable
 0004:000070B0       Classes.GlobalFixupList
 0001:00023800       Classes.GlobalFixupReferences
 0005:0000000C       Classes.GlobalLists
 0005:00000008       Classes.GlobalLoaded
 0004:00007094       Classes.GlobalNameSpace
 0001:0001FED4       Classes.GroupDescendentsWith
 0001:00024E94       Classes.HandleException
 0001:000200C8       Classes.IdentToInt
 0001:00020370       Classes.InitComponent
 0001:000203FC       Classes.InitInheritedComponent
 0001:00026B1C       Classes.InitThreadSynchronization
 0004:000070D4       Classes.InstBlockList
 0004:000070D8       Classes.InstFreeList
 0004:000070A4       Classes.IntConstList
 0005:00000010       Classes.InternalCurrentThread
 0001:00020208       Classes.InternalReadComponentRes
 0001:00020108       Classes.IntToIdent
 0001:0001F1A4       Classes.InvalidPoint
 0001:000201E4       Classes.IsUniqueGlobalComponentName
 0004:00007098       Classes.IsUniqueGlobalComponentNameProc
 0001:000285BC       Classes.MakeObjectInstance
 0001:00020B38       Classes.Min
 0001:0002858C       Classes.ModuleUnload
 0003:00001344       Classes.NilMethod
 0001:000202E4       Classes.NotifyGlobalLoading
 0001:0001F13C       Classes.Point
 0001:00023B20       Classes.PropertyNotFound
 0001:00024F64       Classes.PropPathError
 0001:00023B14       Classes.PropValueError
 0001:00022A44       Classes.RaiseException
 0001:00026398       Classes.ReadCustomVariant
 0001:00023AFC       Classes.ReadError
 0001:00024474       Classes.Recover
 0001:0001F154       Classes.Rect
 0004:000070A8       Classes.RegGroups
 0001:0001FDCC       Classes.RegisterClass
 0001:0002014C       Classes.RegisterFindGlobalComponentProc
 0001:00020020       Classes.RegisterIntegerConsts
 0003:00001320       Classes.RemoveDataModule
 0001:000239CC       Classes.RemoveFixupReferences
 0001:00023A78       Classes.RemoveFixups
 0001:00023DE0       Classes.RemoveGlobalFixup
 0001:00026C28       Classes.RemoveThread
 0001:00026BE8       Classes.ResetSyncEvent
 0001:00020588       Classes.ReturnAddr
 0001:000212E0       Classes.ReturnAddr
 0001:000245E4       Classes.SetCompName
 0001:00023B4C       Classes.SetElementValue
 0001:000252DC       Classes.SetInterfaceReference
 0001:000251F8       Classes.SetIntIdent
 0001:00025240       Classes.SetObjectIdent
 0001:000243EC       Classes.SetSubComponentState
 0001:00025280       Classes.SetVariantReference
 0001:00026C10       Classes.SignalSyncEvent
 0001:00025EB8       Classes.SkipBinary
 0001:00025EE8       Classes.SkipCollection
 0001:00025E90       Classes.SkipList
 0001:0001FE88       Classes.StartClassGroup
 0001:00028594       Classes.StdWndProc
 0001:0002274C       Classes.StringListCompareStrings
 0004:0000709C       Classes.SyncEvent
 0003:0000134C       Classes.SyncList
 0001:00027F8C       Classes.TBasicAction.Change
 0001:00027E18       Classes.TBasicAction.Create
 0001:00027E5C       Classes.TBasicAction.Destroy
 0001:00027EF8       Classes.TBasicAction.Execute
 0001:00027EC8       Classes.TBasicAction.ExecuteTarget
 0001:00027EC4       Classes.TBasicAction.HandlesTarget
 0001:00027ECC       Classes.TBasicAction.Notification
 0001:00027FA0       Classes.TBasicAction.RegisterChanges
 0001:00027FEC       Classes.TBasicAction.SetActionComponent
 0001:00027F30       Classes.TBasicAction.SetOnExecute
 0001:00027FAC       Classes.TBasicAction.UnRegisterChanges
 0001:00027F14       Classes.TBasicAction.Update
 0001:00027EF4       Classes.TBasicAction.UpdateTarget
 0001:00027D68       Classes.TBasicActionLink.AssignClient
 0001:00027DA0       Classes.TBasicActionLink.Change
 0001:00027D24       Classes.TBasicActionLink.Create
 0001:00027D6C       Classes.TBasicActionLink.Destroy
 0001:00027DB8       Classes.TBasicActionLink.Execute
 0001:00027E00       Classes.TBasicActionLink.IsOnExecuteLinked
 0001:00027DD4       Classes.TBasicActionLink.SetAction
 0001:00027E04       Classes.TBasicActionLink.SetOnExecute
 0001:00027E0C       Classes.TBasicActionLink.Update
 0001:00020AF0       Classes.TBits.Destroy
 0001:00020B20       Classes.TBits.Error
 0001:00020C14       Classes.TBits.OpenBit
 0001:00020BE8       Classes.TBits.SetBit
 0001:00020B44       Classes.TBits.SetSize
 0001:0001FAFC       Classes.TClassFinder.Create
 0001:0001FC28       Classes.TClassFinder.Destroy
 0001:0001FC58       Classes.TClassFinder.GetClass
 0001:00020EE8       Classes.TCollection.Add
 0001:00020F08       Classes.TCollection.Clear
 0001:000275CC       Classes.TComponent.BeforeDestruction
 0001:00027B14       Classes.TComponent.ChangeName
 0001:000274FC       Classes.TComponent.Create
 0001:00027894       Classes.TComponent.DefineProperties
 0001:00027548       Classes.TComponent.Destroy
 0001:0002775C       Classes.TComponent.DestroyComponents
 0001:000277B8       Classes.TComponent.Destroying
 0001:00027C30       Classes.TComponent.ExecuteAction
 0001:00027A34       Classes.TComponent.FindComponent
 0001:000275D8       Classes.TComponent.FreeNotification
 0001:00027938       Classes.TComponent.GetChildOwner
 0001:0002793C       Classes.TComponent.GetChildParent
 0001:00027930       Classes.TComponent.GetChildren
 0001:00027B28       Classes.TComponent.GetComponent
 0001:00027B54       Classes.TComponent.GetComponentCount
 0001:00027940       Classes.TComponent.GetNamePath
 0001:00027954       Classes.TComponent.GetOwner
 0001:0002795C       Classes.TComponent.GetParentComponent
 0001:0002792C       Classes.TComponent.HasParent
 0001:0002766C       Classes.TComponent.Insert
 0001:000276C0       Classes.TComponent.InsertComponent
 0001:00027D20       Classes.TComponent.IntfGetComponent
 0001:0002797C       Classes.TComponent.Loaded
 0001:00027834       Classes.TComponent.Notification
 0001:00027988       Classes.TComponent.PaletteCreated
 0001:00027CA0       Classes.TComponent.QueryInterface
 0001:0002762C       Classes.TComponent.ReadLeft
 0001:0002798C       Classes.TComponent.ReadState
 0001:00027640       Classes.TComponent.ReadTop
 0001:00027698       Classes.TComponent.Remove
 0001:00027724       Classes.TComponent.RemoveComponent
 0001:00027818       Classes.TComponent.RemoveFreeNotification
 0001:000277F4       Classes.TComponent.RemoveNotification
 0001:00027C80       Classes.TComponent.SafeCallException
 0001:00027958       Classes.TComponent.SetChildOrder
 0001:00027B64       Classes.TComponent.SetComponentIndex
 0001:00027BB8       Classes.TComponent.SetDesigning
 0001:00027A84       Classes.TComponent.SetName
 0001:00027960       Classes.TComponent.SetParentComponent
 0001:00027C08       Classes.TComponent.SetReference
 0001:00027C58       Classes.TComponent.UpdateAction
 0001:00027970       Classes.TComponent.Updated
 0001:00027C98       Classes.TComponent.UpdateRegistry
 0001:00027964       Classes.TComponent.Updating
 0001:00027A1C       Classes.TComponent.ValidateContainer
 0001:00027A30       Classes.TComponent.ValidateInsert
 0001:0002799C       Classes.TComponent.ValidateRename
 0001:00027654       Classes.TComponent.WriteLeft
 0001:00027994       Classes.TComponent.WriteState
 0001:00027660       Classes.TComponent.WriteTop
 0001:00027CE0       Classes.TComponent._AddRef
 0001:00027D00       Classes.TComponent._Release
 0001:00023028       Classes.TCustomMemoryStream.Read
 0001:00023060       Classes.TCustomMemoryStream.Seek
 0001:00023020       Classes.TCustomMemoryStream.SetPointer
 0001:000233D0       Classes.TFiler.Create
 0001:00023418       Classes.TFiler.Destroy
 0001:00023440       Classes.TFiler.SetRoot
 0001:00022E34       Classes.TFileStream.Create
 0001:00022E78       Classes.TFileStream.Create
 0001:00022FEC       Classes.TFileStream.Destroy
 0001:00022D70       Classes.THandleStream.Create
 0001:00022DAC       Classes.THandleStream.Read
 0001:00022DCC       Classes.THandleStream.Seek
 0001:00022DF8       Classes.THandleStream.SetSize
 0001:00022E0C       Classes.THandleStream.SetSize
 0001:00022DBC       Classes.THandleStream.Write
 0004:000070CC       Classes.ThreadCount
 0004:000070B4       Classes.ThreadLock
 0001:00026E28       Classes.ThreadProc
 0001:0001FFE8       Classes.TIntConst.Create
 0001:00020E30       Classes.TInterfacedPersistent.AfterConstruction
 0001:00020EC0       Classes.TInterfacedPersistent.QueryInterface
 0001:00020E80       Classes.TInterfacedPersistent._AddRef
 0001:00020EA0       Classes.TInterfacedPersistent._Release
 0001:000204E0       Classes.TList.Add
 0001:00020514       Classes.TList.Clear
 0001:0002052C       Classes.TList.Delete
 0001:000204C0       Classes.TList.Destroy
 0001:0002058C       Classes.TList.Error
 0001:000205C4       Classes.TList.Error
 0001:00020618       Classes.TList.Expand
 0001:00020630       Classes.TList.First
 0001:00020638       Classes.TList.Get
 0001:00020660       Classes.TList.Grow
 0001:00020694       Classes.TList.IndexOf
 0001:000206B8       Classes.TList.Insert
 0001:00020724       Classes.TList.Last
 0001:000208DC       Classes.TList.Notify
 0001:000207B8       Classes.TList.Pack
 0001:00020748       Classes.TList.Put
 0001:00020798       Classes.TList.Remove
 0001:0002082C       Classes.TList.SetCapacity
 0001:00020868       Classes.TList.SetCount
 0001:000230B0       Classes.TMemoryStream.Clear
 0001:00023084       Classes.TMemoryStream.Destroy
 0001:000230C8       Classes.TMemoryStream.LoadFromStream
 0001:00023154       Classes.TMemoryStream.Realloc
 0001:00023100       Classes.TMemoryStream.SetCapacity
 0001:00023128       Classes.TMemoryStream.SetSize
 0001:000231D4       Classes.TMemoryStream.Write
 0001:00020CB8       Classes.TPersistent.Assign
 0001:00020CCC       Classes.TPersistent.AssignError
 0001:00020D88       Classes.TPersistent.AssignTo
 0001:00020D90       Classes.TPersistent.DefineProperties
 0001:00020C8C       Classes.TPersistent.Destroy
 0001:00020D94       Classes.TPersistent.GetNamePath
 0001:00020E2C       Classes.TPersistent.GetOwner
 0001:00023534       Classes.TPropFixup.Create
 0001:0002358C       Classes.TPropFixup.MakeGlobalReference
 0001:000235F4       Classes.TPropFixup.ResolveReference
 0001:00023604       Classes.TPropIntfFixup.ResolveReference
 0001:00023BA0       Classes.TReader.CheckValue
 0001:00023C00       Classes.TReader.DefineBinaryProperty
 0001:00023BC4       Classes.TReader.DefineProperty
 0001:00023B64       Classes.TReader.Destroy
 0001:00023E5C       Classes.TReader.DoFixupReferences
 0001:00023CE8       Classes.TReader.EndOfList
 0001:00023CFC       Classes.TReader.Error
 0001:000261E4       Classes.TReader.FindAncestorComponent
 0001:000262DC       Classes.TReader.FindComponentClass
 0001:00023D90       Classes.TReader.FindMethod
 0001:00023D20       Classes.TReader.FindMethodInstance
 0001:00023FA0       Classes.TReader.FlushBuffer
 0001:00023FC4       Classes.TReader.FreeFixups
 0001:00024000       Classes.TReader.GetFieldClass
 0001:00024094       Classes.TReader.GetPosition
 0001:000240AC       Classes.TReader.NextValue
 0001:000240BC       Classes.TReader.PropertyError
 0001:000240D0       Classes.TReader.Read
 0001:00024158       Classes.TReader.ReadBoolean
 0001:0002411C       Classes.TReader.ReadBuffer
 0001:0002416C       Classes.TReader.ReadChar
 0001:00024260       Classes.TReader.ReadCollection
 0001:00024728       Classes.TReader.ReadComponent
 0001:00024B68       Classes.TReader.ReadCurrency
 0001:00024968       Classes.TReader.ReadData
 0001:000249D8       Classes.TReader.ReadDataInner
 0001:00024BB8       Classes.TReader.ReadDate
 0001:00024AE0       Classes.TReader.ReadDouble
 0001:00024AA8       Classes.TReader.ReadFloat
 0001:00024BFC       Classes.TReader.ReadIdent
 0001:00024E00       Classes.TReader.ReadInt64
 0001:00024D94       Classes.TReader.ReadInteger
 0001:00024E44       Classes.TReader.ReadListBegin
 0001:00024E4C       Classes.TReader.ReadListEnd
 0001:00024E54       Classes.TReader.ReadPrefix
 0001:00024F80       Classes.TReader.ReadProperty
 0001:0002539C       Classes.TReader.ReadPropValue
 0001:00025768       Classes.TReader.ReadRootComponent
 0001:00025A9C       Classes.TReader.ReadSet
 0001:00025B58       Classes.TReader.ReadSignature
 0001:00024B24       Classes.TReader.ReadSingle
 0001:00025B7C       Classes.TReader.ReadStr
 0001:00025C0C       Classes.TReader.ReadString
 0001:00025E34       Classes.TReader.ReadValue
 0001:00026560       Classes.TReader.ReadVariant
 0001:00024200       Classes.TReader.ReadWideChar
 0001:00025CF4       Classes.TReader.ReadWideString
 0001:0002629C       Classes.TReader.ReferenceName
 0001:000262B4       Classes.TReader.SetName
 0001:00026350       Classes.TReader.SkipBytes
 0001:0002613C       Classes.TReader.SkipComponent
 0001:000260F4       Classes.TReader.SkipProperty
 0001:00025E48       Classes.TReader.SkipSetBody
 0001:00025F44       Classes.TReader.SkipValue
 0001:0001F280       Classes.TRegGroup.AddClass
 0001:0001F28C       Classes.TRegGroup.BestClass
 0001:0001F2EC       Classes.TRegGroup.BestGroup
 0001:0001F35C       Classes.TRegGroup.Create
 0001:0001F3B8       Classes.TRegGroup.Destroy
 0001:0001F3F8       Classes.TRegGroup.GetClass
 0001:0001F448       Classes.TRegGroup.InGroup
 0001:0001F48C       Classes.TRegGroup.RegisterClass
 0001:0001F540       Classes.TRegGroup.Registered
 0001:0001F5A8       Classes.TRegGroup.UnregisterModuleClasses
 0001:0001F6E8       Classes.TRegGroups.Activate
 0001:0001F734       Classes.TRegGroups.Create
 0001:0001F7A8       Classes.TRegGroups.Destroy
 0001:0001F808       Classes.TRegGroups.FindGroup
 0001:0001F84C       Classes.TRegGroups.GetClass
 0001:0001F914       Classes.TRegGroups.GroupWith
 0001:0001F9E8       Classes.TRegGroups.Lock
 0001:0001F9F4       Classes.TRegGroups.RegisterClass
 0001:0001FA0C       Classes.TRegGroups.Registered
 0001:0001FA50       Classes.TRegGroups.StartGroup
 0001:0001FAA0       Classes.TRegGroups.Unlock
 0001:0001FAAC       Classes.TRegGroups.UnregisterModuleClasses
 0001:00023224       Classes.TResourceStream.Create
 0001:00023388       Classes.TResourceStream.Destroy
 0001:0002331C       Classes.TResourceStream.Initialize
 0001:000233B8       Classes.TResourceStream.Write
 0001:00022C1C       Classes.TStream.CopyFrom
 0001:00022958       Classes.TStream.GetPosition
 0001:0002298C       Classes.TStream.GetSize
 0001:00022BAC       Classes.TStream.ReadBuffer
 0001:00022D10       Classes.TStream.ReadComponent
 0001:00022B3C       Classes.TStream.Seek
 0001:00022AB8       Classes.TStream.Seek
 0001:00022978       Classes.TStream.SetPosition
 0001:000229D8       Classes.TStream.SetSize
 0001:000229F0       Classes.TStream.SetSize
 0001:000229DC       Classes.TStream.SetSize64
 0001:00022BE4       Classes.TStream.WriteBuffer
 0001:00028508       Classes.TStreamAdapter.Clone
 0001:0002845C       Classes.TStreamAdapter.Commit
 0001:00028254       Classes.TStreamAdapter.CopyTo
 0001:00028018       Classes.TStreamAdapter.Create
 0001:00028064       Classes.TStreamAdapter.Destroy
 0001:00028474       Classes.TStreamAdapter.LockRegion
 0001:0002809C       Classes.TStreamAdapter.Read
 0001:00028468       Classes.TStreamAdapter.Revert
 0001:0002816C       Classes.TStreamAdapter.Seek
 0001:000281F0       Classes.TStreamAdapter.SetSize
 0001:0002848C       Classes.TStreamAdapter.Stat
 0001:00028480       Classes.TStreamAdapter.UnlockRegion
 0001:00028104       Classes.TStreamAdapter.Write
 0001:0002214C       Classes.TStringList.Add
 0001:0002215C       Classes.TStringList.AddObject
 0001:000221C0       Classes.TStringList.Changed
 0001:000221DC       Classes.TStringList.Changing
 0001:000221F8       Classes.TStringList.Clear
 0001:000227B4       Classes.TStringList.CompareStrings
 0001:00022920       Classes.TStringList.Create
 0001:0002277C       Classes.TStringList.CustomSort
 0001:00022260       Classes.TStringList.Delete
 0001:000220C8       Classes.TStringList.Destroy
 0001:000222E0       Classes.TStringList.Exchange
 0001:0002233C       Classes.TStringList.ExchangeItems
 0001:00022360       Classes.TStringList.Find
 0001:000223E4       Classes.TStringList.Get
 0001:00022418       Classes.TStringList.GetCapacity
 0001:0002241C       Classes.TStringList.GetCount
 0001:00022420       Classes.TStringList.GetObject
 0001:00022448       Classes.TStringList.Grow
 0001:0002247C       Classes.TStringList.IndexOf
 0001:000224B8       Classes.TStringList.Insert
 0001:0002251C       Classes.TStringList.InsertItem
 0001:000224C8       Classes.TStringList.InsertObject
 0001:00022598       Classes.TStringList.Put
 0001:000225F4       Classes.TStringList.PutObject
 0001:00022634       Classes.TStringList.QuickSort
 0001:000226CC       Classes.TStringList.SetCapacity
 0001:0002270C       Classes.TStringList.SetSorted
 0001:0002272C       Classes.TStringList.SetUpdateState
 0001:0002276C       Classes.TStringList.Sort
 0001:00020FA0       Classes.TStrings.Add
 0001:00020FC4       Classes.TStrings.AddObject
 0001:00020FE8       Classes.TStrings.AddStrings
 0001:000210A0       Classes.TStrings.Assign
 0001:0002115C       Classes.TStrings.BeginUpdate
 0001:00021FBC       Classes.TStrings.CompareStrings
 0001:000211CC       Classes.TStrings.DefineProperties
 0001:00020F70       Classes.TStrings.Destroy
 0001:00021224       Classes.TStrings.EndUpdate
 0001:00021238       Classes.TStrings.Equals
 0001:0002131C       Classes.TStrings.Error
 0001:000212E4       Classes.TStrings.Error
 0001:00021374       Classes.TStrings.Exchange
 0001:00021460       Classes.TStrings.GetCapacity
 0001:00021F54       Classes.TStrings.GetLineBreak
 0001:0002208C       Classes.TStrings.GetNameValueSeparator
 0001:00021468       Classes.TStrings.GetObject
 0001:0002146C       Classes.TStrings.GetText
 0001:000214C0       Classes.TStrings.GetTextStr
 0001:00021658       Classes.TStrings.IndexOf
 0001:000216E4       Classes.TStrings.IndexOfName
 0001:000217B8       Classes.TStrings.IndexOfObject
 0001:000217EC       Classes.TStrings.InsertObject
 0001:00021870       Classes.TStrings.LoadFromFile
 0001:0002181C       Classes.TStrings.LoadFromFile
 0001:000218CC       Classes.TStrings.LoadFromStream
 0001:000218D8       Classes.TStrings.LoadFromStream
 0001:000219CC       Classes.TStrings.Move
 0001:00021A7C       Classes.TStrings.Put
 0001:00021AAC       Classes.TStrings.PutObject
 0001:00021AB0       Classes.TStrings.ReadData
 0001:00021B70       Classes.TStrings.SaveToFile
 0001:00021B60       Classes.TStrings.SaveToFile
 0001:00021BE0       Classes.TStrings.SaveToStream
 0001:00021BD0       Classes.TStrings.SaveToStream
 0001:00021C98       Classes.TStrings.SetCapacity
 0001:00021F90       Classes.TStrings.SetLineBreak
 0001:000220A8       Classes.TStrings.SetNameValueSeparator
 0001:00021C9C       Classes.TStrings.SetStringsAdapter
 0001:00021CD0       Classes.TStrings.SetText
 0001:00021D20       Classes.TStrings.SetTextStr
 0001:00021ECC       Classes.TStrings.SetUpdateState
 0001:00021ED0       Classes.TStrings.WriteData
 0001:00027064       Classes.TThread.AfterConstruction
 0001:0002710C       Classes.TThread.CallOnTerminate
 0001:00027078       Classes.TThread.CheckThreadError
 0001:000270F4       Classes.TThread.CheckThreadError
 0001:00026EDC       Classes.TThread.Create
 0001:00026FE4       Classes.TThread.Destroy
 0001:00027120       Classes.TThread.DoTerminate
 0001:00027134       Classes.TThread.RemoveQueuedEvents
 0001:000273F0       Classes.TThread.Resume
 0001:000271F8       Classes.TThread.Synchronize
 0001:000273BC       Classes.TThread.Synchronize
 0001:00027418       Classes.TThread.Terminate
 0001:0002743C       Classes.TThread.WaitFor
 0001:000209B0       Classes.TThreadList.Add
 0001:00020A38       Classes.TThreadList.Clear
 0001:000208E0       Classes.TThreadList.Create
 0001:00020934       Classes.TThreadList.Destroy
 0001:00020A80       Classes.TThreadList.LockList
 0001:00020A94       Classes.TThreadList.Remove
 0001:00020AE4       Classes.TThreadList.UnlockList
 0001:00026780       Classes.TWriter.Write
 0001:000267E4       Classes.TWriter.WriteBoolean
 0001:000267CC       Classes.TWriter.WriteBuffer
 0001:000267F8       Classes.TWriter.WriteInteger
 0001:0002686C       Classes.TWriter.WriteListBegin
 0001:00026874       Classes.TWriter.WriteListEnd
 0001:0002687C       Classes.TWriter.WriteMinStr
 0001:000269D0       Classes.TWriter.WriteString
 0001:00026B08       Classes.TWriter.WriteValue
 0001:0002018C       Classes.UnregisterFindGlobalComponentProc
 0001:0001FE3C       Classes.UnRegisterModuleClasses
 0003:00001354       Classes.UtilWindowClass
 0001:00026BF4       Classes.WaitForSyncEvent
 0003:00001338       Classes.WakeMainThread
 0004:00007310       Clipbrd..3
 0004:0000730E       Clipbrd.CF_COMPONENT
 0004:0000730C       Clipbrd.CF_PICTURE
 0002:0000051C       Clipbrd.Clipbrd
 0004:00007314       Clipbrd.FClipboard
 0001:0003847C       Clipbrd.Finalization
 0004:00007320       ComCtrls..96
 0001:000387D8       ComCtrls..TConversion
 0002:000005E8       ComCtrls.ComCtrls
 0004:00007324       ComCtrls.ConversionFormatList
 0001:000389E4       ComCtrls.Finalization
 0001:00038988       ComCtrls.FreeConversionFormatList
 0004:0000732C       ComCtrls.FRichEditModule
 0003:00001BC8       ComCtrls.RTFConversionFormat
 0004:00007328       ComCtrls.ShellModule
 0001:000388D0       ComCtrls.TConversion.ConvertReadStream
 0001:0003892C       ComCtrls.TConversion.ConvertWriteStream
 0001:00038898       ComCtrls.TConversion.Create
 0003:00001BD0       ComCtrls.TextConversionFormat
 0001:0002A990       CommCtrl.FlatSB_GetScrollInfo
 0001:0002A998       CommCtrl.FlatSB_GetScrollPos
 0001:0002A9A0       CommCtrl.FlatSB_SetScrollInfo
 0001:0002A9A8       CommCtrl.FlatSB_SetScrollPos
 0001:0002A9B0       CommCtrl.FlatSB_SetScrollProp
 0001:0002A908       CommCtrl.ImageList_Add
 0001:0002A930       CommCtrl.ImageList_BeginDrag
 0001:0002A8E8       CommCtrl.ImageList_Create
 0001:0002A8F0       CommCtrl.ImageList_Destroy
 0001:0002A940       CommCtrl.ImageList_DragEnter
 0001:0002A948       CommCtrl.ImageList_DragLeave
 0001:0002A950       CommCtrl.ImageList_DragMove
 0001:0002A958       CommCtrl.ImageList_DragShowNolock
 0001:0002A920       CommCtrl.ImageList_DrawEx
 0001:0002A938       CommCtrl.ImageList_EndDrag
 0001:0002A918       CommCtrl.ImageList_GetBkColor
 0001:0002A960       CommCtrl.ImageList_GetDragImage
 0001:0002A978       CommCtrl.ImageList_GetIconSize
 0001:0002A8F8       CommCtrl.ImageList_GetImageCount
 0001:0002A968       CommCtrl.ImageList_Read
 0001:0002A928       CommCtrl.ImageList_Remove
 0001:0002A910       CommCtrl.ImageList_SetBkColor
 0001:0002A980       CommCtrl.ImageList_SetIconSize
 0001:0002A900       CommCtrl.ImageList_SetImageCount
 0001:0002A970       CommCtrl.ImageList_Write
 0001:0002A9B8       CommCtrl.InitializeFlatSB
 0001:0002A988       CommCtrl._TrackMouseEvent
 0004:00007154       ComObj..41
 0001:000294DC       ComObj..EOleError
 0001:000295B8       ComObj..EOleException
 0001:00029548       ComObj..EOleSysError
 0001:000298CC       ComObj.ClassIDToProgID
 0001:0002A470       ComObj.ClearExcepInfo
 0003:00001384       ComObj.CoAddRefServerProcess
 0003:0000137C       ComObj.CoCreateInstanceEx
 0003:00001394       ComObj.CoInitFlags
 0003:00001380       ComObj.CoInitializeEx
 0004:0000715C       ComObj.ComClassManagerVar
 0002:000002EC       ComObj.ComObj
 0003:00001388       ComObj.CoReleaseServerProcess
 0003:0000138C       ComObj.CoResumeClassObjects
 0003:00001390       ComObj.CoSuspendClassObjects
 0001:000298F8       ComObj.CreateComObject
 0001:00029A24       ComObj.CreateRemoteComObject
 0001:00029E88       ComObj.DispatchInvoke
 0001:0002A464       ComObj.DispatchInvokeError
 0001:0002A480       ComObj.DispCall
 0001:0002A564       ComObj.DispCallByID
 0001:0002A390       ComObj.DispCallError
 0001:000297DC       ComObj.EOleException.Create
 0001:00029708       ComObj.EOleSysError.Create
 0001:0002A6BC       ComObj.Finalization
 0001:0002A1F8       ComObj.GetIDsOfNames
 0001:000298A0       ComObj.GUIDToString
 0001:0002A640       ComObj.InitComObj
 0001:00029C04       ComObj.LoadComExProcs
 0004:00007164       ComObj.NeedToUninitialize
 0001:00029890       ComObj.OleCheck
 0001:00029874       ComObj.OleError
 0004:00007158       ComObj.OleUninitializing
 0001:0002A2DC       ComObj.RaiseException
 0001:0002A1C4       ComObj.RaiseNameException
 0001:00029D88       ComObj.SafeCallError
 0004:00007160       ComObj.SaveInitProc
 0003:00001398       ComObj.ThreadStrs
 0001:000296AC       ComObj.TrimPunctuation
 0001:0002A2F4       ComObj.VarDispInvoke
 0001:0002A73C       Contnrs..TOrderedList
 0001:0002A7B0       Contnrs..TStack
 0001:0002A834       Contnrs.TOrderedList.Create
 0001:0002A878       Contnrs.TOrderedList.Destroy
 0001:0002A8A8       Contnrs.TOrderedList.PeekItem
 0001:0002A81C       Contnrs.TOrderedList.Pop
 0001:0002A8BC       Contnrs.TOrderedList.PopItem
 0001:0002A824       Contnrs.TOrderedList.Push
 0001:0002A8DC       Contnrs.TStack.PushItem
 0004:000073D0       Controls..73
 0001:000549FC       Controls..TBaseDragControlObject
 0001:00055DAC       Controls..TControl
 0001:00054F20       Controls..TControlActionLink
 0001:00054D80       Controls..TControlCanvas
 0001:00056940       Controls..TCustomControl
 0001:00054E2C       Controls..TCustomControlAction
 0001:00057460       Controls..TCustomHint
 0001:000573E4       Controls..TCustomHintShowHideThread
 0001:00057234       Controls..TCustomHintWindow
 0001:000570E0       Controls..TDockTree
 0001:00056F88       Controls..TDockZone
 0001:00054ACC       Controls..TDragControlObject
 0001:00054B64       Controls..TDragControlObjectEx
 0001:00054C00       Controls..TDragDockObject
 0001:00054CD4       Controls..TDragDockObjectEx
 0001:00056C5C       Controls..TDragImageList
 0001:0005494C       Controls..TDragObject
 0001:00056ABC       Controls..THintWindow
 0001:00056D34       Controls..TImageList
 0001:00055370       Controls..TMargins
 0001:00057190       Controls..TMouse
 0001:00055494       Controls..TPadding
 0001:00057BE8       Controls..TSiteList
 0001:00055218       Controls..TSizeConstraints
 0001:00056514       Controls..TWinControl
 0001:00056278       Controls..TWinControlActionLink
 0001:00058268       Controls.AbsMin
 0004:00007404       Controls.ActiveDrag
 0001:0005E90C       Controls.AlignNestedControls
 0001:0005E8B8       Controls.AlignWork
 0003:00001F78       Controls.AnchorAlign
 0003:00001F6C       Controls.AnimateWindowProc
 0003:00002074       Controls.AnimationStyle
 0001:0005B2BC       Controls.BackgroundClipped
 0001:000685EC       Controls.CalcSplitterPos
 0001:000592F8       Controls.CancelDrag
 0004:00007418       Controls.CanvasList
 0003:00002030       Controls.CaptureControl
 0001:00058F60       Controls.CheckUndock
 0001:0006531C       Controls.ClientToWindow
 0004:000073D6       Controls.ControlAtom
 0004:000073DC       Controls.ControlAtomString
 0002:0000078C       Controls.Controls
 0003:00001F74       Controls.CreationControl
 0003:0000206C       Controls.Ctl3DStyles
 0003:00001F80       Controls.Cursors
 0001:00057A7C       Controls.CursorToIdent
 0003:00001F70       Controls.DefaultDockTreeClass
 0001:0005FC0C       Controls.DestroyChildWindow
 0001:0005EB84       Controls.DoAdjustSize
 0001:0005E72C       Controls.DoAlign
 0001:00063CC0       Controls.DoCalcConstraints
 0004:0000740C       Controls.DockSiteList
 0001:00060AE0       Controls.DoControlMsg
 0001:00058868       Controls.DoDragOver
 0001:0006600C       Controls.DoFindControlZone
 0001:00066734       Controls.DoFindZone
 0001:00066090       Controls.DoForEach
 0001:00067DB8       Controls.DoGetNextLimit
 0001:00068EE4       Controls.DoneControls
 0001:0005E6E4       Controls.DoPosition
 0001:00067254       Controls.DoPrune
 0001:0006779C       Controls.DoSaveZone
 0001:00067AA0       Controls.DoSetNewBounds
 0001:0005F8A0       Controls.DoWriteDesignSize
 0001:0005C694       Controls.DoWriteExplicit
 0001:0005C660       Controls.DoWriteIsControl
 0004:000073F0       Controls.DragCapture
 0004:000073E4       Controls.DragControl
 0001:00058FD4       Controls.DragDone
 0001:00058818       Controls.DragFindTarget
 0001:000587EC       Controls.DragFindWindow
 0004:00007408       Controls.DragImageList
 0001:00058C2C       Controls.DragInit
 0001:00058D9C       Controls.DragInitControl
 0004:000073EC       Controls.DragInternalObject
 0001:00058734       Controls.DragMessage
 0004:000073E8       Controls.DragObject
 0004:00007414       Controls.DragSave
 0004:000073FC       Controls.DragSaveCursor
 0004:000073F4       Controls.DragStartPos
 0004:00007400       Controls.DragThreshold
 0001:00058944       Controls.DragTo
 0001:00066CD8       Controls.DrawCloseButton
 0001:00066D6C       Controls.DrawGrabberLine
 0001:00066DF4       Controls.DrawThemedGrabber
 0001:00060F90       Controls.DrawThemeEdge
 0003:0000205C       Controls.EdgeStyles
 0001:0006A4E0       Controls.Finalization
 0001:0005770C       Controls.FindControl
 0001:00059344       Controls.FindDragTarget
 0001:00059310       Controls.FindVCLWindow
 0004:0000741C       Controls.FlagControl
 0001:00059408       Controls.FreeDeviceContext
 0001:000594C4       Controls.FreeDeviceContexts
 0001:00057B7C       Controls.GetCaptureControl
 0001:0005E554       Controls.GetClientSize
 0001:00060118       Controls.GetControlAtPos
 0001:00067E98       Controls.GetDockAlign
 0001:0005858C       Controls.GetDockSiteAtPos
 0001:000588A4       Controls.GetDropCtl
 0001:00065D38       Controls.GetLastChildZone
 0001:00057AE4       Controls.GetLongHint
 0001:00057A9C       Controls.GetShortHint
 0001:00057C94       Controls.GetTopParent
 0001:00067F14       Controls.HideZone
 0001:00057A8C       Controls.IdentToCursor
 0003:0000209C       Controls.IMM32DLL
 0001:00068ED0       Controls.Imm32IsIME
 0001:00068F84       Controls.InitControls
 0001:00068A9C       Controls.InitIMM32
 0001:000575C8       Controls.InitWndProc
 0003:0000203C       Controls.InnerStyles
 0001:0005E5B4       Controls.InsertBefore
 0001:0005834C       Controls.IsBeforeTargetWindow
 0001:0005878C       Controls.IsDelphiHandle
 0001:00065750       Controls.IsOrientationSet
 0001:00058548       Controls.IsSiteChildOfClient
 0001:00057768       Controls.IsVCLControl
 0004:000073C4       Controls.IsVCLControlHook
 0001:00069F74       Controls.LatestHintWindow
 0001:00059390       Controls.ListAdd
 0001:000593B8       Controls.ListRemove
 0003:00002088       Controls.MakeLast
 0001:0005D7E8       Controls.MinVar
 0003:000020A0       Controls.ModeMap
 0004:000073C0       Controls.Mouse
 0001:000593D8       Controls.MoveWindowOrg
 0004:000073CC       Controls.NewStyleControls
 0001:00065734       Controls.NextVisibleZone
 0001:000576D8       Controls.ObjectFromHWnd
 0003:00002080       Controls.OrientArray
 0003:0000204C       Controls.OuterStyles
 0001:00065B60       Controls.ParentNotLast
 0001:00057B2C       Controls.PerformEraseBackground
 0001:0005F88C       Controls.PointsEqual
 0004:00007410       Controls.QualifyingSites
 0001:000668D0       Controls.ReadControlName
 0001:000586D8       Controls.RegisterDockSite
 0004:000073E0       Controls.RM_GetObjectInstance
 0001:00057798       Controls.SendAppMessage
 0001:00057BA4       Controls.SetCaptureControl
 0001:00068DF8       Controls.SetImeMode
 0001:0005D164       Controls.SetParentColor
 0003:00002034       Controls.ShowFlags
 0001:00067F94       Controls.ShowZone
 0003:00002094       Controls.SizeCursors
 0001:00058068       Controls.TBaseDragControlObject.Assign
 0001:0005802C       Controls.TBaseDragControlObject.Create
 0001:00058094       Controls.TBaseDragControlObject.EndDrag
 0001:000580B8       Controls.TBaseDragControlObject.Finished
 0001:0005D558       Controls.TControl.ActionChange
 0001:0005D908       Controls.TControl.AdjustSize
 0001:0005D73C       Controls.TControl.AssignTo
 0001:0005B600       Controls.TControl.BeginAutoDrag
 0001:0005B61C       Controls.TControl.BeginDrag
 0001:0005B11C       Controls.TControl.BringToFront
 0001:0005C07C       Controls.TControl.CalcCursorPos
 0001:0005C220       Controls.TControl.CalcDockSizes
 0001:0005BF7C       Controls.TControl.CanAutoSize
 0001:0005BF80       Controls.TControl.CanResize
 0001:0005AAD0       Controls.TControl.ChangeScale
 0001:0005CCA8       Controls.TControl.CheckNewSize
 0001:0005CA94       Controls.TControl.Click
 0001:0005DB04       Controls.TControl.ClientToParent
 0001:0005A8D4       Controls.TControl.ClientToScreen
 0001:0005D26C       Controls.TControl.CMBiDiModeChanged
 0001:0005D158       Controls.TControl.CMColorChanged
 0001:0005D3E4       Controls.TControl.CMDesignHitTest
 0001:0005D140       Controls.TControl.CMEnabledChanged
 0001:0005D4F8       Controls.TControl.CMFloat
 0001:0005D14C       Controls.TControl.CMFontChanged
 0001:0005D954       Controls.TControl.CMHintShow
 0001:0005D314       Controls.TControl.CMHitTest
 0001:0005DC14       Controls.TControl.CMMouseActivate
 0001:0005D31C       Controls.TControl.CMMouseEnter
 0001:0005D380       Controls.TControl.CMMouseLeave
 0001:0005D1FC       Controls.TControl.CMMouseWheel
 0001:0005D1D8       Controls.TControl.CMParentBiDiModeChanged
 0001:0005D19C       Controls.TControl.CMParentColorChanged
 0001:0005D2C4       Controls.TControl.CMParentFontChanged
 0001:0005D288       Controls.TControl.CMParentShowHintChanged
 0001:0005D2F4       Controls.TControl.CMSysFontChanged
 0001:0005D118       Controls.TControl.CMVisibleChanged
 0001:0005C04C       Controls.TControl.ConstrainedResize
 0001:00059C44       Controls.TControl.Create
 0001:0005D3EC       Controls.TControl.CreateFloatingDockSite
 0001:0005CB0C       Controls.TControl.DblClick
 0001:0005BAA8       Controls.TControl.DefaultDockImage
 0001:0005C5AC       Controls.TControl.DefaultHandler
 0001:0005C8B4       Controls.TControl.DefineProperties
 0001:0005C0A8       Controls.TControl.DesignWndProc
 0001:00059D54       Controls.TControl.Destroy
 0001:0005D658       Controls.TControl.DoActionChange
 0001:0005BFB0       Controls.TControl.DoCanAutoSize
 0001:0005C01C       Controls.TControl.DoCanResize
 0001:0005A5A8       Controls.TControl.Dock
 0001:0005B894       Controls.TControl.DockTrackNoTarget
 0001:0005C0DC       Controls.TControl.DoConstrainedResize
 0001:0005BF70       Controls.TControl.DoConstraintsChange
 0001:0005DAC4       Controls.TControl.DoContextPopup
 0001:0005A6D4       Controls.TControl.DoDock
 0001:0005BBF4       Controls.TControl.DoDragMsg
 0001:0005B8AC       Controls.TControl.DoEndDock
 0001:0005B794       Controls.TControl.DoEndDrag
 0001:0005DC38       Controls.TControl.DoMarginChange
 0001:0005B908       Controls.TControl.DoMouseActivate
 0001:0005CB64       Controls.TControl.DoMouseDown
 0001:0005CED8       Controls.TControl.DoMouseUp
 0001:0005B93C       Controls.TControl.DoMouseWheel
 0001:0005BA10       Controls.TControl.DoMouseWheelDown
 0001:0005BA5C       Controls.TControl.DoMouseWheelUp
 0001:0005B8D8       Controls.TControl.DoStartDock
 0001:0005B774       Controls.TControl.DoStartDrag
 0001:0005B6FC       Controls.TControl.DragCanceled
 0001:0005B748       Controls.TControl.DragDrop
 0001:0005B700       Controls.TControl.Dragging
 0001:0005B70C       Controls.TControl.DragOver
 0001:0005BBD4       Controls.TControl.DrawDragDockImage
 0001:0005D928       Controls.TControl.DrawTextBiDiModeFlagsReadingOnly
 0001:0005BBE4       Controls.TControl.EraseDragDockImage
 0001:0005AF58       Controls.TControl.FontChanged
 0001:00059EE4       Controls.TControl.GetAction
 0001:0005D67C       Controls.TControl.GetActionLinkClass
 0001:0005DC4C       Controls.TControl.GetAlignWithMargins
 0001:0005A764       Controls.TControl.GetBoundsRect
 0001:0005A804       Controls.TControl.GetClientHeight
 0001:0005A844       Controls.TControl.GetClientOrigin
 0001:0005A7A8       Controls.TControl.GetClientRect
 0001:0005A7C0       Controls.TControl.GetClientWidth
 0001:0005B5B0       Controls.TControl.GetControlsAlignment
 0001:0005C1F8       Controls.TControl.GetCustomHint
 0001:0005B214       Controls.TControl.GetDeviceContext
 0001:0005D824       Controls.TControl.GetDockEdge
 0001:00059E28       Controls.TControl.GetDragImages
 0001:0005A074       Controls.TControl.GetDragMode
 0001:00059E2C       Controls.TControl.GetEnabled
 0001:0005D8D4       Controls.TControl.GetFloating
 0001:0005D900       Controls.TControl.GetFloatingDockSiteClass
 0001:0005B0E4       Controls.TControl.GetMouseCapture
 0001:00059E34       Controls.TControl.GetPalette
 0001:00059E40       Controls.TControl.GetParentComponent
 0001:0005CCA4       Controls.TControl.GetPopupMenu
 0001:0005AEA0       Controls.TControl.GetText
 0001:0005AE48       Controls.TControl.GetTextBuf
 0001:0005AE38       Controls.TControl.GetTextLen
 0001:0005AE54       Controls.TControl.GetUndockHeight
 0001:0005AE68       Controls.TControl.GetUndockWidth
 0001:00059E38       Controls.TControl.HasParent
 0001:0005D944       Controls.TControl.InitiateAction
 0001:0005B3D8       Controls.TControl.Invalidate
 0001:0005B344       Controls.TControl.InvalidateControl
 0001:0005A010       Controls.TControl.IsAnchorsStored
 0001:0005AFCC       Controls.TControl.IsBiDiModeStored
 0001:0005B078       Controls.TControl.IsColorStored
 0001:0005D684       Controls.TControl.IsEnabledStored
 0001:0005AFAC       Controls.TControl.IsFontStored
 0001:0005D6C4       Controls.TControl.IsHelpContextStored
 0001:0005D6A4       Controls.TControl.IsHintStored
 0001:0005AFC0       Controls.TControl.IsShowHintStored
 0001:0005D6E4       Controls.TControl.IsVisibleStored
 0001:0005D704       Controls.TControl.Loaded
 0001:0005BCE4       Controls.TControl.ManualDock
 0001:0005BED0       Controls.TControl.ManualFloat
 0001:0005B3EC       Controls.TControl.MouseActivate
 0001:0005CB2C       Controls.TControl.MouseDown
 0001:0005CDF4       Controls.TControl.MouseMove
 0001:0005CEA0       Controls.TControl.MouseUp
 0001:0005B434       Controls.TControl.MouseWheelHandler
 0001:0005A140       Controls.TControl.Notification
 0001:00059E6C       Controls.TControl.PaletteChanged
 0001:0005C1B0       Controls.TControl.Perform
 0001:0005C1E4       Controls.TControl.Perform
 0001:0005B7C0       Controls.TControl.PositionDockRect
 0001:0005DD28       Controls.TControl.ReadExplicitHeight
 0001:0005DD40       Controls.TControl.ReadExplicitLeft
 0001:0005DD10       Controls.TControl.ReadExplicitTop
 0001:0005DCE8       Controls.TControl.ReadExplicitWidth
 0001:0005C640       Controls.TControl.ReadIsControl
 0001:0005A09C       Controls.TControl.ReadState
 0001:0005B4B4       Controls.TControl.Repaint
 0001:0005A064       Controls.TControl.RequestAlign
 0001:0005A07C       Controls.TControl.Resize
 0001:0005A900       Controls.TControl.ScaleConstraints
 0001:0005A984       Controls.TControl.ScaleMargins
 0001:0005AA08       Controls.TControl.ScreenToClient
 0001:0005AA34       Controls.TControl.SendCancelMode
 0001:0005AA64       Controls.TControl.SendDockNotification
 0001:00059F94       Controls.TControl.SetAction
 0001:0005A1A8       Controls.TControl.SetAlign
 0001:0005DC54       Controls.TControl.SetAlignWithMargins
 0001:00059EF4       Controls.TControl.SetAnchors
 0001:0005AC98       Controls.TControl.SetAutoSize
 0001:0005AF3C       Controls.TControl.SetBiDiMode
 0001:0005A290       Controls.TControl.SetBounds
 0001:0005A784       Controls.TControl.SetBoundsRect
 0001:0005A81C       Controls.TControl.SetClientHeight
 0001:0005AD54       Controls.TControl.SetClientSize
 0001:0005A7D8       Controls.TControl.SetClientWidth
 0001:0005B02C       Controls.TControl.SetColor
 0001:0005DAF8       Controls.TControl.SetConstraints
 0001:0005B0C8       Controls.TControl.SetCursor
 0001:0005B1DC       Controls.TControl.SetCustomHint
 0001:0005A028       Controls.TControl.SetDesignVisible
 0001:0005A060       Controls.TControl.SetDragMode
 0001:0005AE20       Controls.TControl.SetEnabled
 0001:0005AF9C       Controls.TControl.SetFont
 0001:0005A574       Controls.TControl.SetHeight
 0001:0005A72C       Controls.TControl.SetHelpContext
 0001:0005A740       Controls.TControl.SetHelpKeyword
 0001:0005A4D8       Controls.TControl.SetLeft
 0001:0005DC40       Controls.TControl.SetMargins
 0001:0005B0F4       Controls.TControl.SetMouseCapture
 0001:0005ACB0       Controls.TControl.SetName
 0001:0005AD9C       Controls.TControl.SetParent
 0001:0005B0A4       Controls.TControl.SetParentBiDiMode
 0001:0005B080       Controls.TControl.SetParentColor
 0001:00059E44       Controls.TControl.SetParentComponent
 0001:0005B01C       Controls.TControl.SetParentCustomHint
 0001:0005AFD4       Controls.TControl.SetParentFont
 0001:0005AE7C       Controls.TControl.SetPopupMenu
 0001:0005AFF8       Controls.TControl.SetShowHint
 0001:0005AED8       Controls.TControl.SetText
 0001:0005A330       Controls.TControl.SetTextBuf
 0001:0005A50C       Controls.TControl.SetTop
 0001:0005ADE8       Controls.TControl.SetVisible
 0001:0005A540       Controls.TControl.SetWidth
 0001:0005B1B8       Controls.TControl.SetZOrder
 0001:0005B130       Controls.TControl.SetZOrderPosition
 0001:0005B49C       Controls.TControl.Update
 0001:0005A354       Controls.TControl.UpdateAnchorRules
 0001:0005C294       Controls.TControl.UpdateBoundsRect
 0001:0005DC84       Controls.TControl.UpdateExplicitBounds
 0001:0005B5CC       Controls.TControl.UseRightToLeftAlignment
 0001:0005B5B4       Controls.TControl.UseRightToLeftReading
 0001:0005B5E4       Controls.TControl.UseRightToLeftScrollBar
 0001:0005C2C4       Controls.TControl.VisibleChanging
 0001:0005D028       Controls.TControl.WMCancelMode
 0001:0005D984       Controls.TControl.WMContextMenu
 0001:0005CC50       Controls.TControl.WMLButtonDblClk
 0001:0005CBE8       Controls.TControl.WMLButtonDown
 0001:0005CF10       Controls.TControl.WMLButtonUp
 0001:0005CDC8       Controls.TControl.WMMButtonDblClk
 0001:0005CD9C       Controls.TControl.WMMButtonDown
 0001:0005CFB0       Controls.TControl.WMMButtonUp
 0001:0005CE28       Controls.TControl.WMMouseMove
 0001:0005CFD0       Controls.TControl.WMMouseWheel
 0001:0005CC34       Controls.TControl.WMNCLButtonDown
 0001:0005CD70       Controls.TControl.WMRButtonDblClk
 0001:0005CD44       Controls.TControl.WMRButtonDown
 0001:0005CF90       Controls.TControl.WMRButtonUp
 0001:0005D068       Controls.TControl.WMWindowPosChanged
 0001:0005C2C8       Controls.TControl.WndProc
 0001:0005DCC8       Controls.TControl.WriteExplicitHeight
 0001:0005DCD8       Controls.TControl.WriteExplicitLeft
 0001:0005DCB8       Controls.TControl.WriteExplicitTop
 0001:0005DD00       Controls.TControl.WriteExplicitWidth
 0001:0005C654       Controls.TControl.WriteIsControl
 0001:000597E0       Controls.TControlActionLink.AssignClient
 0001:000597FC       Controls.TControlActionLink.DoShowHint
 0001:000598F8       Controls.TControlActionLink.IsCaptionLinked
 0001:0005996C       Controls.TControlActionLink.IsDropdownMenuLinked
 0001:00059980       Controls.TControlActionLink.IsEnabledLinked
 0001:000599B4       Controls.TControlActionLink.IsEnableDropdownLinked
 0001:00059B58       Controls.TControlActionLink.IsHelpLinked
 0001:000599C8       Controls.TControlActionLink.IsHintLinked
 0001:00059A74       Controls.TControlActionLink.IsOnExecuteLinked
 0001:00059A00       Controls.TControlActionLink.IsPopupMenuLinked
 0001:00059A40       Controls.TControlActionLink.IsVisibleLinked
 0001:00059A9C       Controls.TControlActionLink.SetCaption
 0001:00059ABC       Controls.TControlActionLink.SetDropdownMenu
 0001:00059AC0       Controls.TControlActionLink.SetEnabled
 0001:00059AE4       Controls.TControlActionLink.SetEnableDropdown
 0001:00059BE0       Controls.TControlActionLink.SetHelpContext
 0001:00059BC0       Controls.TControlActionLink.SetHelpKeyword
 0001:00059C00       Controls.TControlActionLink.SetHelpType
 0001:00059AE8       Controls.TControlActionLink.SetHint
 0001:00059B2C       Controls.TControlActionLink.SetOnExecute
 0001:00059C20       Controls.TControlActionLink.SetPopupMenu
 0001:00059B0C       Controls.TControlActionLink.SetVisible
 0001:0005959C       Controls.TControlCanvas.CreateHandle
 0001:00059570       Controls.TControlCanvas.Destroy
 0001:00059644       Controls.TControlCanvas.FreeHandle
 0001:00059678       Controls.TControlCanvas.SetControl
 0001:00059690       Controls.TControlCanvas.UpdateTextFlags
 0001:000655D8       Controls.TCustomControl.Create
 0001:00065634       Controls.TCustomControl.Destroy
 0001:00065730       Controls.TCustomControl.Paint
 0001:00065684       Controls.TCustomControl.PaintWindow
 0001:00065664       Controls.TCustomControl.WMPaint
 0001:00069918       Controls.TCustomHint.Create
 0001:00069968       Controls.TCustomHint.Destroy
 0001:000699C0       Controls.TCustomHint.HideHint
 0001:000699B4       Controls.TCustomHint.HideHint
 0001:000699C8       Controls.TCustomHint.NCPaintHint
 0001:000699CC       Controls.TCustomHint.Notification
 0001:000699F8       Controls.TCustomHint.PaintHint
 0001:000697D8       Controls.TCustomHint.SetHintSize
 0001:00069900       Controls.TCustomHint.SetImages
 0001:00069C38       Controls.TCustomHint.ShowAnotherHint
 0001:00069DF4       Controls.TCustomHint.ShowHint
 0001:00069D5C       Controls.TCustomHint.ShowHint
 0001:00069C40       Controls.TCustomHint.ShowHint
 0001:00069E30       Controls.TCustomHintShowHideThread.Create
 0001:00069EB4       Controls.TCustomHintShowHideThread.Destroy
 0001:0006A07C       Controls.TCustomHintShowHideThread.Execute
 0001:0006A4C8       Controls.TCustomHintShowHideThread.QueHintWindow
 0001:0006A4D4       Controls.TCustomHintShowHideThread.ResumeWork
 0001:0006956C       Controls.TCustomHintWindow.AutoSize
 0001:0006957C       Controls.TCustomHintWindow.CMTextChanged
 0001:00069584       Controls.TCustomHintWindow.Create
 0001:00069608       Controls.TCustomHintWindow.CreateParams
 0001:00069624       Controls.TCustomHintWindow.CreateWnd
 0001:0006967C       Controls.TCustomHintWindow.NCPaint
 0001:00069694       Controls.TCustomHintWindow.Paint
 0001:000696A4       Controls.TCustomHintWindow.PositionAt
 0001:00069748       Controls.TCustomHintWindow.WMNCHitTest
 0001:00069750       Controls.TCustomHintWindow.WMNCPaint
 0001:000697B4       Controls.TCustomHintWindow.WMPrint
 0001:000683EC       Controls.TDockTree.ActualSize
 0001:00065FDC       Controls.TDockTree.AdjustDockRect
 0001:00068480       Controls.TDockTree.AdjustFrameRect
 0001:00065FF4       Controls.TDockTree.BeginUpdate
 0001:000680CC       Controls.TDockTree.ControlVisibilityChanged
 0001:00065E1C       Controls.TDockTree.Create
 0001:00065F84       Controls.TDockTree.Destroy
 0001:00067CCC       Controls.TDockTree.DrawSizeSplitter
 0001:00065FF8       Controls.TDockTree.EndUpdate
 0001:000666AC       Controls.TDockTree.FindControlAtPos
 0001:00066064       Controls.TDockTree.FindControlZone
 0001:000660CC       Controls.TDockTree.ForEachAt
 0001:000660E4       Controls.TDockTree.GetControlBounds
 0001:00067E48       Controls.TDockTree.GetNextLimit
 0001:0006615C       Controls.TDockTree.HitTest
 0001:0006616C       Controls.TDockTree.InsertControl
 0001:00066388       Controls.TDockTree.InsertNewParent
 0001:00066530       Controls.TDockTree.InsertSibling
 0001:00066848       Controls.TDockTree.InternalHitTest
 0001:00066984       Controls.TDockTree.LoadFromStream
 0001:000684C0       Controls.TDockTree.MouseDown
 0001:0006867C       Controls.TDockTree.MouseMove
 0001:000686CC       Controls.TDockTree.MouseUp
 0001:00066E50       Controls.TDockTree.PaintDockFrame
 0001:00066FA4       Controls.TDockTree.PaintSite
 0001:000670D8       Controls.TDockTree.PositionDockRect
 0001:00067288       Controls.TDockTree.PruneZone
 0001:00068454       Controls.TDockTree.ReferenceFromOrient
 0001:0006841C       Controls.TDockTree.RelativeSize
 0001:000672E4       Controls.TDockTree.RemoveControl
 0001:00067324       Controls.TDockTree.RemoveZone
 0001:000675C4       Controls.TDockTree.ResetBounds
 0001:000678B0       Controls.TDockTree.SaveToStream
 0001:000676A8       Controls.TDockTree.ScaleZone
 0001:00067B28       Controls.TDockTree.SetNewBounds
 0001:00067B58       Controls.TDockTree.SetReplacingControl
 0001:00067B70       Controls.TDockTree.ShiftZone
 0001:00068740       Controls.TDockTree.ShowHint
 0001:00067BA4       Controls.TDockTree.SplitterMouseDown
 0001:00067C04       Controls.TDockTree.SplitterMouseUp
 0001:00067C80       Controls.TDockTree.UpdateAll
 0001:00067CA8       Controls.TDockTree.UpdateZone
 0001:00067CB8       Controls.TDockTree.WindowProc
 0001:00068154       Controls.TDockTree.WndProc
 0001:000665A8       Controls.TDockTree.ZoneCaptionHitTest
 0001:00065774       Controls.TDockZone.Create
 0001:00065D48       Controls.TDockZone.ExpandZoneLimit
 0001:00065E10       Controls.TDockZone.FirstVisibleChild
 0001:000657B0       Controls.TDockZone.GetChildCount
 0001:00065A94       Controls.TDockZone.GetControlName
 0001:00065934       Controls.TDockZone.GetHeightWidth
 0001:00065820       Controls.TDockZone.GetLimitBegin
 0001:00065868       Controls.TDockZone.GetLimitSize
 0001:000658B0       Controls.TDockZone.GetTopLeft
 0001:000657E8       Controls.TDockZone.GetVisible
 0001:000657C4       Controls.TDockZone.GetVisibleChildCount
 0001:00065D0C       Controls.TDockZone.GetZoneLimit
 0001:00065DE8       Controls.TDockZone.NextVisible
 0001:00065DF4       Controls.TDockZone.PrevVisible
 0001:000659EC       Controls.TDockZone.ResetChildren
 0001:00065D88       Controls.TDockZone.ResetZoneLimits
 0001:00065ADC       Controls.TDockZone.SetControlName
 0001:00065D34       Controls.TDockZone.SetZoneLimit
 0001:00065B90       Controls.TDockZone.Update
 0001:000580EC       Controls.TDragControlObject.GetDragCursor
 0001:00058104       Controls.TDragControlObject.GetDragImages
 0001:00058110       Controls.TDragControlObject.HideDragImage
 0001:00058130       Controls.TDragControlObject.ShowDragImage
 0001:00058150       Controls.TDragControlObjectEx.BeforeDestruction
 0001:0005828C       Controls.TDragDockObject.AdjustDockRect
 0001:000581EC       Controls.TDragDockObject.Assign
 0001:00058154       Controls.TDragDockObject.Create
 0001:000581BC       Controls.TDragDockObject.Destroy
 0001:00058308       Controls.TDragDockObject.DrawDragDockImage
 0001:0005824C       Controls.TDragDockObject.EndDrag
 0001:0005831C       Controls.TDragDockObject.EraseDragDockImage
 0001:00058330       Controls.TDragDockObject.GetDragCursor
 0001:0005833C       Controls.TDragDockObject.GetEraseWhenMoving
 0001:00058340       Controls.TDragDockObject.GetFrameWidth
 0001:00058348       Controls.TDragDockObjectEx.BeforeDestruction
 0001:00065410       Controls.TDragImageList.BeginDrag
 0001:00065488       Controls.TDragImageList.DragLock
 0001:00065510       Controls.TDragImageList.DragMove
 0001:000654EC       Controls.TDragImageList.DragUnlock
 0001:00065584       Controls.TDragImageList.EndDrag
 0001:000653E4       Controls.TDragImageList.GetHotSpot
 0001:0006556C       Controls.TDragImageList.HideDragImage
 0001:0006535C       Controls.TDragImageList.Initialize
 0001:000653C0       Controls.TDragImageList.SetDragCursor
 0001:00065374       Controls.TDragImageList.SetDragImage
 0001:00065554       Controls.TDragImageList.ShowDragImage
 0001:0005801C       Controls.TDragObject.AfterConstruction
 0001:00057DDC       Controls.TDragObject.Assign
 0001:0005800C       Controls.TDragObject.BeforeDestruction
 0001:00057E1C       Controls.TDragObject.Capture
 0001:00057E34       Controls.TDragObject.Finished
 0001:00057F98       Controls.TDragObject.GetDragCursor
 0001:00057F94       Controls.TDragObject.GetDragImages
 0001:00057E3C       Controls.TDragObject.GetName
 0001:00057FB0       Controls.TDragObject.HideDragImage
 0001:00057FB4       Controls.TDragObject.Instance
 0001:00057FC0       Controls.TDragObject.MainWndProc
 0001:00057E50       Controls.TDragObject.ReleaseCapture
 0001:00057FBC       Controls.TDragObject.ShowDragImage
 0001:00057E64       Controls.TDragObject.WndProc
 0001:00064F3C       Controls.THintWindow.ActivateHint
 0001:00065204       Controls.THintWindow.ActivateHintData
 0001:0006522C       Controls.THintWindow.CalcHintRect
 0001:00064EA4       Controls.THintWindow.CMTextChanged
 0001:00064BD4       Controls.THintWindow.Create
 0001:00064C3C       Controls.THintWindow.CreateParams
 0001:00064E30       Controls.THintWindow.IsHintMsg
 0001:0006528C       Controls.THintWindow.NCPaint
 0001:00064D0C       Controls.THintWindow.Paint
 0001:00064E94       Controls.THintWindow.ReleaseHandle
 0001:00065318       Controls.THintWindow.ShouldHideHint
 0001:00064CA0       Controls.THintWindow.WMNCHitTest
 0001:00064CA8       Controls.THintWindow.WMNCPaint
 0001:000652F4       Controls.THintWindow.WMPrint
 0001:000691E4       Controls.TMargins.AssignTo
 0001:0006922C       Controls.TMargins.Change
 0001:000691A0       Controls.TMargins.Create
 0001:000693A4       Controls.TMargins.GetControlBound
 0001:00069240       Controls.TMargins.InitDefaults
 0001:000692B8       Controls.TMargins.SetControlBounds
 0001:00069260       Controls.TMargins.SetMargin
 0001:00068834       Controls.TMouse.Create
 0001:000688C4       Controls.TMouse.CreatePanningWindow
 0001:000688F0       Controls.TMouse.Destroy
 0001:00068920       Controls.TMouse.GetCapture
 0001:00068928       Controls.TMouse.GetCursorPos
 0001:00068944       Controls.TMouse.GetIsDragging
 0001:00068950       Controls.TMouse.GetIsPanning
 0001:00068974       Controls.TMouse.GetMouseData
 0001:00068990       Controls.TMouse.GetNativeData
 0001:000689C0       Controls.TMouse.GetRegisteredData
 0001:000689E8       Controls.TMouse.SetCapture
 0001:00068A10       Controls.TMouse.SetPanningWindow
 0001:00068A38       Controls.TMouse.SettingChanged
 0001:00069568       Controls.TPadding.InitDefaults
 0001:00062594       Controls.TraverseControls
 0003:00002090       Controls.TreeStreamEndFlag
 0001:00057CC0       Controls.TSiteList.AddSite
 0001:00057D44       Controls.TSiteList.Clear
 0001:00057C5C       Controls.TSiteList.Find
 0001:00057D78       Controls.TSiteList.GetTopSite
 0001:000596F8       Controls.TSizeConstraints.AssignTo
 0001:000597CC       Controls.TSizeConstraints.Change
 0001:000596BC       Controls.TSizeConstraints.Create
 0001:00059740       Controls.TSizeConstraints.SetConstraints
 0001:0006424C       Controls.TWinControl.ActionChange
 0001:0005F458       Controls.TWinControl.AddBiDiModeExStyle
 0001:0005E114       Controls.TWinControl.AdjustClientRect
 0001:000637E8       Controls.TWinControl.AdjustSize
 0001:0005EE10       Controls.TWinControl.AlignControl
 0001:0005EC50       Controls.TWinControl.AlignControls
 0001:0005E144       Controls.TWinControl.ArrangeControl
 0001:00064294       Controls.TWinControl.AssignTo
 0001:0005F3C0       Controls.TWinControl.Broadcast
 0001:00063D84       Controls.TWinControl.CalcConstraints
 0001:000642C4       Controls.TWinControl.CanAutoSize
 0001:000635A4       Controls.TWinControl.CanFocus
 0001:00063CB8       Controls.TWinControl.CanResize
 0001:0006315C       Controls.TWinControl.ChangeScale
 0001:000628C4       Controls.TWinControl.CMBiDiModeChanged
 0001:00062B54       Controls.TWinControl.CMBorderChanged
 0001:000629D0       Controls.TWinControl.CMChanged
 0001:000629E4       Controls.TWinControl.CMChildKey
 0001:00062AB0       Controls.TWinControl.CMColorChanged
 0001:00062CC0       Controls.TWinControl.CMControlListChange
 0001:00062CD4       Controls.TWinControl.CMControlListChanging
 0001:00062B94       Controls.TWinControl.CMCtl3DChanged
 0001:00062B14       Controls.TWinControl.CMCursorChanged
 0001:000629B0       Controls.TWinControl.CMDesignHitTest
 0001:00062A00       Controls.TWinControl.CMDialogChar
 0001:000629F8       Controls.TWinControl.CMDialogKey
 0001:0006212C       Controls.TWinControl.CMDockClient
 0001:000628FC       Controls.TWinControl.CMDoubleBufferedChanged
 0001:00062C60       Controls.TWinControl.CMDrag
 0001:00062A68       Controls.TWinControl.CMEnabledChanged
 0001:00062920       Controls.TWinControl.CMEnter
 0001:000629A4       Controls.TWinControl.CMExit
 0001:00062244       Controls.TWinControl.CMFloat
 0001:00062A08       Controls.TWinControl.CMFocusChanged
 0001:00062C50       Controls.TWinControl.CMFontChange
 0001:00062AD8       Controls.TWinControl.CMFontChanged
 0001:000634A0       Controls.TWinControl.CMInvalidate
 0001:00062BD4       Controls.TWinControl.CMParentCtl3DChanged
 0001:00062C14       Controls.TWinControl.CMParentDoubleBufferedChanged
 0001:0005FCDC       Controls.TWinControl.CMRecreateWnd
 0001:000628AC       Controls.TWinControl.CMShowHintChanged
 0001:00062A40       Controls.TWinControl.CMShowingChanged
 0001:00062C40       Controls.TWinControl.CMSysColorChange
 0001:00062CE8       Controls.TWinControl.CMSysFontChanged
 0001:000649CC       Controls.TWinControl.CMTextChanged
[...]
   620 0001:0006EE55   621 0001:0006EE64   622 0001:0006EE72   623 0001:0006EE7F
   625 0001:0006EE94   626 0001:0006EEA5   628 0001:0006EEB5   629 0001:0006EEE5
   631 0001:0006EF15   632 0001:0006EF3D   635 0001:0006EF62   638 0001:0006EF86
   640 0001:0006EF98   645 0001:0006F0C0   646 0001:0006F0DF   647 0001:0006F0ED
   649 0001:0006F0F5   651 0001:0006F10E   654 0001:0006F116   660 0001:0006F15A
   661 0001:0006F167   665 0001:0006F171   670 0001:0006F1A4   671 0001:0006F1B1
   675 0001:0006F1BB   677 0001:0006F1D5   679 0001:0006F1E7   684 0001:0006F304
   685 0001:0006F31A   686 0001:0006F328   687 0001:0006F342   688 0001:0006F346
   690 0001:0006F34F   692 0001:0006F360   694 0001:0006F367   697 0001:0006F3E8
   698 0001:0006F407   699 0001:0006F415   701 0001:0006F437   703 0001:0006F449
   706 0001:0006F488   707 0001:0006F492   708 0001:0006F4A0   709 0001:0006F4B2
   710 0001:0006F4CB   712 0001:0006F4E7   714 0001:0006F4F9   719 0001:0006F58C
   720 0001:0006F5AB   721 0001:0006F5B9   722 0001:0006F5C0   723 0001:0006F5C9
   725 0001:0006F5F2   727 0001:0006F604   732 0001:0006F640   733 0001:0006F65F
   734 0001:0006F66D   735 0001:0006F674   736 0001:0006F67D   738 0001:0006F6A6
   740 0001:0006F6B8   743 0001:0006F6F4   744 0001:0006F713   745 0001:0006F721
   747 0001:0006F751   749 0001:0006F763   752 0001:0006F7A0   753 0001:0006F7BF
   754 0001:0006F7CD   756 0001:0006F7FD   758 0001:0006F80F   770 0001:0006F84C
   771 0001:0006F8A1   772 0001:0006F8A8   773 0001:0006F8B6   776 0001:0006F8C6
   778 0001:0006F8DD   779 0001:0006F8E6   783 0001:0006F8F3   785 0001:0006F901
   786 0001:0006F90E   787 0001:0006F928   791 0001:0006F961   793 0001:0006F96F
   794 0001:0006F97C   798 0001:0006F9B3   799 0001:0006F9D0   801 0001:0006F9D6
   802 0001:0006F9DF   805 0001:0006F9EC   807 0001:0006F9FA   809 0001:0006FA04
   810 0001:0006FA17   811 0001:0006FA2A   815 0001:0006FA3D   816 0001:0006FA83
   818 0001:0006FA89   819 0001:0006FA92   822 0001:0006FAA4   823 0001:0006FAB2
   824 0001:0006FABF   826 0001:0006FAC6   828 0001:0006FACB   829 0001:0006FAED
   831 0001:0006FB00   832 0001:0006FB07   834 0001:0006FB1E   835 0001:0006FB25
   836 0001:0006FB3C   839 0001:0006FB47   842 0001:0006FB50   844 0001:0006FB56
   845 0001:0006FB5F   848 0001:0006FB76   849 0001:0006FB84   851 0001:0006FBFD
   854 0001:0006FC15   855 0001:0006FC1C   857 0001:0006FC22   859 0001:0006FC3F
   860 0001:0006FC48   863 0001:0006FC4A   865 0001:0006FC59   866 0001:0006FC68
   865 0001:0006FC88   855 0001:0006FC8B   871 0001:0006FC91   872 0001:0006FC99
   875 0001:0006FCC1   877 0001:0006FCD7   880 0001:0006FCF5   883 0001:0006FD13
   886 0001:0006FD33   887 0001:0006FD3D   889 0001:0006FD4B   897 0001:0006FE74
   898 0001:0006FE97   899 0001:0006FE9B   900 0001:0006FEA9   902 0001:0006FEAD
   903 0001:0006FEB5   906 0001:0006FEC2   907 0001:0006FEC6   909 0001:0006FECB
   910 0001:0006FED0   911 0001:0006FED7   912 0001:0006FEDC   913 0001:0006FEE3
   914 0001:0006FEEA   915 0001:0006FEF1   916 0001:0006FEF8   917 0001:0006FF12
   918 0001:0006FF19   919 0001:0006FF21   921 0001:0006FF27   922 0001:0006FF3C
   923 0001:0006FF46   924 0001:0006FF54   925 0001:0006FF7E   927 0001:0006FF82
   928 0001:0006FF9B   929 0001:0006FFA1   932 0001:0006FFB9   934 0001:0006FFBF
   935 0001:0006FFCB   936 0001:0006FFD2   937 0001:0006FFDF   940 0001:0006FFF9
   943 0001:00070019   945 0001:00070022   964 0001:0007006C   965 0001:00070075
   966 0001:00070079   967 0001:00070087   968 0001:0007008C   969 0001:00070093
   970 0001:00070098   971 0001:0007009F   972 0001:000700A6   973 0001:000700AD
   974 0001:000700B4   975 0001:000700BC   976 0001:000700C3   977 0001:000700CB
   979 0001:000700D1   980 0001:000700E6   981 0001:000700EC   982 0001:000700FA
   983 0001:00070113   984 0001:00070119   986 0001:0007013E   989 0001:0007015E
   991 0001:00070167   996 0001:00070198   997 0001:000701CD   998 0001:000701DB
  1000 0001:000701EE  1002 0001:0007023F  1003 0001:00070244  1006 0001:00070248
  1007 0001:00070249  1009 0001:00070270  1010 0001:00070273  1012 0001:00070279
  1013 0001:0007028F  1015 0001:00070291  1004 0001:00070294  1020 0001:000702B4
  1022 0001:000702C3  1025 0001:00070318  1026 0001:00070322  1027 0001:00070330
  1028 0001:000703A3  1029 0001:000703B5  1030 0001:000703C7  1031 0001:000703D9
  1032 0001:000703EB  1033 0001:000703FD  1034 0001:0007040F  1035 0001:00070421
  1036 0001:00070433  1037 0001:00070442  1038 0001:00070451  1039 0001:00070460
  1040 0001:0007046F  1041 0001:0007047E  1042 0001:0007048D  1043 0001:0007049C
  1045 0001:000704AB  1048 0001:000704C7  1050 0001:000704D9  1064 0001:00070A1C
  1065 0001:00070A48  1066 0001:00070A56  1067 0001:00070A67  1068 0001:00070A74
  1069 0001:00070A82  1079 0001:00070AA4  1088 0001:00070AEC  1091 0001:00070B18
  1092 0001:00070B33  1093 0001:00070B71  1094 0001:00070B88  1095 0001:00070BA0
  1096 0001:00070BB6  1089 0001:00070BB8  1099 0001:00070BE0  1102 0001:00070BFF
  1104 0001:00070C0E  1110 0001:00070D34  1111 0001:00070D5C  1112 0001:00070D6A
  1113 0001:00070D73  1115 0001:00070D7E  1116 0001:00070D99  1117 0001:00070DC1
  1118 0001:00070DE9  1120 0001:00070E10  1122 0001:00070E22  1126 0001:00070ED8
  1127 0001:00070EDE  1128 0001:00070EEC  1130 0001:00070F03  1132 0001:00070F0B
  1135 0001:00070F14  1136 0001:00070F1A  1137 0001:00070F28  1138 0001:00070F30
  1140 0001:00070F41  1142 0001:00070F48  1146 0001:00070F50  1147 0001:00070F56
  1148 0001:00070F64  1150 0001:00070F7B  1152 0001:00070F85  1155 0001:00070F8C
  1156 0001:00070F92  1157 0001:00070F94  1158 0001:00070FA2  1160 0001:00070FB9
  1162 0001:00070FC0  1165 0001:00070FC8  1166 0001:00070FCE  1167 0001:00070FD0
  1168 0001:00070FDE  1170 0001:00070FF5  1172 0001:00070FFC  1175 0001:00071004
  1176 0001:0007100A  1177 0001:00071018  1179 0001:00071030  1181 0001:00071037
  1204 0001:00071040  1205 0001:00071046  1206 0001:00071048  1207 0001:00071056
  1208 0001:00071060  1211 0001:00071067  1212 0001:00071087  1215 0001:0007109B
  1217 0001:000710A2  1224 0001:000710AC  1225 0001:000710E9  1226 0001:000710F3
  1227 0001:00071101  1229 0001:00071159  1230 0001:00071167  1232 0001:00071173
  1233 0001:00071181  1234 0001:00071191  1235 0001:000711AF  1237 0001:000711C7
  1241 0001:000711EE  1243 0001:000711FD  1249 0001:00071250  1250 0001:00071298
  1251 0001:000712AC  1252 0001:000712BA  1254 0001:00071312  1256 0001:0007131E
  1257 0001:0007132C  1258 0001:00071343  1260 0001:0007137C  1264 0001:0007139E
  1266 0001:000713B7  1272 0001:00071420  1273 0001:00071463  1274 0001:00071467
  1275 0001:00071475  1277 0001:000714CD  1278 0001:000714DB  1279 0001:000714E9
  1281 0001:000714F5  1282 0001:00071505  1285 0001:00071532  1287 0001:00071542
  1289 0001:0007156F  1291 0001:0007158C  1294 0001:000715B3  1296 0001:000715BC
  1301 0001:0007161C  1302 0001:00071637  1303 0001:00071639  1304 0001:00071647
  1305 0001:00071687  1307 0001:00071693  1308 0001:000716A3  1311 0001:000716C6
  1313 0001:000716CD  1319 0001:00071710  1320 0001:00071740  1321 0001:0007174E
  1322 0001:00071774  1324 0001:00071785  1325 0001:00071790  1326 0001:000717F3
  1328 0001:000717F9  1329 0001:0007185C  1331 0001:00071860  1332 0001:00071890
  1322 0001:00071891  1334 0001:000718AA  1336 0001:000718B9  1390 0001:0007195A

Line numbers for dskmts(dskmts.dpr) segment .text

    37 0001:0007192C    38 0001:00071933    39 0001:0007193E    40 0001:0007194C
    41 0001:0007195A    43 0001:00071971    46 0001:0007198B    48 0001:0007199F
    51 0001:000719CC    52 0001:000719D3    53 0001:000719DE    54 0001:000719EC
    55 0001:000719FA    57 0001:00071A11    60 0001:00071A2B    62 0001:00071A3F
    65 0001:00071A4C    66 0001:00071A53    67 0001:00071A5E    68 0001:00071A6C
    69 0001:00071A7A    71 0001:00071A91    74 0001:00071AAB    76 0001:00071ABF
    79 0001:00071ADC    80 0001:00071AE3    81 0001:00071AEE    82 0001:00071AFC
    83 0001:00071B0A    85 0001:00071B21    88 0001:00071B3B    90 0001:00071B4F
    94 0001:00071B64    95 0001:00071B80    96 0001:00071B8B    97 0001:00071B99
    98 0001:00071BA7   100 0001:00071BD9   103 0001:00071BF3   106 0001:00071C07
   109 0001:00071C34   110 0001:00071C3B   111 0001:00071C46   112 0001:00071C54
   113 0001:00071C62   115 0001:00071C79   118 0001:00071C93   120 0001:00071CA7
   123 0001:00071CB4   124 0001:00071CBB   125 0001:00071CC6   126 0001:00071CD4
   127 0001:00071CE2   128 0001:00071CEF   130 0001:00071D02   131 0001:00071D06
   134 0001:00071D27   136 0001:00071D3B   139 0001:00071D80   140 0001:00071D87
   141 0001:00071D92   142 0001:00071DA0   143 0001:00071DAE   145 0001:00071DC9
   148 0001:00071DDF   150 0001:00071DF3   153 0001:00071E00   154 0001:00071E07
   155 0001:00071E12   156 0001:00071E20   157 0001:00071E2E   159 0001:00071E47
   162 0001:00071E60   164 0001:00071E74   167 0001:00071E80   168 0001:00071E87
   169 0001:00071E92   170 0001:00071EA0   171 0001:00071EAE   172 0001:00071EB8
   174 0001:00071ECB   177 0001:00071EE1   179 0001:00071EF5   182 0001:00071F04
   183 0001:00071F0B   184 0001:00071F16   185 0001:00071F24   186 0001:00071F32
   188 0001:00071F4B   191 0001:00071F64   193 0001:00071F78   196 0001:00071F84
   197 0001:00071F8B   198 0001:00071F96   199 0001:00071FA4   200 0001:00071FB2
   201 0001:00071FBC   203 0001:00071FCF   206 0001:00071FE5   208 0001:00071FF9
   211 0001:00072008   212 0001:0007200F   213 0001:0007201A   214 0001:00072028
   215 0001:00072036   217 0001:00072050   220 0001:00072066   222 0001:0007207A
   225 0001:00072084   226 0001:0007208B   227 0001:00072096   228 0001:000720A4
   229 0001:000720B2   230 0001:000720BD   232 0001:000720D0   235 0001:000720E6
   237 0001:000720FA   245 0001:00072108   246 0001:0007212B   247 0001:00072136
   248 0001:00072144   249 0001:00072148   251 0001:00072156   254 0001:00072169
   257 0001:00072170   258 0001:000721D5   259 0001:00072267   260 0001:0007230E
   263 0001:00072347   265 0001:0007235D   268 0001:00072373   270 0001:00072387
   273 0001:000726BC   274 0001:000726C3   275 0001:000726CE   276 0001:000726DC
   277 0001:000726EA   279 0001:0007270A   282 0001:00072720   284 0001:00072734
   290 0001:00072740   291 0001:0007275C   292 0001:00072767   293 0001:00072775
   294 0001:00072779   295 0001:00072787   297 0001:00072794   298 0001:000727CF
   301 0001:000727DF   302 0001:000727E7   303 0001:000727ED   305 0001:0007280B
   307 0001:00072819   309 0001:00072838   313 0001:0007284D   314 0001:00072856
   317 0001:00072877   320 0001:0007288D   322 0001:000728A1   329 0001:0007298C
   330 0001:000729B0   331 0001:000729BB   332 0001:000729C9   333 0001:000729CD
   334 0001:000729DB   335 0001:000729EB   336 0001:00072A00   337 0001:00072A0E
   338 0001:00072A11   339 0001:00072A18   340 0001:00072A1F   342 0001:00072A26
   344 0001:00072A36   346 0001:00072A3E   348 0001:00072A48   349 0001:00072A67
   350 0001:00072A8A   351 0001:00072AAD   355 0001:00072AD0   356 0001:00072AD9
   358 0001:00072AF3   361 0001:00072B17   364 0001:00072B2D   366 0001:00072B41
   373 0001:00072C4C   374 0001:00072C73   375 0001:00072C7E   376 0001:00072C8C
   377 0001:00072C9A   379 0001:00072CA7   380 0001:00072CBC   382 0001:00072CD1
   385 0001:00072D4F   387 0001:00072D61   389 0001:00072D75   392 0001:00072E5C
   393 0001:00072E62   394 0001:00072E6D   395 0001:00072E7B   396 0001:00072E89
   398 0001:00072EA5   400 0001:00072EB7   402 0001:00072ECB   409 0001:00072ED4
   410 0001:00072EFD   411 0001:00072F08   412 0001:00072F16   413 0001:00072F24
   415 0001:00072F31   416 0001:00072F46   417 0001:00072F5B   419 0001:00072F70
   422 0001:00073000   424 0001:00073012   426 0001:00073026   429 0001:00073130
   430 0001:00073136   431 0001:00073141   432 0001:0007314F   433 0001:0007315D
   435 0001:0007317D   437 0001:0007318F   439 0001:000731A3   445 0001:000731AC
   446 0001:000731D3   447 0001:000731DE   448 0001:000731EC   449 0001:000731FA
   451 0001:00073207   452 0001:0007321C   454 0001:00073231   457 0001:000732AF
   459 0001:000732C1   461 0001:000732D5   464 0001:000733BC   465 0001:000733C2
   466 0001:000733CD   467 0001:000733DB   468 0001:000733E9   470 0001:00073405
   472 0001:00073417   474 0001:0007342B   480 0001:00073434   481 0001:0007345B
   482 0001:00073466   483 0001:00073474   484 0001:00073482   486 0001:0007348F
   487 0001:000734A4   489 0001:000734B9   492 0001:00073537   494 0001:00073549
   496 0001:0007355D   499 0001:00073648   500 0001:0007364E   501 0001:00073659
   502 0001:00073667   503 0001:00073675   505 0001:00073691   507 0001:000736A3
   509 0001:000736B7   515 0001:000736C0   516 0001:000736E7   517 0001:000736F2
   518 0001:00073700   519 0001:0007370E   521 0001:0007371B   522 0001:00073730
   524 0001:00073745   527 0001:000737C3   529 0001:000737D5   531 0001:000737E9
   534 0001:000738D0   535 0001:000738D6   536 0001:000738E1   537 0001:000738EF
   538 0001:000738FD   540 0001:00073919   542 0001:0007392B   544 0001:0007393F
   550 0001:00073948   551 0001:00073967   552 0001:00073972   553 0001:00073980
   554 0001:0007398E   556 0001:00073997   558 0001:000739AC   561 0001:00073A18
   563 0001:00073A2A   565 0001:00073A3E   568 0001:00073B08   569 0001:00073B0E
   570 0001:00073B19   571 0001:00073B27   572 0001:00073B35   574 0001:00073B4D
   576 0001:00073B5F   578 0001:00073B73   585 0001:00073B7C   586 0001:00073BA3
   587 0001:00073BAE   588 0001:00073BBC   589 0001:00073BCA   591 0001:00073BD7
   592 0001:00073BEC   594 0001:00073C01   597 0001:00073C7F   599 0001:00073C91
   601 0001:00073CA5   604 0001:00073D8C   605 0001:00073D92   606 0001:00073D9D
   607 0001:00073DAB   608 0001:00073DB9   610 0001:00073DD5   612 0001:00073DE7
   614 0001:00073DFB   622 0001:00073E04   623 0001:00073E25   624 0001:00073E30
   625 0001:00073E3E   626 0001:00073E4C   627 0001:00073E5C   628 0001:00073E6A
   629 0001:00073E80   632 0001:00073E96   634 0001:00073EA9   637 0001:00073F34
   638 0001:00073F44   641 0001:00073F4A   642 0001:00073F53   644 0001:00073F6D
   647 0001:00073F91   650 0001:00073FAA   652 0001:00073FBE   655 0001:00074168
   656 0001:0007416F   657 0001:0007417A   658 0001:00074188   659 0001:00074196
   661 0001:000741C2   664 0001:000741DB   666 0001:000741EF   670 0001:000741FC
   671 0001:00074202   672 0001:0007420D   673 0001:0007421B   676 0001:00074238
   678 0001:0007424A   680 0001:0007425E   683 0001:00074268   684 0001:0007426E
   685 0001:00074279   686 0001:00074287   689 0001:000742A4   691 0001:000742B6
   693 0001:000742CA   696 0001:000742D4   697 0001:000742DA   698 0001:000742E5
   699 0001:000742F3   700 0001:00074301   702 0001:0007431D   704 0001:0007432F
   706 0001:00074343   712 0001:0007434C   713 0001:0007436D   714 0001:00074378
   715 0001:00074386   717 0001:00074394   720 0001:000743A7   723 0001:00074412
   724 0001:00074422   727 0001:00074428   728 0001:00074431   730 0001:0007444D
   733 0001:00074466   735 0001:0007447A   738 0001:000745B8   739 0001:000745BF
   740 0001:000745CA   741 0001:000745D8   742 0001:000745E6   744 0001:0007460A
   747 0001:00074623   749 0001:00074637   755 0001:00074644   756 0001:00074665
   757 0001:00074670   758 0001:0007467E   760 0001:0007468C   763 0001:0007469F
   766 0001:0007470A   767 0001:0007471A   770 0001:00074720   771 0001:00074729
   773 0001:00074745   776 0001:0007475E   778 0001:00074772   781 0001:000748B4
   782 0001:000748BB   783 0001:000748C6   784 0001:000748D4   785 0001:000748E2
   787 0001:00074906   790 0001:0007491F   792 0001:00074933   796 0001:00074940
   797 0001:00074947   798 0001:00074952   799 0001:00074960   800 0001:0007496E
   801 0001:0007497B   803 0001:0007498E   806 0001:000749A4   808 0001:000749B8
   811 0001:000749C4   812 0001:000749CB   813 0001:000749D6   814 0001:000749E4
   815 0001:000749F2   817 0001:00074A0D   820 0001:00074A23   822 0001:00074A37
   825 0001:00074A44   826 0001:00074A4B   827 0001:00074A56   828 0001:00074A64
   829 0001:00074A72   831 0001:00074A90   834 0001:00074AAA   836 0001:00074ABE
   839 0001:00074AD8   840 0001:00074ADF   841 0001:00074AEA   842 0001:00074AF8
   843 0001:00074B06   845 0001:00074B1D   848 0001:00074B37   850 0001:00074B4B
   857 0001:00074B5C   858 0001:00074B76   859 0001:00074B81   860 0001:00074B8F
   861 0001:00074B9D   863 0001:00074BE4   866 0001:00074BFA   868 0001:00074C0E
   871 0001:00074C40   872 0001:00074C47   873 0001:00074C52   874 0001:00074C60
   875 0001:00074C6E   877 0001:00074C95   880 0001:00074CAB   882 0001:00074CBF
   885 0001:00074CCC   886 0001:00074CD3   887 0001:00074CDE   888 0001:00074CEC
   889 0001:00074CFA   890 0001:00074D0C   891 0001:00074D18   893 0001:00074D2B
   896 0001:00074D41   898 0001:00074D55   901 0001:00074D64   902 0001:00074D6B
   903 0001:00074D76   904 0001:00074D84   905 0001:00074D92   907 0001:00074DB1
   910 0001:00074DC7   912 0001:00074DDB   918 0001:00074DE8   919 0001:00074E04
   920 0001:00074E0F   921 0001:00074E1D   922 0001:00074E2B   924 0001:00074E50
   927 0001:00074E66   929 0001:00074E7A   932 0001:00074EA4   933 0001:00074EAB
   934 0001:00074EB6   935 0001:00074EC4   936 0001:00074ED2   938 0001:00074EED
   941 0001:00074F03   943 0001:00074F17   948 0001:00074F24   949 0001:00074F2B
   950 0001:00074F36   951 0001:00074F44   952 0001:00074F52   954 0001:00074F70
   957 0001:00074F8A   959 0001:00074F9E   962 0001:00074FB4   963 0001:00074FBB
   964 0001:00074FC6   965 0001:00074FD4   966 0001:00074FE2   968 0001:00074FF9
   971 0001:00075013   973 0001:00075027   978 0001:00075038   979 0001:0007503F
   980 0001:0007504A   981 0001:00075058   982 0001:00075066   984 0001:0007507D
   987 0001:00075096   989 0001:000750AA   992 0001:000750B4   993 0001:000750BB
   994 0001:000750C6   995 0001:000750D4   996 0001:000750E2   998 0001:000750FC
  1001 0001:00075112  1003 0001:00075126  1006 0001:00075134  1007 0001:0007513B
  1008 0001:00075146  1009 0001:00075154  1010 0001:00075162  1012 0001:00075179
  1015 0001:00075192  1017 0001:000751A6  1020 0001:000751B0  1021 0001:000751B7
  1022 0001:000751C2  1023 0001:000751D0  1024 0001:000751DE  1026 0001:000751F8
  1029 0001:0007520E  1031 0001:00075222  1038 0001:00075230  1039 0001:0007524C
  1040 0001:00075257  1041 0001:00075265  1042 0001:00075269  1043 0001:00075277
  1046 0001:00075280  1049 0001:00075290  1051 0001:00075298  1052 0001:000752A1
  1055 0001:000752BD  1058 0001:000752D3  1060 0001:000752E7  1065 0001:00075350
  1066 0001:00075353  1068 0001:00075367  1071 0001:0007536C  1072 0001:0007536F
  1077 0001:00075374  1078 0001:0007537E  1079 0001:00075394  1082 0001:00075398
  1083 0001:0007539B  1084 0001:000753A2  1085 0001:000753A9  1087 0001:000753AE

Line numbers for dskmts(dskmts.dpr) segment .itext

  1149 0002:000008AC  1151 0002:000008BC  1152 0002:000008C6  1155 0002:000008D1
  1156 0002:000008DC  1159 0002:000008EA  1160 0002:000008F6  1161 0002:00000901
  1162 0002:00000909  1163 0002:00000911  1164 0002:0000091D  1165 0002:0000092C
  1166 0002:00000938  1167 0002:00000947  1168 0002:00000950  1169 0002:0000095F
  1170 0002:0000096A  1171 0002:00000975  1172 0002:00000984  1173 0002:0000098C
  1174 0002:00000997  1175 0002:000009A0  1176 0002:000009AB  1177 0002:000009B7
  1178 0002:000009C2  1179 0002:000009CE  1181 0002:000009E7  1183 0002:000009FB

Bound resource files

c:\program files (x86)\codegear\rad studio\6.0\lib\character.res
c:\program files (x86)\codegear\rad studio\6.0\lib\Controls.res
dskmts.res
dskmts.drf


Program entry point at 0002:000008AC
