
 Start         Length     Name                   Class
 0001:00401000 00094E84H .text                   CODE
 0002:00496000 0000094CH .itext                  ICODE
 0003:00497000 00006234H .data                   DATA
 0004:0049E000 000055E8H .bss                    BSS
 0005:00000000 0000003CH .tls                    TLS


Detailed map of segments

 0001:00000000 000067A7 C=CODE     S=.text    G=(none)   M=System   ACBP=A9
 0001:000067A8 00000105 C=CODE     S=.text    G=(none)   M=SysInit  ACBP=A9
 0001:000068B0 000002F8 C=CODE     S=.text    G=(none)   M=Types    ACBP=A9
 0001:00006BA8 00000DC0 C=CODE     S=.text    G=(none)   M=Windows  ACBP=A9
 0001:00007968 00000071 C=CODE     S=.text    G=(none)   M=Messages ACBP=A9
 0001:000079DC 0000001E C=CODE     S=.text    G=(none)   M=ActiveX  ACBP=A9
 0001:000079FC 00000310 C=CODE     S=.text    G=(none)   M=SysConst ACBP=A9
 0001:00007D0C 00000138 C=CODE     S=.text    G=(none)   M=RTLConsts ACBP=A9
 0001:00007E44 00000230 C=CODE     S=.text    G=(none)   M=Character ACBP=A9
 0001:00008074 0000990A C=CODE     S=.text    G=(none)   M=SysUtils ACBP=A9
 0001:00011980 000007FA C=CODE     S=.text    G=(none)   M=VarUtils ACBP=A9
 0001:0001217C 00002E34 C=CODE     S=.text    G=(none)   M=Variants ACBP=A9
 0001:00014FB0 00000DF3 C=CODE     S=.text    G=(none)   M=TypInfo  ACBP=A9
 0001:00015DA4 0000BB7F C=CODE     S=.text    G=(none)   M=Classes  ACBP=A9
 0001:00021924 000001A9 C=CODE     S=.text    G=(none)   M=Contnrs  ACBP=A9
 0001:00021AD0 0000182A C=CODE     S=.text    G=(none)   M=HelpIntfs ACBP=A9
 0001:000232FC 00000876 C=CODE     S=.text    G=(none)   M=MultiMon ACBP=A9
 0001:00023B74 00000200 C=CODE     S=.text    G=(none)   M=CommCtrl ACBP=A9
 0001:00023D74 000002A0 C=CODE     S=.text    G=(none)   M=Consts   ACBP=A9
 0001:00024014 00000065 C=CODE     S=.text    G=(none)   M=IniFiles ACBP=A9
 0001:0002407C 00000659 C=CODE     S=.text    G=(none)   M=Registry ACBP=A9
 0001:000246D8 0000A3AA C=CODE     S=.text    G=(none)   M=Graphics ACBP=A9
 0001:0002EA84 00000BC2 C=CODE     S=.text    G=(none)   M=SyncObjs ACBP=A9
 0001:0002F648 00000F71 C=CODE     S=.text    G=(none)   M=UxTheme  ACBP=A9
 0001:000305BC 000001E0 C=CODE     S=.text    G=(none)   M=DwmApi   ACBP=A9
 0001:0003079C 00006D8A C=CODE     S=.text    G=(none)   M=ZLib     ACBP=A9
 0001:00037528 0000178A C=CODE     S=.text    G=(none)   M=GraphUtil ACBP=A9
 0001:00038CB4 00007086 C=CODE     S=.text    G=(none)   M=StdCtrls ACBP=A9
 0001:0003FD3C 0000003A C=CODE     S=.text    G=(none)   M=Printers ACBP=A9
 0001:0003FD78 00000047 C=CODE     S=.text    G=(none)   M=WideStrUtils ACBP=A9
 0001:0003FDC0 0000003A C=CODE     S=.text    G=(none)   M=Clipbrd  ACBP=A9
 0001:0003FDFC 00002C6E C=CODE     S=.text    G=(none)   M=ExtCtrls ACBP=A9
 0001:00042A6C 000002D5 C=CODE     S=.text    G=(none)   M=ComCtrls ACBP=A9
 0001:00042D44 0000388C C=CODE     S=.text    G=(none)   M=Dialogs  ACBP=A9
 0001:000465D0 00000139 C=CODE     S=.text    G=(none)   M=StdActns ACBP=A9
 0001:0004670C 000003AE C=CODE     S=.text    G=(none)   M=FlatSB   ACBP=A9
 0001:00046ABC 00008145 C=CODE     S=.text    G=(none)   M=Menus    ACBP=A9
 0001:0004EC04 00016480 C=CODE     S=.text    G=(none)   M=Controls ACBP=A9
 0001:00065084 00000D1A C=CODE     S=.text    G=(none)   M=Themes   ACBP=A9
 0001:00065DA0 000018F9 C=CODE     S=.text    G=(none)   M=ImgList  ACBP=A9
 0001:0006769C 00001542 C=CODE     S=.text    G=(none)   M=ActnList ACBP=A9
 0001:00068BE0 0000FB60 C=CODE     S=.text    G=(none)   M=Forms    ACBP=A9
 0001:00078740 00000018 C=CODE     S=.text    G=(none)   M=JConsts  ACBP=A9
 0001:00078758 0001338C C=CODE     S=.text    G=(none)   M=jpeg     ACBP=A9
 0001:0008BAE4 00000090 C=CODE     S=.text    G=(none)   M=pnglang  ACBP=A9
 0001:0008BB74 00007C42 C=CODE     S=.text    G=(none)   M=pngimage ACBP=A9
 0001:000937B8 0000007E C=CODE     S=.text    G=(none)   M=DeskMetrics ACBP=A9
 0001:00093838 00000270 C=CODE     S=.text    G=(none)   M=frmAnotherWindow ACBP=A9
 0001:00093AA8 000002A8 C=CODE     S=.text    G=(none)   M=frmCustomerExperience ACBP=A9
 0001:00093D50 00000EEC C=CODE     S=.text    G=(none)   M=frmMain  ACBP=A9
 0001:00094C3C 00000248 C=CODE     S=.text    G=(none)   M=AppExample ACBP=A9
 0002:00000000 000000AE C=ICODE    S=.itext   G=(none)   M=System   ACBP=A9
 0002:000000B0 00000011 C=ICODE    S=.itext   G=(none)   M=Windows  ACBP=A9
 0002:000000C4 00000094 C=ICODE    S=.itext   G=(none)   M=SysUtils ACBP=A9
 0002:00000158 0000000F C=ICODE    S=.itext   G=(none)   M=VarUtils ACBP=A9
 0002:00000168 000000AA C=ICODE    S=.itext   G=(none)   M=Variants ACBP=A9
 0002:00000214 00000008 C=ICODE    S=.itext   G=(none)   M=TypInfo  ACBP=A9
 0002:0000021C 00000092 C=ICODE    S=.itext   G=(none)   M=Classes  ACBP=A9
 0002:000002B0 00000008 C=ICODE    S=.itext   G=(none)   M=HelpIntfs ACBP=A9
 0002:000002B8 0000000F C=ICODE    S=.itext   G=(none)   M=MultiMon ACBP=A9
 0002:000002C8 00000008 C=ICODE    S=.itext   G=(none)   M=IniFiles ACBP=A9
 0002:000002D0 00000008 C=ICODE    S=.itext   G=(none)   M=Registry ACBP=A9
 0002:000002D8 000000FB C=ICODE    S=.itext   G=(none)   M=Graphics ACBP=A9
 0002:000003D4 0000000F C=ICODE    S=.itext   G=(none)   M=SyncObjs ACBP=A9
 0002:000003E4 0000001B C=ICODE    S=.itext   G=(none)   M=UxTheme  ACBP=A9
 0002:00000400 00000008 C=ICODE    S=.itext   G=(none)   M=DwmApi   ACBP=A9
 0002:00000408 00000086 C=ICODE    S=.itext   G=(none)   M=GraphUtil ACBP=A9
 0002:00000490 00000008 C=ICODE    S=.itext   G=(none)   M=Printers ACBP=A9
 0002:00000498 00000078 C=ICODE    S=.itext   G=(none)   M=Clipbrd  ACBP=A9
 0002:00000510 00000054 C=ICODE    S=.itext   G=(none)   M=ExtCtrls ACBP=A9
 0002:00000564 00000039 C=ICODE    S=.itext   G=(none)   M=ComCtrls ACBP=A9
 0002:000005A0 0000003D C=ICODE    S=.itext   G=(none)   M=Dialogs  ACBP=A9
 0002:000005E0 0000000F C=ICODE    S=.itext   G=(none)   M=FlatSB   ACBP=A9
 0002:000005F0 00000085 C=ICODE    S=.itext   G=(none)   M=Menus    ACBP=A9
 0002:00000678 00000088 C=ICODE    S=.itext   G=(none)   M=Controls ACBP=A9
 0002:00000700 00000008 C=ICODE    S=.itext   G=(none)   M=Themes   ACBP=A9
 0002:00000708 0000002A C=ICODE    S=.itext   G=(none)   M=ActnList ACBP=A9
 0002:00000734 0000005C C=ICODE    S=.itext   G=(none)   M=Forms    ACBP=A9
 0002:00000790 000000C0 C=ICODE    S=.itext   G=(none)   M=jpeg     ACBP=A9
 0002:00000850 0000008C C=ICODE    S=.itext   G=(none)   M=pngimage ACBP=A9
 0002:000008DC 0000006D C=ICODE    S=.itext   G=(none)   M=AppExample ACBP=A9
 0003:00000000 000007B6 C=DATA     S=.data    G=DGROUP   M=System   ACBP=A9
 0003:000007B8 00000020 C=DATA     S=.data    G=DGROUP   M=SysInit  ACBP=A9
 0003:000007D8 00000100 C=DATA     S=.data    G=DGROUP   M=Character ACBP=A9
 0003:000008D8 0000027C C=DATA     S=.data    G=DGROUP   M=SysUtils ACBP=A9
 0003:00000B54 00000008 C=DATA     S=.data    G=DGROUP   M=VarUtils ACBP=A9
 0003:00000B5C 00000092 C=DATA     S=.data    G=DGROUP   M=Variants ACBP=A9
 0003:00000BF0 0000000C C=DATA     S=.data    G=DGROUP   M=TypInfo  ACBP=A9
 0003:00000BFC 00000064 C=DATA     S=.data    G=DGROUP   M=Classes  ACBP=A9
 0003:00000C60 00000008 C=DATA     S=.data    G=DGROUP   M=IniFiles ACBP=A9
 0003:00000C68 00000008 C=DATA     S=.data    G=DGROUP   M=Registry ACBP=A9
 0003:00000C70 000003B8 C=DATA     S=.data    G=DGROUP   M=Graphics ACBP=A9
 0003:00001028 00003720 C=DATA     S=.data    G=DGROUP   M=ZLib     ACBP=A9
 0003:00004748 00000450 C=DATA     S=.data    G=DGROUP   M=GraphUtil ACBP=A9
 0003:00004B98 000000E8 C=DATA     S=.data    G=DGROUP   M=StdCtrls ACBP=A9
 0003:00004C80 00000004 C=DATA     S=.data    G=DGROUP   M=Printers ACBP=A9
 0003:00004C84 00000020 C=DATA     S=.data    G=DGROUP   M=ExtCtrls ACBP=A9
 0003:00004CA4 00000010 C=DATA     S=.data    G=DGROUP   M=ComCtrls ACBP=A9
 0003:00004CB4 00000198 C=DATA     S=.data    G=DGROUP   M=Dialogs  ACBP=A9
 0003:00004E4C 00000134 C=DATA     S=.data    G=DGROUP   M=Menus    ACBP=A9
 0003:00004F80 0000013C C=DATA     S=.data    G=DGROUP   M=Controls ACBP=A9
 0003:000050BC 00000068 C=DATA     S=.data    G=DGROUP   M=Themes   ACBP=A9
 0003:00005124 0000003C C=DATA     S=.data    G=DGROUP   M=ImgList  ACBP=A9
 0003:00005160 00000140 C=DATA     S=.data    G=DGROUP   M=Forms    ACBP=A9
 0003:000052A0 00000958 C=DATA     S=.data    G=DGROUP   M=jpeg     ACBP=A9
 0003:00005BF8 00000168 C=DATA     S=.data    G=DGROUP   M=pngimage ACBP=A9
 0004:00000000 00002B48 C=BSS      S=.bss     G=DGROUP   M=System   ACBP=A9
 0004:00002B48 0000000C C=BSS      S=.bss     G=DGROUP   M=SysInit  ACBP=A9
 0004:00002B54 00000008 C=BSS      S=.bss     G=DGROUP   M=Windows  ACBP=A9
 0004:00002B5C 0000001C C=BSS      S=.bss     G=DGROUP   M=Character ACBP=A9
 0004:00002B78 00002234 C=BSS      S=.bss     G=DGROUP   M=SysUtils ACBP=A9
 0004:00004DAC 0000005C C=BSS      S=.bss     G=DGROUP   M=VarUtils ACBP=A9
 0004:00004E08 00000040 C=BSS      S=.bss     G=DGROUP   M=Variants ACBP=A9
 0004:00004E48 00000004 C=BSS      S=.bss     G=DGROUP   M=TypInfo  ACBP=A9
 0004:00004E4C 00000048 C=BSS      S=.bss     G=DGROUP   M=Classes  ACBP=A9
 0004:00004E94 00000008 C=BSS      S=.bss     G=DGROUP   M=HelpIntfs ACBP=A9
 0004:00004E9C 00000031 C=BSS      S=.bss     G=DGROUP   M=MultiMon ACBP=A9
 0004:00004ED0 0000000C C=BSS      S=.bss     G=DGROUP   M=CommCtrl ACBP=A9
 0004:00004EDC 00000004 C=BSS      S=.bss     G=DGROUP   M=IniFiles ACBP=A9
 0004:00004EE0 00000004 C=BSS      S=.bss     G=DGROUP   M=Registry ACBP=A9
 0004:00004EE4 00000060 C=BSS      S=.bss     G=DGROUP   M=Graphics ACBP=A9
 0004:00004F44 00000018 C=BSS      S=.bss     G=DGROUP   M=SyncObjs ACBP=A9
 0004:00004F5C 000000DC C=BSS      S=.bss     G=DGROUP   M=UxTheme  ACBP=A9
 0004:00005038 00000010 C=BSS      S=.bss     G=DGROUP   M=DwmApi   ACBP=A9
 0004:00005048 00000010 C=BSS      S=.bss     G=DGROUP   M=GraphUtil ACBP=A9
 0004:00005058 00000004 C=BSS      S=.bss     G=DGROUP   M=Printers ACBP=A9
 0004:0000505C 0000000C C=BSS      S=.bss     G=DGROUP   M=Clipbrd  ACBP=A9
 0004:00005068 00000008 C=BSS      S=.bss     G=DGROUP   M=ExtCtrls ACBP=A9
 0004:00005070 00000010 C=BSS      S=.bss     G=DGROUP   M=ComCtrls ACBP=A9
 0004:00005080 0000003C C=BSS      S=.bss     G=DGROUP   M=Dialogs  ACBP=A9
 0004:000050BC 00000034 C=BSS      S=.bss     G=DGROUP   M=FlatSB   ACBP=A9
 0004:000050F0 00000010 C=BSS      S=.bss     G=DGROUP   M=Menus    ACBP=A9
 0004:00005100 0000008C C=BSS      S=.bss     G=DGROUP   M=Controls ACBP=A9
 0004:0000518C 0000000C C=BSS      S=.bss     G=DGROUP   M=Themes   ACBP=A9
 0004:00005198 00000008 C=BSS      S=.bss     G=DGROUP   M=ImgList  ACBP=A9
 0004:000051A0 00000004 C=BSS      S=.bss     G=DGROUP   M=ActnList ACBP=A9
 0004:000051A4 00000028 C=BSS      S=.bss     G=DGROUP   M=Forms    ACBP=A9
 0004:000051CC 00000004 C=BSS      S=.bss     G=DGROUP   M=jpeg     ACBP=A9
 0004:000051D0 00000409 C=BSS      S=.bss     G=DGROUP   M=pngimage ACBP=A9
 0004:000055DC 00000004 C=BSS      S=.bss     G=DGROUP   M=frmAnotherWindow ACBP=A9
 0004:000055E0 00000004 C=BSS      S=.bss     G=DGROUP   M=frmCustomerExperience ACBP=A9
 0004:000055E4 00000004 C=BSS      S=.bss     G=DGROUP   M=frmMain  ACBP=A9
 0005:00000000 00000008 C=TLS      S=.tls     G=(none)   M=System   ACBP=A9
 0005:00000008 0000000C C=TLS      S=.tls     G=(none)   M=Classes  ACBP=A9
 0005:00000014 00000004 C=TLS      S=.tls     G=(none)   M=SyncObjs ACBP=A9
 0005:00000018 00000024 C=TLS      S=.tls     G=(none)   M=GraphUtil ACBP=A9


  Address             Publics by Name

 0001:000079DC       ActiveX.CoTaskMemAlloc
 0001:000079E4       ActiveX.CoTaskMemFree
 0001:000079EC       ActiveX.OleInitialize
 0001:000079F4       ActiveX.OleUninitialize
 0004:000051A0       ActnList..9
 0001:00067B04       ActnList..TActionLink
 0001:0006769C       ActnList..TContainedAction
 0001:000679F0       ActnList..TCustomAction
 0001:000677CC       ActnList..TCustomActionList
 0001:000678B8       ActnList..TShortCutList
 0002:00000708       ActnList.ActnList
 0001:00068BB0       ActnList.Finalization
 0001:0006821C       ActnList.TActionLink.IsCaptionLinked
 0001:00068230       ActnList.TActionLink.IsCheckedLinked
 0001:00068244       ActnList.TActionLink.IsEnabledLinked
 0001:00068258       ActnList.TActionLink.IsGroupIndexLinked
 0001:0006826C       ActnList.TActionLink.IsHelpContextLinked
 0001:00068280       ActnList.TActionLink.IsHelpLinked
 0001:00068294       ActnList.TActionLink.IsHintLinked
 0001:000682A8       ActnList.TActionLink.IsImageIndexLinked
 0001:000682BC       ActnList.TActionLink.IsShortCutLinked
 0001:000682D0       ActnList.TActionLink.IsVisibleLinked
 0001:000682E4       ActnList.TActionLink.SetAutoCheck
 0001:000682E8       ActnList.TActionLink.SetCaption
 0001:000682EC       ActnList.TActionLink.SetChecked
 0001:000682F0       ActnList.TActionLink.SetEnabled
 0001:000682F4       ActnList.TActionLink.SetGroupIndex
 0001:000682F8       ActnList.TActionLink.SetHelpContext
 0001:000682FC       ActnList.TActionLink.SetHelpKeyword
 0001:00068300       ActnList.TActionLink.SetHelpType
 0001:00068304       ActnList.TActionLink.SetHint
 0001:00068308       ActnList.TActionLink.SetImageIndex
 0001:0006830C       ActnList.TActionLink.SetShortCut
 0001:00068310       ActnList.TActionLink.SetVisible
 0001:00067BE0       ActnList.TContainedAction.Destroy
 0001:00067D4C       ActnList.TContainedAction.Execute
 0001:00067C14       ActnList.TContainedAction.GetIndex
 0001:00067C30       ActnList.TContainedAction.GetParentComponent
 0001:00067C40       ActnList.TContainedAction.HasParent
 0001:00067C2C       ActnList.TContainedAction.IsCategoryStored
 0001:00067C50       ActnList.TContainedAction.ReadState
 0001:00067CF8       ActnList.TContainedAction.SetActionList
 0001:00067CCC       ActnList.TContainedAction.SetCategory
 0001:00067C84       ActnList.TContainedAction.SetIndex
 0001:00067D20       ActnList.TContainedAction.SetParentComponent
 0001:00067DA4       ActnList.TContainedAction.Update
 0001:000683C0       ActnList.TCustomAction.AssignTo
 0001:00068314       ActnList.TCustomAction.Create
 0001:00068368       ActnList.TCustomAction.Destroy
 0001:00068A4C       ActnList.TCustomAction.DoHint
 0001:00068A74       ActnList.TCustomAction.Execute
 0001:00068AD8       ActnList.TCustomAction.GetSecondaryShortCuts
 0001:00068B34       ActnList.TCustomAction.HandleShortCut
 0001:000684CC       ActnList.TCustomAction.SetAutoCheck
 0001:0006852C       ActnList.TCustomAction.SetCaption
 0001:0006858C       ActnList.TCustomAction.SetChecked
 0001:00068694       ActnList.TCustomAction.SetEnabled
 0001:00068710       ActnList.TCustomAction.SetGroupIndex
 0001:00068828       ActnList.TCustomAction.SetHelpContext
 0001:000687C0       ActnList.TCustomAction.SetHelpKeyword
 0001:00068768       ActnList.TCustomAction.SetHelpType
 0001:00068880       ActnList.TCustomAction.SetHint
 0001:000688E0       ActnList.TCustomAction.SetImageIndex
 0001:00068A00       ActnList.TCustomAction.SetName
 0001:00068B00       ActnList.TCustomAction.SetSecondaryShortCuts
 0001:0006893C       ActnList.TCustomAction.SetShortCut
 0001:000689A0       ActnList.TCustomAction.SetVisible
 0001:00067FE4       ActnList.TCustomActionList.AddAction
 0001:0006802C       ActnList.TCustomActionList.Change
 0001:00067DFC       ActnList.TCustomActionList.Create
 0001:00067E68       ActnList.TCustomActionList.Destroy
 0001:00068138       ActnList.TCustomActionList.ExecuteAction
 0001:00067F38       ActnList.TCustomActionList.GetAction
 0001:00067F4C       ActnList.TCustomActionList.GetActionCount
 0001:00067EC0       ActnList.TCustomActionList.GetChildren
 0001:00067F88       ActnList.TCustomActionList.ImageListChange
 0001:00068094       ActnList.TCustomActionList.IsShortCut
 0001:00067F94       ActnList.TCustomActionList.Notification
 0001:00068004       ActnList.TCustomActionList.RemoveAction
 0001:00067F08       ActnList.TCustomActionList.SetChildOrder
 0001:00067F54       ActnList.TCustomActionList.SetImages
 0001:00068178       ActnList.TCustomActionList.SetState
 0001:00068158       ActnList.TCustomActionList.UpdateAction
 0001:00068B40       ActnList.TShortCutList.Add
 0001:00068B6C       ActnList.TShortCutList.IndexOfShortCut
 0002:000008DC       AppExample.AppExample
 0001:00094C3C       AppExample.Finalization
 0004:00002B68       Character.CategoryTable
 0004:00002B60       Character.CatIndexPrimary
 0004:00002B64       Character.CatIndexSecondary
 0004:00002B5C       Character.DataTable
 0003:000007D8       Character.Latin1Categories
 0004:00002B74       Character.NumericValueTable
 0004:00002B6C       Character.NumIndexPrimary
 0004:00002B70       Character.NumIndexSecondary
 0001:00007E44       Character.TCharacter.CheckLetter
 0001:00007E50       Character.TCharacter.CheckLetterOrDigit
 0001:00007F6C       Character.TCharacter.GetUnicodeCategory
 0001:00007FCC       Character.TCharacter.Initialize
 0001:00007F60       Character.TCharacter.IsAscii
 0001:00007E60       Character.TCharacter.IsLatin1
 0001:00007E6C       Character.TCharacter.IsLetter
 0001:00007EF8       Character.TCharacter.IsLetterOrDigit
 0004:00004E58       Classes..66
 0001:00016434       Classes..EBitsError
 0001:000162E8       Classes..EClassNotFound
 0001:00016514       Classes..EComponentError
 0001:000160C8       Classes..EFCreateError
 0001:000161A4       Classes..EFilerError
 0001:00016054       Classes..EFileStreamError
 0001:00016138       Classes..EFOpenError
 0001:000165F4       Classes..EInvalidOperation
 0001:000163C8       Classes..EListError
 0001:00016584       Classes..EOutOfResources
 0001:00016210       Classes..EReadError
 0001:00016358       Classes..EResNotFound
 0001:00015FE4       Classes..EStreamError
 0001:000164A0       Classes..EStringListError
 0001:000174C4       Classes..EThread
 0001:0001627C       Classes..EWriteError
 0001:000178F4       Classes..TBasicAction
 0001:00017868       Classes..TBasicActionLink
 0001:0001673C       Classes..TBits
 0001:0001734C       Classes..TClassFinder
 0001:00016A18       Classes..TCollection
 0001:00016954       Classes..TCollectionItem
 0001:000176FC       Classes..TComponent
 0001:00017014       Classes..TCustomMemoryStream
 0001:000173B4       Classes..TFiler
 0001:00016F80       Classes..TFileStream
 0001:00016EFC       Classes..THandleStream
 0001:00018840       Classes..TIntConst
 0001:00016894       Classes..TInterfacedPersistent
 0001:00016668       Classes..TList
 0001:0001709C       Classes..TMemoryStream
 0001:00016AF8       Classes..TOwnedCollection
 0001:0001679C       Classes..TPersistent
 0001:0001C520       Classes..TPropFixup
 0001:0001C5A4       Classes..TPropIntfFixup
 0001:00017424       Classes..TReader
 0001:00017A74       Classes..TRegGroup
 0001:00017AD8       Classes..TRegGroups
 0001:00017124       Classes..TResourceStream
 0001:00016E80       Classes..TStream
 0001:000172B8       Classes..TStreamAdapter
 0001:00016D4C       Classes..TStringList
 0001:00016BF8       Classes..TStrings
 0001:0001758C       Classes..TThread
 0001:000166D8       Classes..TThreadList
 0001:000187E4       Classes.ActivateClassGroup
 0003:00000BFC       Classes.AddDataModule
 0001:0001C85C       Classes.AddFinished
 0001:0001C894       Classes.AddNotFinished
 0001:0001D414       Classes.AddSubComponentsToLoaded
 0001:0001FCF8       Classes.AddThread
 0001:00021760       Classes.AllocateHWnd
 0003:00000C0C       Classes.ApplicationHandleException
 0003:00000C14       Classes.ApplicationShowException
 0001:00018B48       Classes.BeginGlobalLoading
 0003:00000C34       Classes.BlockCode
 0001:00017A38       Classes.Bounds
 0001:00021690       Classes.CalcJmpOffset
 0001:0001D450       Classes.CheckSubComponents
 0001:0001FD10       Classes.CheckSynchronize
 0002:0000021C       Classes.Classes
 0001:000185A8       Classes.ClassNotFound
 0001:0001D530       Classes.ComponentCreated
 0001:0001D5B0       Classes.CreateComponent
 0001:00021814       Classes.DeallocateHWnd
 0001:0001FC2C       Classes.DoneThreadSynchronization
 0001:0001A250       Classes.DoWrite
 0001:00018BD0       Classes.EndGlobalLoading
 0001:0001814C       Classes.Error
 0001:0001C358       Classes.Error
 0004:00004E88       Classes.ExternalThreads
 0003:00000C24       Classes.FilerSignature
 0001:0002183C       Classes.Finalization
 0001:00018668       Classes.FindClass
 0001:0001D760       Classes.FindExistingComponent
 0001:00018A60       Classes.FindGlobalComponent
 0004:00004E64       Classes.FindGlobalComponentProcs
 0001:00018908       Classes.FindIdentToInt
 0001:0001C764       Classes.FindNestedComponent
 0001:0001E7DC       Classes.FindUniqueName
 0001:0001FC44       Classes.FreeExternalThreads
 0001:000215FC       Classes.FreeIntConstList
 0001:00021730       Classes.FreeObjectInstance
 0001:00018614       Classes.GetClass
 0001:000197FC       Classes.GetDesigner
 0001:0001859C       Classes.GetFieldClassTable
 0004:00004E68       Classes.GlobalFixupList
 0001:0001C8DC       Classes.GlobalFixupReferences
 0005:0000000C       Classes.GlobalLists
 0005:00000008       Classes.GlobalLoaded
 0004:00004E4C       Classes.GlobalNameSpace
 0001:00018790       Classes.GroupDescendentsWith
 0001:0001DF70       Classes.HandleException
 0001:00018984       Classes.IdentToInt
 0001:00018C2C       Classes.InitComponent
 0001:00018CB8       Classes.InitInheritedComponent
 0001:0001FBF8       Classes.InitThreadSynchronization
 0004:00004E8C       Classes.InstBlockList
 0004:00004E90       Classes.InstFreeList
 0004:00004E5C       Classes.IntConstList
 0005:00000010       Classes.InternalCurrentThread
 0001:00018AC4       Classes.InternalReadComponentRes
 0001:000189C4       Classes.IntToIdent
 0001:00017A60       Classes.InvalidPoint
 0001:00018AA0       Classes.IsUniqueGlobalComponentName
 0004:00004E50       Classes.IsUniqueGlobalComponentNameProc
 0001:00021698       Classes.MakeObjectInstance
 0001:0001944C       Classes.Min
 0001:00021668       Classes.ModuleUnload
 0003:00000C28       Classes.NilMethod
 0001:0001989C       Classes.NotifyDesigner
 0001:00018BA0       Classes.NotifyGlobalLoading
 0001:000179F8       Classes.Point
 0001:0001CBFC       Classes.PropertyNotFound
 0001:0001E040       Classes.PropPathError
 0001:0001CBF0       Classes.PropValueError
 0001:0001BB20       Classes.RaiseException
 0001:0001F474       Classes.ReadCustomVariant
 0001:0001CBD8       Classes.ReadError
 0001:0001D550       Classes.Recover
 0001:00017A10       Classes.Rect
 0004:00004E60       Classes.RegGroups
 0001:00018688       Classes.RegisterClass
 0001:00018A08       Classes.RegisterFindGlobalComponentProc
 0001:000188DC       Classes.RegisterIntegerConsts
 0003:00000C04       Classes.RemoveDataModule
 0001:0001CAA8       Classes.RemoveFixupReferences
 0001:0001CB54       Classes.RemoveFixups
 0001:0001CEBC       Classes.RemoveGlobalFixup
 0001:0001FD04       Classes.RemoveThread
 0001:0001FCC4       Classes.ResetSyncEvent
 0001:0001A3BC       Classes.ReturnAddr
 0001:00018E44       Classes.ReturnAddr
 0001:0001D6C0       Classes.SetCompName
 0001:0001CC28       Classes.SetElementValue
 0001:0001E3B8       Classes.SetInterfaceReference
 0001:0001E2D4       Classes.SetIntIdent
 0001:0001E31C       Classes.SetObjectIdent
 0001:0001D4C8       Classes.SetSubComponentState
 0001:0001E35C       Classes.SetVariantReference
 0001:0001FCEC       Classes.SignalSyncEvent
 0001:0001EF94       Classes.SkipBinary
 0001:0001EFC4       Classes.SkipCollection
 0001:0001EF6C       Classes.SkipList
 0001:00018744       Classes.StartClassGroup
 0001:00021670       Classes.StdWndProc
 0001:0001B828       Classes.StringListCompareStrings
 0004:00004E54       Classes.SyncEvent
 0003:00000C30       Classes.SyncList
 0001:00021068       Classes.TBasicAction.Change
 0001:00020EF4       Classes.TBasicAction.Create
 0001:00020F38       Classes.TBasicAction.Destroy
 0001:00020FD4       Classes.TBasicAction.Execute
 0001:00020FA4       Classes.TBasicAction.ExecuteTarget
 0001:00020FA0       Classes.TBasicAction.HandlesTarget
 0001:00020FA8       Classes.TBasicAction.Notification
 0001:0002107C       Classes.TBasicAction.RegisterChanges
 0001:000210C8       Classes.TBasicAction.SetActionComponent
 0001:0002100C       Classes.TBasicAction.SetOnExecute
 0001:00021088       Classes.TBasicAction.UnRegisterChanges
 0001:00020FF0       Classes.TBasicAction.Update
 0001:00020FD0       Classes.TBasicAction.UpdateTarget
 0001:00020E44       Classes.TBasicActionLink.AssignClient
 0001:00020E7C       Classes.TBasicActionLink.Change
 0001:00020E00       Classes.TBasicActionLink.Create
 0001:00020E48       Classes.TBasicActionLink.Destroy
 0001:00020E94       Classes.TBasicActionLink.Execute
 0001:00020EDC       Classes.TBasicActionLink.IsOnExecuteLinked
 0001:00020EB0       Classes.TBasicActionLink.SetAction
 0001:00020EE0       Classes.TBasicActionLink.SetOnExecute
 0001:00020EE8       Classes.TBasicActionLink.Update
 0001:00019404       Classes.TBits.Destroy
 0001:00019434       Classes.TBits.Error
 0001:00019528       Classes.TBits.OpenBit
 0001:000194FC       Classes.TBits.SetBit
 0001:00019458       Classes.TBits.SetSize
 0001:000183B8       Classes.TClassFinder.Create
 0001:000184E4       Classes.TClassFinder.Destroy
 0001:00018514       Classes.TClassFinder.GetClass
 0001:00019B60       Classes.TCollection.Add
 0001:00019FD8       Classes.TCollection.Added
 0001:00019B80       Classes.TCollection.Assign
 0001:00019C28       Classes.TCollection.BeginUpdate
 0001:00019C2C       Classes.TCollection.Changed
 0001:00019C3C       Classes.TCollection.Clear
 0001:00019AC8       Classes.TCollection.Create
 0001:00019FDC       Classes.TCollection.Deleting
 0001:00019B14       Classes.TCollection.Destroy
 0001:00019CA4       Classes.TCollection.EndUpdate
 0001:00019CB4       Classes.TCollection.GetAttr
 0001:00019CB0       Classes.TCollection.GetAttrCount
 0001:00019CE4       Classes.TCollection.GetCount
 0001:00019CEC       Classes.TCollection.GetItem
 0001:00019CC4       Classes.TCollection.GetItemAttr
 0001:00019D00       Classes.TCollection.GetNamePath
 0001:00019DB4       Classes.TCollection.GetPropName
 0001:00019F08       Classes.TCollection.InsertItem
 0001:00019FE0       Classes.TCollection.Notify
 0001:00019FCC       Classes.TCollection.Owner
 0001:00019F70       Classes.TCollection.RemoveItem
 0001:00019FC4       Classes.TCollection.SetItemName
 0001:00019FC8       Classes.TCollection.Update
 0001:00019968       Classes.TCollectionItem.Changed
 0001:00019900       Classes.TCollectionItem.Create
 0001:00019938       Classes.TCollectionItem.Destroy
 0001:000199A4       Classes.TCollectionItem.GetDisplayName
 0001:0001998C       Classes.TCollectionItem.GetIndex
 0001:000199B8       Classes.TCollectionItem.GetNamePath
 0001:00019A64       Classes.TCollectionItem.GetOwner
 0001:00019A68       Classes.TCollectionItem.SetCollection
 0001:00019A90       Classes.TCollectionItem.SetDisplayName
 0001:00019A98       Classes.TCollectionItem.SetIndex
 0001:000206A8       Classes.TComponent.BeforeDestruction
 0001:00020BF0       Classes.TComponent.ChangeName
 0001:000205D8       Classes.TComponent.Create
 0001:00020970       Classes.TComponent.DefineProperties
 0001:00020624       Classes.TComponent.Destroy
 0001:00020838       Classes.TComponent.DestroyComponents
 0001:00020894       Classes.TComponent.Destroying
 0001:00020D0C       Classes.TComponent.ExecuteAction
 0001:00020B10       Classes.TComponent.FindComponent
 0001:000206B4       Classes.TComponent.FreeNotification
 0001:00020A14       Classes.TComponent.GetChildOwner
 0001:00020A18       Classes.TComponent.GetChildParent
 0001:00020A0C       Classes.TComponent.GetChildren
 0001:00020C04       Classes.TComponent.GetComponent
 0001:00020C30       Classes.TComponent.GetComponentCount
 0001:00020A1C       Classes.TComponent.GetNamePath
 0001:00020A30       Classes.TComponent.GetOwner
 0001:00020A38       Classes.TComponent.GetParentComponent
 0001:00020A08       Classes.TComponent.HasParent
 0001:00020748       Classes.TComponent.Insert
 0001:0002079C       Classes.TComponent.InsertComponent
 0001:00020DFC       Classes.TComponent.IntfGetComponent
 0001:00020A58       Classes.TComponent.Loaded
 0001:00020910       Classes.TComponent.Notification
 0001:00020A64       Classes.TComponent.PaletteCreated
 0001:00020D7C       Classes.TComponent.QueryInterface
 0001:00020708       Classes.TComponent.ReadLeft
 0001:00020A68       Classes.TComponent.ReadState
 0001:0002071C       Classes.TComponent.ReadTop
 0001:00020774       Classes.TComponent.Remove
 0001:00020800       Classes.TComponent.RemoveComponent
 0001:000208F4       Classes.TComponent.RemoveFreeNotification
 0001:000208D0       Classes.TComponent.RemoveNotification
 0001:00020D5C       Classes.TComponent.SafeCallException
 0001:00020A34       Classes.TComponent.SetChildOrder
 0001:00020C40       Classes.TComponent.SetComponentIndex
 0001:00020C94       Classes.TComponent.SetDesigning
 0001:00020B60       Classes.TComponent.SetName
 0001:00020A3C       Classes.TComponent.SetParentComponent
 0001:00020CE4       Classes.TComponent.SetReference
 0001:00020D34       Classes.TComponent.UpdateAction
 0001:00020A4C       Classes.TComponent.Updated
 0001:00020D74       Classes.TComponent.UpdateRegistry
 0001:00020A40       Classes.TComponent.Updating
 0001:00020AF8       Classes.TComponent.ValidateContainer
 0001:00020B0C       Classes.TComponent.ValidateInsert
 0001:00020A78       Classes.TComponent.ValidateRename
 0001:00020730       Classes.TComponent.WriteLeft
 0001:00020A70       Classes.TComponent.WriteState
 0001:0002073C       Classes.TComponent.WriteTop
 0001:00020DBC       Classes.TComponent._AddRef
 0001:00020DDC       Classes.TComponent._Release
 0001:0001C104       Classes.TCustomMemoryStream.Read
 0001:0001C13C       Classes.TCustomMemoryStream.Seek
 0001:0001C0FC       Classes.TCustomMemoryStream.SetPointer
 0001:0001C4AC       Classes.TFiler.Create
 0001:0001C4F4       Classes.TFiler.Destroy
 0001:0001C51C       Classes.TFiler.SetRoot
 0001:0001BF10       Classes.TFileStream.Create
 0001:0001BF54       Classes.TFileStream.Create
 0001:0001C0C8       Classes.TFileStream.Destroy
 0001:0001BE4C       Classes.THandleStream.Create
 0001:0001BE88       Classes.THandleStream.Read
 0001:0001BEA8       Classes.THandleStream.Seek
 0001:0001BEE8       Classes.THandleStream.SetSize
 0001:0001BED4       Classes.THandleStream.SetSize
 0001:0001BE98       Classes.THandleStream.Write
 0004:00004E84       Classes.ThreadCount
 0004:00004E6C       Classes.ThreadLock
 0001:0001FF04       Classes.ThreadProc
 0001:000188A4       Classes.TIntConst.Create
 0001:00019744       Classes.TInterfacedPersistent.AfterConstruction
 0001:000197D4       Classes.TInterfacedPersistent.QueryInterface
 0001:00019794       Classes.TInterfacedPersistent._AddRef
 0001:000197B4       Classes.TInterfacedPersistent._Release
 0001:00018D9C       Classes.TList.Add
 0001:00018DD0       Classes.TList.Clear
 0001:00018DE8       Classes.TList.Delete
 0001:00018D7C       Classes.TList.Destroy
 0001:00018E48       Classes.TList.Error
 0001:00018E80       Classes.TList.Error
 0001:00018ED4       Classes.TList.Expand
 0001:00018EEC       Classes.TList.First
 0001:00018EF4       Classes.TList.Get
 0001:00018F1C       Classes.TList.Grow
 0001:00018F50       Classes.TList.IndexOf
 0001:00018F74       Classes.TList.Insert
 0001:00018FE0       Classes.TList.Last
 0001:00019004       Classes.TList.Move
 0001:000191F0       Classes.TList.Notify
 0001:000190CC       Classes.TList.Pack
 0001:0001905C       Classes.TList.Put
 0001:000190AC       Classes.TList.Remove
 0001:00019140       Classes.TList.SetCapacity
 0001:0001917C       Classes.TList.SetCount
 0001:0001C18C       Classes.TMemoryStream.Clear
 0001:0001C160       Classes.TMemoryStream.Destroy
 0001:0001C1A4       Classes.TMemoryStream.LoadFromStream
 0001:0001C230       Classes.TMemoryStream.Realloc
 0001:0001C1DC       Classes.TMemoryStream.SetCapacity
 0001:0001C204       Classes.TMemoryStream.SetSize
 0001:0001C2B0       Classes.TMemoryStream.Write
 0001:0001A004       Classes.TOwnedCollection.Create
 0001:0001A048       Classes.TOwnedCollection.GetOwner
 0001:000195CC       Classes.TPersistent.Assign
 0001:000195E0       Classes.TPersistent.AssignError
 0001:0001969C       Classes.TPersistent.AssignTo
 0001:000196A4       Classes.TPersistent.DefineProperties
 0001:000195A0       Classes.TPersistent.Destroy
 0001:000196A8       Classes.TPersistent.GetNamePath
 0001:00019740       Classes.TPersistent.GetOwner
 0001:0001C610       Classes.TPropFixup.Create
 0001:0001C668       Classes.TPropFixup.MakeGlobalReference
 0001:0001C6D0       Classes.TPropFixup.ResolveReference
 0001:0001C6E0       Classes.TPropIntfFixup.ResolveReference
 0001:0001CC7C       Classes.TReader.CheckValue
 0001:0001CCDC       Classes.TReader.DefineBinaryProperty
 0001:0001CCA0       Classes.TReader.DefineProperty
 0001:0001CC40       Classes.TReader.Destroy
 0001:0001CF38       Classes.TReader.DoFixupReferences
 0001:0001CDC4       Classes.TReader.EndOfList
 0001:0001CDD8       Classes.TReader.Error
 0001:0001F2C0       Classes.TReader.FindAncestorComponent
 0001:0001F3B8       Classes.TReader.FindComponentClass
 0001:0001CE6C       Classes.TReader.FindMethod
 0001:0001CDFC       Classes.TReader.FindMethodInstance
 0001:0001D07C       Classes.TReader.FlushBuffer
 0001:0001D0A0       Classes.TReader.FreeFixups
 0001:0001D0DC       Classes.TReader.GetFieldClass
 0001:0001D170       Classes.TReader.GetPosition
 0001:0001D188       Classes.TReader.NextValue
 0001:0001D198       Classes.TReader.PropertyError
 0001:0001D1AC       Classes.TReader.Read
 0001:0001D234       Classes.TReader.ReadBoolean
 0001:0001D1F8       Classes.TReader.ReadBuffer
 0001:0001D248       Classes.TReader.ReadChar
 0001:0001D33C       Classes.TReader.ReadCollection
 0001:0001D804       Classes.TReader.ReadComponent
 0001:0001DC44       Classes.TReader.ReadCurrency
 0001:0001DA44       Classes.TReader.ReadData
 0001:0001DAB4       Classes.TReader.ReadDataInner
 0001:0001DC94       Classes.TReader.ReadDate
 0001:0001DBBC       Classes.TReader.ReadDouble
 0001:0001DB84       Classes.TReader.ReadFloat
 0001:0001DCD8       Classes.TReader.ReadIdent
 0001:0001DEDC       Classes.TReader.ReadInt64
 0001:0001DE70       Classes.TReader.ReadInteger
 0001:0001DF20       Classes.TReader.ReadListBegin
 0001:0001DF28       Classes.TReader.ReadListEnd
 0001:0001DF30       Classes.TReader.ReadPrefix
 0001:0001E05C       Classes.TReader.ReadProperty
 0001:0001E478       Classes.TReader.ReadPropValue
 0001:0001E844       Classes.TReader.ReadRootComponent
 0001:0001EB78       Classes.TReader.ReadSet
 0001:0001EC34       Classes.TReader.ReadSignature
 0001:0001DC00       Classes.TReader.ReadSingle
 0001:0001EC58       Classes.TReader.ReadStr
 0001:0001ECE8       Classes.TReader.ReadString
 0001:0001EF10       Classes.TReader.ReadValue
 0001:0001F63C       Classes.TReader.ReadVariant
 0001:0001D2DC       Classes.TReader.ReadWideChar
 0001:0001EDD0       Classes.TReader.ReadWideString
 0001:0001F378       Classes.TReader.ReferenceName
 0001:0001F390       Classes.TReader.SetName
 0001:0001F42C       Classes.TReader.SkipBytes
 0001:0001F218       Classes.TReader.SkipComponent
 0001:0001F1D0       Classes.TReader.SkipProperty
 0001:0001EF24       Classes.TReader.SkipSetBody
 0001:0001F020       Classes.TReader.SkipValue
 0001:00017B3C       Classes.TRegGroup.AddClass
 0001:00017B48       Classes.TRegGroup.BestClass
 0001:00017BA8       Classes.TRegGroup.BestGroup
 0001:00017C18       Classes.TRegGroup.Create
 0001:00017C74       Classes.TRegGroup.Destroy
 0001:00017CB4       Classes.TRegGroup.GetClass
 0001:00017D04       Classes.TRegGroup.InGroup
 0001:00017D48       Classes.TRegGroup.RegisterClass
 0001:00017DFC       Classes.TRegGroup.Registered
 0001:00017E64       Classes.TRegGroup.UnregisterModuleClasses
 0001:00017FA4       Classes.TRegGroups.Activate
 0001:00017FF0       Classes.TRegGroups.Create
 0001:00018064       Classes.TRegGroups.Destroy
 0001:000180C4       Classes.TRegGroups.FindGroup
 0001:00018108       Classes.TRegGroups.GetClass
 0001:000181D0       Classes.TRegGroups.GroupWith
 0001:000182A4       Classes.TRegGroups.Lock
 0001:000182B0       Classes.TRegGroups.RegisterClass
 0001:000182C8       Classes.TRegGroups.Registered
 0001:0001830C       Classes.TRegGroups.StartGroup
 0001:0001835C       Classes.TRegGroups.Unlock
 0001:00018368       Classes.TRegGroups.UnregisterModuleClasses
 0001:0001C300       Classes.TResourceStream.Create
 0001:0001C464       Classes.TResourceStream.Destroy
 0001:0001C3F8       Classes.TResourceStream.Initialize
 0001:0001C494       Classes.TResourceStream.Write
 0001:0001BCF8       Classes.TStream.CopyFrom
 0001:0001BA34       Classes.TStream.GetPosition
 0001:0001BA68       Classes.TStream.GetSize
 0001:0001BC88       Classes.TStream.ReadBuffer
 0001:0001BDEC       Classes.TStream.ReadComponent
 0001:0001BB94       Classes.TStream.Seek
 0001:0001BC18       Classes.TStream.Seek
 0001:0001BA54       Classes.TStream.SetPosition
 0001:0001BAB4       Classes.TStream.SetSize
 0001:0001BACC       Classes.TStream.SetSize
 0001:0001BAB8       Classes.TStream.SetSize64
 0001:0001BCC0       Classes.TStream.WriteBuffer
 0001:000215E4       Classes.TStreamAdapter.Clone
 0001:00021538       Classes.TStreamAdapter.Commit
 0001:00021330       Classes.TStreamAdapter.CopyTo
 0001:000210F4       Classes.TStreamAdapter.Create
 0001:00021140       Classes.TStreamAdapter.Destroy
 0001:00021550       Classes.TStreamAdapter.LockRegion
 0001:00021178       Classes.TStreamAdapter.Read
 0001:00021544       Classes.TStreamAdapter.Revert
 0001:00021248       Classes.TStreamAdapter.Seek
 0001:000212CC       Classes.TStreamAdapter.SetSize
 0001:00021568       Classes.TStreamAdapter.Stat
 0001:0002155C       Classes.TStreamAdapter.UnlockRegion
 0001:000211E0       Classes.TStreamAdapter.Write
 0001:0001B228       Classes.TStringList.Add
 0001:0001B238       Classes.TStringList.AddObject
 0001:0001B29C       Classes.TStringList.Changed
 0001:0001B2B8       Classes.TStringList.Changing
 0001:0001B2D4       Classes.TStringList.Clear
 0001:0001B890       Classes.TStringList.CompareStrings
 0001:0001B9FC       Classes.TStringList.Create
 0001:0001B858       Classes.TStringList.CustomSort
 0001:0001B33C       Classes.TStringList.Delete
 0001:0001B1A4       Classes.TStringList.Destroy
 0001:0001B3BC       Classes.TStringList.Exchange
 0001:0001B418       Classes.TStringList.ExchangeItems
 0001:0001B43C       Classes.TStringList.Find
 0001:0001B4C0       Classes.TStringList.Get
 0001:0001B4F4       Classes.TStringList.GetCapacity
 0001:0001B4F8       Classes.TStringList.GetCount
 0001:0001B4FC       Classes.TStringList.GetObject
 0001:0001B524       Classes.TStringList.Grow
 0001:0001B558       Classes.TStringList.IndexOf
 0001:0001B594       Classes.TStringList.Insert
 0001:0001B5F8       Classes.TStringList.InsertItem
 0001:0001B5A4       Classes.TStringList.InsertObject
 0001:0001B674       Classes.TStringList.Put
 0001:0001B6D0       Classes.TStringList.PutObject
 0001:0001B710       Classes.TStringList.QuickSort
 0001:0001B7A8       Classes.TStringList.SetCapacity
 0001:0001B7E8       Classes.TStringList.SetSorted
 0001:0001B808       Classes.TStringList.SetUpdateState
 0001:0001B848       Classes.TStringList.Sort
 0001:0001A07C       Classes.TStrings.Add
 0001:0001A0A0       Classes.TStrings.AddObject
 0001:0001A0C4       Classes.TStrings.AddStrings
 0001:0001A17C       Classes.TStrings.Assign
 0001:0001A238       Classes.TStrings.BeginUpdate
 0001:0001B098       Classes.TStrings.CompareStrings
 0001:0001A2A8       Classes.TStrings.DefineProperties
 0001:0001A04C       Classes.TStrings.Destroy
 0001:0001A300       Classes.TStrings.EndUpdate
 0001:0001A314       Classes.TStrings.Equals
 0001:0001A3F8       Classes.TStrings.Error
 0001:0001A3C0       Classes.TStrings.Error
 0001:0001A450       Classes.TStrings.Exchange
 0001:0001A53C       Classes.TStrings.GetCapacity
 0001:0001B030       Classes.TStrings.GetLineBreak
 0001:0001B168       Classes.TStrings.GetNameValueSeparator
 0001:0001A544       Classes.TStrings.GetObject
 0001:0001A548       Classes.TStrings.GetText
 0001:0001A59C       Classes.TStrings.GetTextStr
 0001:0001A734       Classes.TStrings.IndexOf
 0001:0001A7C0       Classes.TStrings.IndexOfName
 0001:0001A894       Classes.TStrings.IndexOfObject
 0001:0001A8C8       Classes.TStrings.InsertObject
 0001:0001A8F8       Classes.TStrings.LoadFromFile
 0001:0001A94C       Classes.TStrings.LoadFromFile
 0001:0001A9A8       Classes.TStrings.LoadFromStream
 0001:0001A9B4       Classes.TStrings.LoadFromStream
 0001:0001AAA8       Classes.TStrings.Move
 0001:0001AB58       Classes.TStrings.Put
 0001:0001AB88       Classes.TStrings.PutObject
 0001:0001AB8C       Classes.TStrings.ReadData
 0001:0001AC3C       Classes.TStrings.SaveToFile
 0001:0001AC4C       Classes.TStrings.SaveToFile
 0001:0001ACBC       Classes.TStrings.SaveToStream
 0001:0001ACAC       Classes.TStrings.SaveToStream
 0001:0001AD74       Classes.TStrings.SetCapacity
 0001:0001B06C       Classes.TStrings.SetLineBreak
 0001:0001B184       Classes.TStrings.SetNameValueSeparator
 0001:0001AD78       Classes.TStrings.SetStringsAdapter
 0001:0001ADAC       Classes.TStrings.SetText
 0001:0001ADFC       Classes.TStrings.SetTextStr
 0001:0001AFA8       Classes.TStrings.SetUpdateState
 0001:0001AFAC       Classes.TStrings.WriteData
 0001:00020140       Classes.TThread.AfterConstruction
 0001:000201E8       Classes.TThread.CallOnTerminate
 0001:000201D0       Classes.TThread.CheckThreadError
 0001:00020154       Classes.TThread.CheckThreadError
 0001:0001FFB8       Classes.TThread.Create
 0001:000200C0       Classes.TThread.Destroy
 0001:000201FC       Classes.TThread.DoTerminate
 0001:00020210       Classes.TThread.RemoveQueuedEvents
 0001:000204CC       Classes.TThread.Resume
 0001:000202D4       Classes.TThread.Synchronize
 0001:00020498       Classes.TThread.Synchronize
 0001:000204F4       Classes.TThread.Terminate
 0001:00020518       Classes.TThread.WaitFor
 0001:000192C4       Classes.TThreadList.Add
 0001:0001934C       Classes.TThreadList.Clear
 0001:000191F4       Classes.TThreadList.Create
 0001:00019248       Classes.TThreadList.Destroy
 0001:00019394       Classes.TThreadList.LockList
 0001:000193A8       Classes.TThreadList.Remove
 0001:000193F8       Classes.TThreadList.UnlockList
 0001:0001F85C       Classes.TWriter.Write
 0001:0001F8C0       Classes.TWriter.WriteBoolean
 0001:0001F8A8       Classes.TWriter.WriteBuffer
 0001:0001F8D4       Classes.TWriter.WriteInteger
 0001:0001F948       Classes.TWriter.WriteListBegin
 0001:0001F950       Classes.TWriter.WriteListEnd
 0001:0001F958       Classes.TWriter.WriteMinStr
 0001:0001FAAC       Classes.TWriter.WriteString
 0001:0001FBE4       Classes.TWriter.WriteValue
 0001:00018A48       Classes.UnregisterFindGlobalComponentProc
 0001:000186F8       Classes.UnRegisterModuleClasses
 0003:00000C38       Classes.UtilWindowClass
 0001:0001FCD0       Classes.WaitForSyncEvent
 0003:00000C1C       Classes.WakeMainThread
 0004:00005060       Clipbrd..3
 0004:0000505E       Clipbrd.CF_COMPONENT
 0004:0000505C       Clipbrd.CF_PICTURE
 0002:00000498       Clipbrd.Clipbrd
 0004:00005064       Clipbrd.FClipboard
 0001:0003FDC0       Clipbrd.Finalization
 0004:00005070       ComCtrls..96
 0001:00042AB8       ComCtrls..TConversion
 0002:00000564       ComCtrls.ComCtrls
 0004:00005074       ComCtrls.ConversionFormatList
 0001:00042CC4       ComCtrls.Finalization
 0001:00042C68       ComCtrls.FreeConversionFormatList
 0004:0000507C       ComCtrls.FRichEditModule
 0003:00004CA4       ComCtrls.RTFConversionFormat
 0004:00005078       ComCtrls.ShellModule
 0001:00042BB0       ComCtrls.TConversion.ConvertReadStream
 0001:00042C0C       ComCtrls.TConversion.ConvertWriteStream
 0001:00042B78       ComCtrls.TConversion.Create
 0003:00004CAC       ComCtrls.TextConversionFormat
 0004:00004ED0       CommCtrl.ComCtl32DLL
 0001:00023CA4       CommCtrl.FlatSB_GetScrollInfo
 0001:00023CAC       CommCtrl.FlatSB_GetScrollPos
 0001:00023CB4       CommCtrl.FlatSB_SetScrollInfo
 0001:00023CBC       CommCtrl.FlatSB_SetScrollPos
 0001:00023CC4       CommCtrl.FlatSB_SetScrollProp
 0001:00023C14       CommCtrl.ImageList_Add
 0001:00023C44       CommCtrl.ImageList_BeginDrag
 0001:00023BF4       CommCtrl.ImageList_Create
 0001:00023BFC       CommCtrl.ImageList_Destroy
 0001:00023C54       CommCtrl.ImageList_DragEnter
 0001:00023C5C       CommCtrl.ImageList_DragLeave
 0001:00023C64       CommCtrl.ImageList_DragMove
 0001:00023C6C       CommCtrl.ImageList_DragShowNolock
 0001:00023C2C       CommCtrl.ImageList_Draw
 0001:00023C34       CommCtrl.ImageList_DrawEx
 0001:00023C4C       CommCtrl.ImageList_EndDrag
 0001:00023C24       CommCtrl.ImageList_GetBkColor
 0001:00023C74       CommCtrl.ImageList_GetDragImage
 0001:00023C8C       CommCtrl.ImageList_GetIconSize
 0001:00023C04       CommCtrl.ImageList_GetImageCount
 0001:00023C7C       CommCtrl.ImageList_Read
 0001:00023C3C       CommCtrl.ImageList_Remove
 0001:00023C1C       CommCtrl.ImageList_SetBkColor
 0001:00023C94       CommCtrl.ImageList_SetIconSize
 0001:00023C0C       CommCtrl.ImageList_SetImageCount
 0001:00023C84       CommCtrl.ImageList_Write
 0001:00023B74       CommCtrl.InitComCtl
 0001:00023CCC       CommCtrl.InitializeFlatSB
 0001:00023CD4       CommCtrl.TaskDialogIndirect
 0004:00004ED4       CommCtrl._InitCommonControlsEx
 0004:00004ED8       CommCtrl._TaskDialogIndirect
 0001:00023C9C       CommCtrl._TrackMouseEvent
 0001:00021924       Contnrs..TOrderedList
 0001:00021998       Contnrs..TStack
 0001:00021A1C       Contnrs.TOrderedList.Create
 0001:00021A60       Contnrs.TOrderedList.Destroy
 0001:00021A90       Contnrs.TOrderedList.PeekItem
 0001:00021A04       Contnrs.TOrderedList.Pop
 0001:00021AA4       Contnrs.TOrderedList.PopItem
 0001:00021A0C       Contnrs.TOrderedList.Push
 0001:00021AC4       Contnrs.TStack.PushItem
 0004:00005110       Controls..73
 0001:0004ED64       Controls..TBaseDragControlObject
 0001:00050174       Controls..TControl
 0001:0004F288       Controls..TControlActionLink
 0001:0004F0E8       Controls..TControlCanvas
 0001:00050FCC       Controls..TCustomControl
 0001:0004F194       Controls..TCustomControlAction
 0001:00051AEC       Controls..TCustomHint
 0001:00051A70       Controls..TCustomHintShowHideThread
 0001:000518C0       Controls..TCustomHintWindow
 0001:0005176C       Controls..TDockTree
 0001:00051614       Controls..TDockZone
 0001:0004EE34       Controls..TDragControlObject
 0001:0004EECC       Controls..TDragControlObjectEx
 0001:0004EF68       Controls..TDragDockObject
 0001:0004F03C       Controls..TDragDockObjectEx
 0001:000512E8       Controls..TDragImageList
 0001:0004ECB4       Controls..TDragObject
 0001:00050E9C       Controls..TGraphicControl
 0001:00051148       Controls..THintWindow
 0001:000513C0       Controls..TImageList
 0001:0004F6F0       Controls..TMargins
 0001:0005181C       Controls..TMouse
 0001:0004F814       Controls..TPadding
 0001:0005233C       Controls..TSiteList
 0001:0004F598       Controls..TSizeConstraints
 0001:00050A70       Controls..TWinControl
 0001:00050640       Controls..TWinControlActionLink
 0001:000529BC       Controls.AbsMin
 0004:00005144       Controls.ActiveDrag
 0001:00059128       Controls.AlignNestedControls
 0001:000590D4       Controls.AlignWork
 0003:00004F8C       Controls.AnchorAlign
 0003:00004F80       Controls.AnimateWindowProc
 0003:00005088       Controls.AnimationStyle
 0001:00055A4C       Controls.BackgroundClipped
 0001:00063120       Controls.CalcSplitterPos
 0001:00053A4C       Controls.CancelDrag
 0004:00005158       Controls.CanvasList
 0003:00005044       Controls.CaptureControl
 0001:00051C54       Controls.ChangeBiDiModeAlignment
 0001:000536B4       Controls.CheckUndock
 0001:0005FE50       Controls.ClientToWindow
 0004:00005116       Controls.ControlAtom
 0004:0000511C       Controls.ControlAtomString
 0002:00000678       Controls.Controls
 0003:00004F88       Controls.CreationControl
 0003:00005080       Controls.Ctl3DStyles
 0003:00004F94       Controls.Cursors
 0001:0005211C       Controls.CursorToIdent
 0003:00004F84       Controls.DefaultDockTreeClass
 0001:0005A494       Controls.DestroyChildWindow
 0001:000593A0       Controls.DoAdjustSize
 0001:00058F48       Controls.DoAlign
 0001:0005E5EC       Controls.DoCalcConstraints
 0004:0000514C       Controls.DockSiteList
 0001:0005B368       Controls.DoControlMsg
 0001:00052FBC       Controls.DoDragOver
 0001:00060B40       Controls.DoFindControlZone
 0001:00061268       Controls.DoFindZone
 0001:00060BC4       Controls.DoForEach
 0001:000628EC       Controls.DoGetNextLimit
 0001:00063A18       Controls.DoneControls
 0001:00058F00       Controls.DoPosition
 0001:00061D88       Controls.DoPrune
 0001:000622D0       Controls.DoSaveZone
 0001:000625D4       Controls.DoSetNewBounds
 0001:0005A128       Controls.DoWriteDesignSize
 0001:00056E30       Controls.DoWriteExplicit
 0001:00056DFC       Controls.DoWriteIsControl
 0004:00005130       Controls.DragCapture
 0004:00005124       Controls.DragControl
 0001:00053728       Controls.DragDone
 0001:00052F6C       Controls.DragFindTarget
 0001:00052F40       Controls.DragFindWindow
 0004:00005148       Controls.DragImageList
 0001:00053380       Controls.DragInit
 0001:000534F0       Controls.DragInitControl
 0004:0000512C       Controls.DragInternalObject
 0001:00052E88       Controls.DragMessage
 0004:00005128       Controls.DragObject
 0004:00005154       Controls.DragSave
 0004:0000513C       Controls.DragSaveCursor
 0004:00005134       Controls.DragStartPos
 0004:00005140       Controls.DragThreshold
 0001:00053098       Controls.DragTo
 0001:0006180C       Controls.DrawCloseButton
 0001:000618A0       Controls.DrawGrabberLine
 0001:00061928       Controls.DrawThemedGrabber
 0001:0005B818       Controls.DrawThemeEdge
 0003:00005070       Controls.EdgeStyles
 0001:00065014       Controls.Finalization
 0001:00051DAC       Controls.FindControl
 0001:00053A98       Controls.FindDragTarget
 0001:00053A64       Controls.FindVCLWindow
 0004:0000515C       Controls.FlagControl
 0001:00053B5C       Controls.FreeDeviceContext
 0001:00053C18       Controls.FreeDeviceContexts
 0001:000522D0       Controls.GetCaptureControl
 0001:00058D70       Controls.GetClientSize
 0001:0005A9A0       Controls.GetControlAtPos
 0001:000629CC       Controls.GetDockAlign
 0001:00052CE0       Controls.GetDockSiteAtPos
 0001:00052FF8       Controls.GetDropCtl
 0001:0006086C       Controls.GetLastChildZone
 0001:00052184       Controls.GetLongHint
 0001:0005213C       Controls.GetShortHint
 0001:000523E8       Controls.GetTopParent
 0001:00062A48       Controls.HideZone
 0001:0005212C       Controls.IdentToCursor
 0003:000050B0       Controls.IMM32DLL
 0001:00063A04       Controls.Imm32IsIME
 0001:00063AB8       Controls.InitControls
 0001:000635D0       Controls.InitIMM32
 0001:00051C68       Controls.InitWndProc
 0003:00005050       Controls.InnerStyles
 0001:00058DD0       Controls.InsertBefore
 0001:00052AA0       Controls.IsBeforeTargetWindow
 0001:00052EE0       Controls.IsDelphiHandle
 0001:00060284       Controls.IsOrientationSet
 0001:00052C9C       Controls.IsSiteChildOfClient
 0001:00051E08       Controls.IsVCLControl
 0004:00005104       Controls.IsVCLControlHook
 0001:00064AA8       Controls.LatestHintWindow
 0001:00053AE4       Controls.ListAdd
 0001:00053B0C       Controls.ListRemove
 0003:0000509C       Controls.MakeLast
 0001:00057FC4       Controls.MinVar
 0003:000050B4       Controls.ModeMap
 0004:00005100       Controls.Mouse
 0001:00053B2C       Controls.MoveWindowOrg
 0004:0000510C       Controls.NewStyleControls
 0001:00060268       Controls.NextVisibleZone
 0001:00051D78       Controls.ObjectFromHWnd
 0003:00005094       Controls.OrientArray
 0003:00005060       Controls.OuterStyles
 0001:00060694       Controls.ParentNotLast
 0001:0005221C       Controls.PerformBufferedPrintClient
 0001:000521CC       Controls.PerformEraseBackground
 0001:0005A114       Controls.PointsEqual
 0004:00005150       Controls.QualifyingSites
 0001:00061404       Controls.ReadControlName
 0001:00052E2C       Controls.RegisterDockSite
 0004:00005120       Controls.RM_GetObjectInstance
 0001:00051E38       Controls.SendAppMessage
 0001:000522F8       Controls.SetCaptureControl
 0001:0006392C       Controls.SetImeMode
 0001:00057900       Controls.SetParentColor
 0003:00005048       Controls.ShowFlags
 0001:00062AC8       Controls.ShowZone
 0003:000050A8       Controls.SizeCursors
 0001:000527BC       Controls.TBaseDragControlObject.Assign
 0001:00052780       Controls.TBaseDragControlObject.Create
 0001:000527E8       Controls.TBaseDragControlObject.EndDrag
 0001:0005280C       Controls.TBaseDragControlObject.Finished
 0001:00057CF4       Controls.TControl.ActionChange
 0001:000580E4       Controls.TControl.AdjustSize
 0001:00057F18       Controls.TControl.AssignTo
 0001:00055D9C       Controls.TControl.BeginAutoDrag
 0001:00055DB8       Controls.TControl.BeginDrag
 0001:000558AC       Controls.TControl.BringToFront
 0001:00056818       Controls.TControl.CalcCursorPos
 0001:000569BC       Controls.TControl.CalcDockSizes
 0001:00056718       Controls.TControl.CanAutoSize
 0001:0005671C       Controls.TControl.CanResize
 0001:00055224       Controls.TControl.Changed
 0001:00055234       Controls.TControl.ChangeScale
 0001:00057444       Controls.TControl.CheckNewSize
 0001:00057230       Controls.TControl.Click
 0001:00058320       Controls.TControl.ClientToParent
 0001:00055028       Controls.TControl.ClientToScreen
 0001:00057A08       Controls.TControl.CMBiDiModeChanged
 0001:000578F4       Controls.TControl.CMColorChanged
 0001:00057B80       Controls.TControl.CMDesignHitTest
 0001:000578DC       Controls.TControl.CMEnabledChanged
 0001:00057C94       Controls.TControl.CMFloat
 0001:000578E8       Controls.TControl.CMFontChanged
 0001:00058170       Controls.TControl.CMHintShow
 0001:00057AB0       Controls.TControl.CMHitTest
 0001:00058430       Controls.TControl.CMMouseActivate
 0001:00057AB8       Controls.TControl.CMMouseEnter
 0001:00057B1C       Controls.TControl.CMMouseLeave
 0001:00057998       Controls.TControl.CMMouseWheel
 0001:00057974       Controls.TControl.CMParentBiDiModeChanged
 0001:00057938       Controls.TControl.CMParentColorChanged
 0001:00057A60       Controls.TControl.CMParentFontChanged
 0001:00057A24       Controls.TControl.CMParentShowHintChanged
 0001:00057A90       Controls.TControl.CMSysFontChanged
 0001:000578B4       Controls.TControl.CMVisibleChanged
 0001:000567E8       Controls.TControl.ConstrainedResize
 0001:00054398       Controls.TControl.Create
 0001:00057B88       Controls.TControl.CreateFloatingDockSite
 0001:000572A8       Controls.TControl.DblClick
 0001:00056244       Controls.TControl.DefaultDockImage
 0001:00056D48       Controls.TControl.DefaultHandler
 0001:00057050       Controls.TControl.DefineProperties
 0001:00056844       Controls.TControl.DesignWndProc
 0001:000544A8       Controls.TControl.Destroy
 0001:00057DF4       Controls.TControl.DoActionChange
 0001:0005674C       Controls.TControl.DoCanAutoSize
 0001:000567B8       Controls.TControl.DoCanResize
 0001:00054CFC       Controls.TControl.Dock
 0001:00056030       Controls.TControl.DockTrackNoTarget
 0001:00056878       Controls.TControl.DoConstrainedResize
 0001:0005670C       Controls.TControl.DoConstraintsChange
 0001:000582E0       Controls.TControl.DoContextPopup
 0001:00054E28       Controls.TControl.DoDock
 0001:00056390       Controls.TControl.DoDragMsg
 0001:00056048       Controls.TControl.DoEndDock
 0001:00055F30       Controls.TControl.DoEndDrag
 0001:00058454       Controls.TControl.DoMarginChange
 0001:000560A4       Controls.TControl.DoMouseActivate
 0001:00057300       Controls.TControl.DoMouseDown
 0001:00057674       Controls.TControl.DoMouseUp
 0001:000560D8       Controls.TControl.DoMouseWheel
 0001:000561AC       Controls.TControl.DoMouseWheelDown
 0001:000561F8       Controls.TControl.DoMouseWheelUp
 0001:00056074       Controls.TControl.DoStartDock
 0001:00055F10       Controls.TControl.DoStartDrag
 0001:00055E98       Controls.TControl.DragCanceled
 0001:00055EE4       Controls.TControl.DragDrop
 0001:00055E9C       Controls.TControl.Dragging
 0001:00055EA8       Controls.TControl.DragOver
 0001:00056370       Controls.TControl.DrawDragDockImage
 0001:00058104       Controls.TControl.DrawTextBiDiModeFlags
 0001:00058144       Controls.TControl.DrawTextBiDiModeFlagsReadingOnly
 0001:00056380       Controls.TControl.EraseDragDockImage
 0001:000556BC       Controls.TControl.FontChanged
 0001:00054638       Controls.TControl.GetAction
 0001:00057E18       Controls.TControl.GetActionLinkClass
 0001:00058468       Controls.TControl.GetAlignWithMargins
 0001:00054EB8       Controls.TControl.GetBoundsRect
 0001:00054F58       Controls.TControl.GetClientHeight
 0001:00054F98       Controls.TControl.GetClientOrigin
 0001:00054EFC       Controls.TControl.GetClientRect
 0001:00054F14       Controls.TControl.GetClientWidth
 0001:00055D4C       Controls.TControl.GetControlsAlignment
 0001:00056994       Controls.TControl.GetCustomHint
 0001:000559A4       Controls.TControl.GetDeviceContext
 0001:00058000       Controls.TControl.GetDockEdge
 0001:0005457C       Controls.TControl.GetDragImages
 0001:000547C8       Controls.TControl.GetDragMode
 0001:00054580       Controls.TControl.GetEnabled
 0001:000580B0       Controls.TControl.GetFloating
 0001:000580DC       Controls.TControl.GetFloatingDockSiteClass
 0001:00055874       Controls.TControl.GetMouseCapture
 0001:00054588       Controls.TControl.GetPalette
 0001:00054594       Controls.TControl.GetParentComponent
 0001:00057440       Controls.TControl.GetPopupMenu
 0001:00055604       Controls.TControl.GetText
 0001:000555AC       Controls.TControl.GetTextBuf
 0001:0005559C       Controls.TControl.GetTextLen
 0001:000555B8       Controls.TControl.GetUndockHeight
 0001:000555CC       Controls.TControl.GetUndockWidth
 0001:0005458C       Controls.TControl.HasParent
 0001:00058160       Controls.TControl.InitiateAction
 0001:00055B68       Controls.TControl.Invalidate
 0001:00055AD4       Controls.TControl.InvalidateControl
 0001:00054764       Controls.TControl.IsAnchorsStored
 0001:00055730       Controls.TControl.IsBiDiModeStored
 0001:00057E20       Controls.TControl.IsCaptionStored
 0001:00055808       Controls.TControl.IsColorStored
 0001:00057E40       Controls.TControl.IsEnabledStored
 0001:00055710       Controls.TControl.IsFontStored
 0001:00057E80       Controls.TControl.IsHelpContextStored
 0001:00057E60       Controls.TControl.IsHintStored
 0001:00057EC0       Controls.TControl.IsOnClickStored
 0001:00055724       Controls.TControl.IsShowHintStored
 0001:00057EA0       Controls.TControl.IsVisibleStored
 0001:00057EE0       Controls.TControl.Loaded
 0001:00056480       Controls.TControl.ManualDock
 0001:0005666C       Controls.TControl.ManualFloat
 0001:00055B7C       Controls.TControl.MouseActivate
 0001:000572C8       Controls.TControl.MouseDown
 0001:00057590       Controls.TControl.MouseMove
 0001:0005763C       Controls.TControl.MouseUp
 0001:00055BC4       Controls.TControl.MouseWheelHandler
 0001:00054894       Controls.TControl.Notification
 0001:000545C0       Controls.TControl.PaletteChanged
 0001:00056980       Controls.TControl.Perform
 0001:0005694C       Controls.TControl.Perform
 0001:00055F5C       Controls.TControl.PositionDockRect
 0001:00058544       Controls.TControl.ReadExplicitHeight
 0001:0005855C       Controls.TControl.ReadExplicitLeft
 0001:0005852C       Controls.TControl.ReadExplicitTop
 0001:00058504       Controls.TControl.ReadExplicitWidth
 0001:00056DDC       Controls.TControl.ReadIsControl
 0001:000547F0       Controls.TControl.ReadState
 0001:00055C44       Controls.TControl.Refresh
 0001:00055C50       Controls.TControl.Repaint
 0001:000547B8       Controls.TControl.RequestAlign
 0001:000547D0       Controls.TControl.Resize
 0001:00055054       Controls.TControl.ScaleConstraints
 0001:000550D8       Controls.TControl.ScaleMargins
 0001:0005515C       Controls.TControl.ScreenToClient
 0001:00055188       Controls.TControl.SendCancelMode
 0001:000551B8       Controls.TControl.SendDockNotification
 0001:000546E8       Controls.TControl.SetAction
 0001:000548FC       Controls.TControl.SetAlign
 0001:00058470       Controls.TControl.SetAlignWithMargins
 0001:00054648       Controls.TControl.SetAnchors
 0001:000553FC       Controls.TControl.SetAutoSize
 0001:000556A0       Controls.TControl.SetBiDiMode
 0001:000549E4       Controls.TControl.SetBounds
 0001:00054ED8       Controls.TControl.SetBoundsRect
 0001:00054F70       Controls.TControl.SetClientHeight
 0001:000554B8       Controls.TControl.SetClientSize
 0001:00054F2C       Controls.TControl.SetClientWidth
 0001:000557BC       Controls.TControl.SetColor
 0001:00058314       Controls.TControl.SetConstraints
 0001:00055858       Controls.TControl.SetCursor
 0001:0005596C       Controls.TControl.SetCustomHint
 0001:0005477C       Controls.TControl.SetDesignVisible
 0001:000547B4       Controls.TControl.SetDragMode
 0001:00055584       Controls.TControl.SetEnabled
 0001:00055700       Controls.TControl.SetFont
 0001:00054CC8       Controls.TControl.SetHeight
 0001:00054E80       Controls.TControl.SetHelpContext
 0001:00054E94       Controls.TControl.SetHelpKeyword
 0001:00054C2C       Controls.TControl.SetLeft
 0001:0005845C       Controls.TControl.SetMargins
 0001:00055884       Controls.TControl.SetMouseCapture
 0001:00055414       Controls.TControl.SetName
 0001:00055500       Controls.TControl.SetParent
 0001:00055834       Controls.TControl.SetParentBiDiMode
 0001:00055810       Controls.TControl.SetParentColor
 0001:00054598       Controls.TControl.SetParentComponent
 0001:000557AC       Controls.TControl.SetParentCustomHint
 0001:00055738       Controls.TControl.SetParentFont
 0001:00055780       Controls.TControl.SetParentShowHint
 0001:000555E0       Controls.TControl.SetPopupMenu
 0001:0005575C       Controls.TControl.SetShowHint
 0001:0005563C       Controls.TControl.SetText
 0001:00054A84       Controls.TControl.SetTextBuf
 0001:00054C60       Controls.TControl.SetTop
 0001:0005554C       Controls.TControl.SetVisible
 0001:00054C94       Controls.TControl.SetWidth
 0001:00055948       Controls.TControl.SetZOrder
 0001:000558C0       Controls.TControl.SetZOrderPosition
 0001:00055C2C       Controls.TControl.Update
 0001:00054AA8       Controls.TControl.UpdateAnchorRules
 0001:00056A30       Controls.TControl.UpdateBoundsRect
 0001:000584A0       Controls.TControl.UpdateExplicitBounds
 0001:00055D68       Controls.TControl.UseRightToLeftAlignment
 0001:00055D50       Controls.TControl.UseRightToLeftReading
 0001:00055D80       Controls.TControl.UseRightToLeftScrollBar
 0001:00056A60       Controls.TControl.VisibleChanging
 0001:000577C4       Controls.TControl.WMCancelMode
 0001:000581A0       Controls.TControl.WMContextMenu
 0001:000573EC       Controls.TControl.WMLButtonDblClk
 0001:00057384       Controls.TControl.WMLButtonDown
 0001:000576AC       Controls.TControl.WMLButtonUp
 0001:00057564       Controls.TControl.WMMButtonDblClk
 0001:00057538       Controls.TControl.WMMButtonDown
 0001:0005774C       Controls.TControl.WMMButtonUp
 0001:000575C4       Controls.TControl.WMMouseMove
 0001:0005776C       Controls.TControl.WMMouseWheel
 0001:000573D0       Controls.TControl.WMNCLButtonDown
 0001:0005750C       Controls.TControl.WMRButtonDblClk
 0001:000574E0       Controls.TControl.WMRButtonDown
 0001:0005772C       Controls.TControl.WMRButtonUp
 0001:00057804       Controls.TControl.WMWindowPosChanged
 0001:00056A64       Controls.TControl.WndProc
 0001:000584E4       Controls.TControl.WriteExplicitHeight
 0001:000584F4       Controls.TControl.WriteExplicitLeft
 0001:000584D4       Controls.TControl.WriteExplicitTop
 0001:0005851C       Controls.TControl.WriteExplicitWidth
 0001:00056DF0       Controls.TControl.WriteIsControl
 0001:00053F34       Controls.TControlActionLink.AssignClient
 0001:00053F50       Controls.TControlActionLink.DoShowHint
 0001:0005404C       Controls.TControlActionLink.IsCaptionLinked
 0001:000540C0       Controls.TControlActionLink.IsDropdownMenuLinked
 0001:000540D4       Controls.TControlActionLink.IsEnabledLinked
 0001:00054108       Controls.TControlActionLink.IsEnableDropdownLinked
 0001:000542AC       Controls.TControlActionLink.IsHelpLinked
 0001:0005411C       Controls.TControlActionLink.IsHintLinked
 0001:000541C8       Controls.TControlActionLink.IsOnExecuteLinked
 0001:00054154       Controls.TControlActionLink.IsPopupMenuLinked
 0001:00054194       Controls.TControlActionLink.IsVisibleLinked
 0001:000541F0       Controls.TControlActionLink.SetCaption
 0001:00054210       Controls.TControlActionLink.SetDropdownMenu
 0001:00054214       Controls.TControlActionLink.SetEnabled
 0001:00054238       Controls.TControlActionLink.SetEnableDropdown
 0001:00054334       Controls.TControlActionLink.SetHelpContext
 0001:00054314       Controls.TControlActionLink.SetHelpKeyword
 0001:00054354       Controls.TControlActionLink.SetHelpType
 0001:0005423C       Controls.TControlActionLink.SetHint
 0001:00054280       Controls.TControlActionLink.SetOnExecute
 0001:00054374       Controls.TControlActionLink.SetPopupMenu
 0001:00054260       Controls.TControlActionLink.SetVisible
 0001:00053CF0       Controls.TControlCanvas.CreateHandle
 0001:00053CC4       Controls.TControlCanvas.Destroy
 0001:00053D98       Controls.TControlCanvas.FreeHandle
 0001:00053DCC       Controls.TControlCanvas.SetControl
 0001:00053DE4       Controls.TControlCanvas.UpdateTextFlags
 0001:0006010C       Controls.TCustomControl.Create
 0001:00060168       Controls.TCustomControl.Destroy
 0001:00060264       Controls.TCustomControl.Paint
 0001:000601B8       Controls.TCustomControl.PaintWindow
 0001:00060198       Controls.TCustomControl.WMPaint
 0001:0006444C       Controls.TCustomHint.Create
 0001:0006449C       Controls.TCustomHint.Destroy
 0001:000644F4       Controls.TCustomHint.HideHint
 0001:000644E8       Controls.TCustomHint.HideHint
 0001:000644FC       Controls.TCustomHint.NCPaintHint
 0001:00064500       Controls.TCustomHint.Notification
 0001:0006452C       Controls.TCustomHint.PaintHint
 0001:0006430C       Controls.TCustomHint.SetHintSize
 0001:00064434       Controls.TCustomHint.SetImages
 0001:0006476C       Controls.TCustomHint.ShowAnotherHint
 0001:00064774       Controls.TCustomHint.ShowHint
 0001:00064928       Controls.TCustomHint.ShowHint
 0001:00064890       Controls.TCustomHint.ShowHint
 0001:00064964       Controls.TCustomHintShowHideThread.Create
 0001:000649E8       Controls.TCustomHintShowHideThread.Destroy
 0001:00064BB0       Controls.TCustomHintShowHideThread.Execute
 0001:00064FFC       Controls.TCustomHintShowHideThread.QueHintWindow
 0001:00065008       Controls.TCustomHintShowHideThread.ResumeWork
 0001:000640A0       Controls.TCustomHintWindow.AutoSize
 0001:000640B0       Controls.TCustomHintWindow.CMTextChanged
 0001:000640B8       Controls.TCustomHintWindow.Create
 0001:0006413C       Controls.TCustomHintWindow.CreateParams
 0001:00064158       Controls.TCustomHintWindow.CreateWnd
 0001:000641B0       Controls.TCustomHintWindow.NCPaint
 0001:000641C8       Controls.TCustomHintWindow.Paint
 0001:000641D8       Controls.TCustomHintWindow.PositionAt
 0001:0006427C       Controls.TCustomHintWindow.WMNCHitTest
 0001:00064284       Controls.TCustomHintWindow.WMNCPaint
 0001:000642E8       Controls.TCustomHintWindow.WMPrint
 0001:00062F20       Controls.TDockTree.ActualSize
 0001:00060B10       Controls.TDockTree.AdjustDockRect
 0001:00062FB4       Controls.TDockTree.AdjustFrameRect
 0001:00060B28       Controls.TDockTree.BeginUpdate
 0001:00062C00       Controls.TDockTree.ControlVisibilityChanged
 0001:00060950       Controls.TDockTree.Create
 0001:00060AB8       Controls.TDockTree.Destroy
 0001:00062800       Controls.TDockTree.DrawSizeSplitter
 0001:00060B2C       Controls.TDockTree.EndUpdate
 0001:000611E0       Controls.TDockTree.FindControlAtPos
 0001:00060B98       Controls.TDockTree.FindControlZone
 0001:00060C00       Controls.TDockTree.ForEachAt
 0001:00060C18       Controls.TDockTree.GetControlBounds
 0001:0006297C       Controls.TDockTree.GetNextLimit
 0001:00060C90       Controls.TDockTree.HitTest
 0001:00060CA0       Controls.TDockTree.InsertControl
 0001:00060EBC       Controls.TDockTree.InsertNewParent
 0001:00061064       Controls.TDockTree.InsertSibling
 0001:0006137C       Controls.TDockTree.InternalHitTest
 0001:000614B8       Controls.TDockTree.LoadFromStream
 0001:00062FF4       Controls.TDockTree.MouseDown
 0001:000631B0       Controls.TDockTree.MouseMove
 0001:00063200       Controls.TDockTree.MouseUp
 0001:00061984       Controls.TDockTree.PaintDockFrame
 0001:00061AD8       Controls.TDockTree.PaintSite
 0001:00061C0C       Controls.TDockTree.PositionDockRect
 0001:00061DBC       Controls.TDockTree.PruneZone
 0001:00062F88       Controls.TDockTree.ReferenceFromOrient
 0001:00062F50       Controls.TDockTree.RelativeSize
 0001:00061E18       Controls.TDockTree.RemoveControl
 0001:00061E58       Controls.TDockTree.RemoveZone
 0001:000620F8       Controls.TDockTree.ResetBounds
 0001:000623E4       Controls.TDockTree.SaveToStream
 0001:000621DC       Controls.TDockTree.ScaleZone
 0001:0006265C       Controls.TDockTree.SetNewBounds
 0001:0006268C       Controls.TDockTree.SetReplacingControl
 0001:000626A4       Controls.TDockTree.ShiftZone
 0001:00063274       Controls.TDockTree.ShowHint
 0001:000626D8       Controls.TDockTree.SplitterMouseDown
 0001:00062738       Controls.TDockTree.SplitterMouseUp
 0001:000627B4       Controls.TDockTree.UpdateAll
 0001:000627DC       Controls.TDockTree.UpdateZone
 0001:000627EC       Controls.TDockTree.WindowProc
 0001:00062C88       Controls.TDockTree.WndProc
 0001:000610DC       Controls.TDockTree.ZoneCaptionHitTest
 0001:000602A8       Controls.TDockZone.Create
 0001:0006087C       Controls.TDockZone.ExpandZoneLimit
 0001:00060944       Controls.TDockZone.FirstVisibleChild
 0001:000602E4       Controls.TDockZone.GetChildCount
 0001:000605C8       Controls.TDockZone.GetControlName
 0001:00060468       Controls.TDockZone.GetHeightWidth
 0001:00060354       Controls.TDockZone.GetLimitBegin
 0001:0006039C       Controls.TDockZone.GetLimitSize
 0001:000603E4       Controls.TDockZone.GetTopLeft
 0001:0006031C       Controls.TDockZone.GetVisible
 0001:000602F8       Controls.TDockZone.GetVisibleChildCount
 0001:00060840       Controls.TDockZone.GetZoneLimit
 0001:0006091C       Controls.TDockZone.NextVisible
 0001:00060928       Controls.TDockZone.PrevVisible
 0001:00060520       Controls.TDockZone.ResetChildren
 0001:000608BC       Controls.TDockZone.ResetZoneLimits
 0001:00060610       Controls.TDockZone.SetControlName
 0001:00060868       Controls.TDockZone.SetZoneLimit
 0001:000606C4       Controls.TDockZone.Update
 0001:00052840       Controls.TDragControlObject.GetDragCursor
 0001:00052858       Controls.TDragControlObject.GetDragImages
 0001:00052864       Controls.TDragControlObject.HideDragImage
 0001:00052884       Controls.TDragControlObject.ShowDragImage
 0001:000528A4       Controls.TDragControlObjectEx.BeforeDestruction
 0001:000529E0       Controls.TDragDockObject.AdjustDockRect
 0001:00052940       Controls.TDragDockObject.Assign
 0001:000528A8       Controls.TDragDockObject.Create
 0001:00052910       Controls.TDragDockObject.Destroy
 0001:00052A5C       Controls.TDragDockObject.DrawDragDockImage
 0001:000529A0       Controls.TDragDockObject.EndDrag
 0001:00052A70       Controls.TDragDockObject.EraseDragDockImage
 0001:00052A84       Controls.TDragDockObject.GetDragCursor
 0001:00052A90       Controls.TDragDockObject.GetEraseWhenMoving
 0001:00052A94       Controls.TDragDockObject.GetFrameWidth
 0001:00052A9C       Controls.TDragDockObjectEx.BeforeDestruction
 0001:0005FF44       Controls.TDragImageList.BeginDrag
 0001:0005FFBC       Controls.TDragImageList.DragLock
 0001:00060044       Controls.TDragImageList.DragMove
 0001:00060020       Controls.TDragImageList.DragUnlock
 0001:000600B8       Controls.TDragImageList.EndDrag
 0001:0005FF18       Controls.TDragImageList.GetHotSpot
 0001:000600A0       Controls.TDragImageList.HideDragImage
 0001:0005FE90       Controls.TDragImageList.Initialize
 0001:0005FEF4       Controls.TDragImageList.SetDragCursor
 0001:0005FEA8       Controls.TDragImageList.SetDragImage
 0001:00060088       Controls.TDragImageList.ShowDragImage
 0001:00052770       Controls.TDragObject.AfterConstruction
 0001:00052530       Controls.TDragObject.Assign
 0001:00052760       Controls.TDragObject.BeforeDestruction
 0001:00052570       Controls.TDragObject.Capture
 0001:00052588       Controls.TDragObject.Finished
 0001:000526EC       Controls.TDragObject.GetDragCursor
 0001:000526E8       Controls.TDragObject.GetDragImages
 0001:00052590       Controls.TDragObject.GetName
 0001:00052704       Controls.TDragObject.HideDragImage
 0001:00052708       Controls.TDragObject.Instance
 0001:00052714       Controls.TDragObject.MainWndProc
 0001:000525A4       Controls.TDragObject.ReleaseCapture
 0001:00052710       Controls.TDragObject.ShowDragImage
 0001:000525B8       Controls.TDragObject.WndProc
 0001:0005F5B4       Controls.TGraphicControl.Create
 0001:0005F610       Controls.TGraphicControl.Destroy
 0001:0005F704       Controls.TGraphicControl.Paint
 0001:0005F650       Controls.TGraphicControl.WMPaint
 0001:0005FA70       Controls.THintWindow.ActivateHint
 0001:0005FD38       Controls.THintWindow.ActivateHintData
 0001:0005FD60       Controls.THintWindow.CalcHintRect
 0001:0005F9D8       Controls.THintWindow.CMTextChanged
 0001:0005F708       Controls.THintWindow.Create
 0001:0005F770       Controls.THintWindow.CreateParams
 0001:0005F964       Controls.THintWindow.IsHintMsg
 0001:0005FDC0       Controls.THintWindow.NCPaint
 0001:0005F840       Controls.THintWindow.Paint
 0001:0005F9C8       Controls.THintWindow.ReleaseHandle
 0001:0005FE4C       Controls.THintWindow.ShouldHideHint
 0001:0005F7D4       Controls.THintWindow.WMNCHitTest
 0001:0005F7DC       Controls.THintWindow.WMNCPaint
 0001:0005FE28       Controls.THintWindow.WMPrint
 0001:00063D18       Controls.TMargins.AssignTo
 0001:00063D60       Controls.TMargins.Change
 0001:00063CD4       Controls.TMargins.Create
 0001:00063ED8       Controls.TMargins.GetControlBound
 0001:00063D74       Controls.TMargins.InitDefaults
 0001:00063DEC       Controls.TMargins.SetControlBounds
 0001:00063D94       Controls.TMargins.SetMargin
 0001:00063368       Controls.TMouse.Create
 0001:000633F8       Controls.TMouse.CreatePanningWindow
 0001:00063424       Controls.TMouse.Destroy
 0001:00063454       Controls.TMouse.GetCapture
 0001:0006345C       Controls.TMouse.GetCursorPos
 0001:00063478       Controls.TMouse.GetIsDragging
 0001:00063484       Controls.TMouse.GetIsPanning
 0001:000634A8       Controls.TMouse.GetMouseData
 0001:000634C4       Controls.TMouse.GetNativeData
 0001:000634F4       Controls.TMouse.GetRegisteredData
 0001:0006351C       Controls.TMouse.SetCapture
 0001:00063544       Controls.TMouse.SetPanningWindow
 0001:0006356C       Controls.TMouse.SettingChanged
 0001:0006409C       Controls.TPadding.InitDefaults
 0001:0005CE1C       Controls.TraverseControls
 0003:000050A4       Controls.TreeStreamEndFlag
 0001:00052414       Controls.TSiteList.AddSite
 0001:00052498       Controls.TSiteList.Clear
 0001:000523B0       Controls.TSiteList.Find
 0001:000524CC       Controls.TSiteList.GetTopSite
 0001:00053E4C       Controls.TSizeConstraints.AssignTo
 0001:00053F20       Controls.TSizeConstraints.Change
 0001:00053E10       Controls.TSizeConstraints.Create
 0001:00053E94       Controls.TSizeConstraints.SetConstraints
 0001:0005EB78       Controls.TWinControl.ActionChange
 0001:00059CE0       Controls.TWinControl.AddBiDiModeExStyle
 0001:00058930       Controls.TWinControl.AdjustClientRect
 0001:0005E070       Controls.TWinControl.AdjustSize
 0001:0005962C       Controls.TWinControl.AlignControl
 0001:0005946C       Controls.TWinControl.AlignControls
 0001:00058960       Controls.TWinControl.ArrangeControl
 0001:0005EBC0       Controls.TWinControl.AssignTo
 0001:00059BDC       Controls.TWinControl.Broadcast
 0001:0005E6B0       Controls.TWinControl.CalcConstraints
 0001:0005EBF0       Controls.TWinControl.CanAutoSize
 0001:0005DE2C       Controls.TWinControl.CanFocus
 0001:0005E5E4       Controls.TWinControl.CanResize
 0001:0005D9E4       Controls.TWinControl.ChangeScale
 0001:0005D14C       Controls.TWinControl.CMBiDiModeChanged
 0001:0005D3DC       Controls.TWinControl.CMBorderChanged
 0001:0005D258       Controls.TWinControl.CMChanged
 0001:0005D26C       Controls.TWinControl.CMChildKey
 0001:0005D338       Controls.TWinControl.CMColorChanged
 0001:0005D548       Controls.TWinControl.CMControlListChange
 0001:0005D55C       Controls.TWinControl.CMControlListChanging
 0001:0005D41C       Controls.TWinControl.CMCtl3DChanged
 0001:0005D39C       Controls.TWinControl.CMCursorChanged
 0001:0005D238       Controls.TWinControl.CMDesignHitTest
 0001:0005D288       Controls.TWinControl.CMDialogChar
 0001:0005D280       Controls.TWinControl.CMDialogKey
 0001:0005C9B4       Controls.TWinControl.CMDockClient
 0001:0005D184       Controls.TWinControl.CMDoubleBufferedChanged
 0001:0005D4E8       Controls.TWinControl.CMDrag
 0001:0005D2F0       Controls.TWinControl.CMEnabledChanged
 0001:0005D1A8       Controls.TWinControl.CMEnter
 0001:0005D22C       Controls.TWinControl.CMExit
 0001:0005CACC       Controls.TWinControl.CMFloat
 0001:0005D290       Controls.TWinControl.CMFocusChanged
 0001:0005D4D8       Controls.TWinControl.CMFontChange
 0001:0005D360       Controls.TWinControl.CMFontChanged
 0001:0005DD28       Controls.TWinControl.CMInvalidate
 0001:0005D45C       Controls.TWinControl.CMParentCtl3DChanged
 0001:0005D49C       Controls.TWinControl.CMParentDoubleBufferedChanged
[...]
 0003:0000548C       jpeg...
 0003:00005598       jpeg...
 0003:00005658       jpeg._jpeg_natural_order
 0003:00005798       jpeg...
 0003:00005B38       jpeg...
 0003:00005BF8       pngimage.ZLIBErrors
 0003:00005C1C       pngimage.RowStart
 0003:00005C38       pngimage.ColumnStart
 0003:00005C54       pngimage.RowIncrement
 0003:00005C70       pngimage.ColumnIncrement
 0003:00005C8C       pngimage.BitTable
 0003:00005CAC       pngimage.StartBit
 0003:00005CCC       pngimage.IDATHeader
 0003:00005CD0       pngimage.BitTable
 0003:00005CF0       pngimage.StartBit
 0003:00005D10       pngimage.BitmapInfoHeader
 0003:00005D38       pngimage.PngHeader
 0003:00005D40       pngimage.ClearFlag
 0004:00000000       System.DispCallByIDProc
 0004:00000004       System.ExceptProc
 0004:00000008       System.ErrorProc
 0004:0000000C       System.ExceptClsProc
 0004:00000010       System.ExceptObjProc
 0004:00000014       System.RaiseExceptionProc
 0004:00000018       System.RTLUnwindProc
 0004:0000001C       System.RaiseExceptObjProc
 0004:00000020       System.ExceptionAcquired
 0004:00000024       System.ExceptionClass
 0004:00000028       System.AssertErrorProc
 0004:0000002C       System.ExitProcessProc
 0004:00000030       System.AbstractErrorProc
 0004:00000034       System.MainInstance
 0004:00000038       System.MainThreadID
 0004:0000003C       System.IsLibrary
 0004:00000040       System.CmdShow
 0004:00000044       System.CmdLine
 0004:00000048       System.InitProc
 0004:0000004C       System.ExitProc
 0004:00000050       System.IsConsole
 0004:00000051       System.IsMultiThread
 0004:00000052       System.Test8086
 0004:00000054       System.CPUCount
 0004:00000058       System.Input
 0004:00000328       System.Output
 0004:000005F8       System.ErrOutput
 0004:000008C8       System.MonitorSupport
 0004:000008CC       System.DefaultSystemCodePage
 0004:000008D0       System.DefaultUnicodeCodePage
 0004:000008D4       System.UTF8CompareLocale
 0004:000008D8       System.ReportMemoryLeaksOnShutdown
 0004:000008D9       System.NeverSleepOnMMThreadContention
 0004:000008DC       System..6
 0004:000008E0       System.AllocSize2SmallBlockTypeIndX4
 0004:00000A26       System.MinimumBlockAlignment
 0004:00000A28       System.MediumBlockPoolsCircularList
 0004:00000A38       System.MediumBlocksLocked
 0004:00000A3C       System.LastSequentiallyFedMediumBlock
 0004:00000A40       System.MediumSequentialFeedBytesLeft
 0004:00000A44       System.MediumBlockBinGroupBitmap
 0004:00000A48       System.MediumBlockBinBitmaps
 0004:00000AC8       System.MediumBlockBins
 0004:00002AC8       System.LargeBlocksLocked
 0004:00002ACC       System.LargeBlocksCircularList
 0004:00002ADC       System.ExpectedMemoryLeaks
 0004:00002AE0       System.ExpectedMemoryLeaksListLocked
 0004:00002AE4       System.MappingObjectHandle
 0004:00002AE8       System.InitContext
 0004:00002B18       System.DLLThreadContext
 0004:00002B48       SysInit.ModuleIsLib
 0004:00002B49       SysInit.ModuleIsCpp
 0004:00002B4C       SysInit.HInstance
 0004:00002B50       SysInit.tlsBuffer
 0004:00002B54       Windows..2
 0004:00002B58       Windows.HtmlHelpModule
 0004:00002B5C       Character.DataTable
 0004:00002B60       Character.CatIndexPrimary
 0004:00002B64       Character.CatIndexSecondary
 0004:00002B68       Character.CategoryTable
 0004:00002B6C       Character.NumIndexPrimary
 0004:00002B70       Character.NumIndexSecondary
 0004:00002B74       Character.NumericValueTable
 0004:00002B78       SysUtils.Exception.GetExceptionStackInfoProc
 0004:00002B7C       SysUtils.Exception.CleanUpStackInfoProc
 0004:00002B80       SysUtils.CurrencyString
 0004:00002B84       SysUtils.CurrencyFormat
 0004:00002B85       SysUtils.NegCurrFormat
 0004:00002B86       SysUtils.ThousandSeparator
 0004:00002B88       SysUtils.DecimalSeparator
 0004:00002B8A       SysUtils.CurrencyDecimals
 0004:00002B8C       SysUtils.DateSeparator
 0004:00002B90       SysUtils.ShortDateFormat
 0004:00002B94       SysUtils.LongDateFormat
 0004:00002B98       SysUtils.TimeSeparator
 0004:00002B9C       SysUtils.TimeAMString
 0004:00002BA0       SysUtils.TimePMString
 0004:00002BA4       SysUtils.ShortTimeFormat
 0004:00002BA8       SysUtils.LongTimeFormat
 0004:00002BAC       SysUtils.ShortMonthNames
 0004:00002BDC       SysUtils.LongMonthNames
 0004:00002C0C       SysUtils.ShortDayNames
 0004:00002C28       SysUtils.LongDayNames
 0004:00002C44       SysUtils.SysLocale
 0004:00002C52       SysUtils.ListSeparator
 0004:00002C54       SysUtils.EraNames
 0004:00002C70       SysUtils.EraYearOffsets
 0004:00002C8C       SysUtils.TrueBoolStrs
 0004:00002C90       SysUtils.FalseBoolStrs
 0004:00002C94       SysUtils.TEncoding.FASCIIEncoding
 0004:00002C98       SysUtils.TEncoding.FBigEndianUnicodeEncoding
 0004:00002C9C       SysUtils.TEncoding.FDefaultEncoding
 0004:00002CA0       SysUtils.TEncoding.FUnicodeEncoding
 0004:00002CA4       SysUtils.TEncoding.FUTF7Encoding
 0004:00002CA8       SysUtils.TEncoding.FUTF8Encoding
 0004:00002CAC       SysUtils..36
 0004:00002CB0       SysUtils.OutOfMemory
 0004:00002CB4       SysUtils.InvalidPointer
 0004:00002CB8       SysUtils.SyncEventCache
 0004:00002DB8       SysUtils.EventCache
 0004:00002DBC       SysUtils.EventItemHolders
 0004:00002DC0       SysUtils.ValidatedUnitHashBuckets
 0004:00003DB4       SysUtils.UnitHashBuckets
 0004:00004DA8       SysUtils.FLanguages
 0004:00004DAC       VarUtils.VariantChangeTypeEx
 0004:00004DB0       VarUtils.VarNeg
 0004:00004DB4       VarUtils.VarNot
 0004:00004DB8       VarUtils.VarAdd
 0004:00004DBC       VarUtils.VarSub
 0004:00004DC0       VarUtils.VarMul
 0004:00004DC4       VarUtils.VarDiv
 0004:00004DC8       VarUtils.VarIDiv
 0004:00004DCC       VarUtils.VarMod
 0004:00004DD0       VarUtils.VarAnd
 0004:00004DD4       VarUtils.VarOr
 0004:00004DD8       VarUtils.VarXor
 0004:00004DDC       VarUtils.VarCmp
 0004:00004DE0       VarUtils.VarI4FromStr
 0004:00004DE4       VarUtils.VarR4FromStr
 0004:00004DE8       VarUtils.VarR8FromStr
 0004:00004DEC       VarUtils.VarDateFromStr
 0004:00004DF0       VarUtils.VarCyFromStr
 0004:00004DF4       VarUtils.VarBoolFromStr
 0004:00004DF8       VarUtils.VarBstrFromCy
 0004:00004DFC       VarUtils.VarBstrFromDate
 0004:00004E00       VarUtils.VarBstrFromBool
 0004:00004E04       VarUtils..5
 0004:00004E08       Variants.EmptyParam
 0004:00004E18       Variants.VarDispProc
 0004:00004E1C       Variants.ClearAnyProc
 0004:00004E20       Variants.ChangeAnyProc
 0004:00004E24       Variants.RefAnyProc
 0004:00004E28       Variants..81
 0004:00004E2C       Variants.LVarTypes
 0004:00004E30       Variants.LVarTypeSync
 0004:00004E48       TypInfo..5
 0004:00004E4C       Classes.GlobalNameSpace
 0004:00004E50       Classes.IsUniqueGlobalComponentNameProc
 0004:00004E54       Classes.SyncEvent
 0004:00004E58       Classes..66
 0004:00004E5C       Classes.IntConstList
 0004:00004E60       Classes.RegGroups
 0004:00004E64       Classes.FindGlobalComponentProcs
 0004:00004E68       Classes.GlobalFixupList
 0004:00004E6C       Classes.ThreadLock
 0004:00004E84       Classes.ThreadCount
 0004:00004E88       Classes.ExternalThreads
 0004:00004E8C       Classes.InstBlockList
 0004:00004E90       Classes.InstFreeList
 0004:00004E94       HelpIntfs..2
 0004:00004E98       HelpIntfs.HelpManager
 0004:00004E9C       MultiMon.GetSystemMetrics
 0004:00004EA0       MultiMon.MonitorFromWindow
 0004:00004EA4       MultiMon.MonitorFromRect
 0004:00004EA8       MultiMon.MonitorFromPoint
 0004:00004EAC       MultiMon.GetMonitorInfo
 0004:00004EB0       MultiMon.GetMonitorInfoA
 0004:00004EB4       MultiMon.GetMonitorInfoW
 0004:00004EB8       MultiMon.EnumDisplayMonitors
 0004:00004EBC       MultiMon..1
 0004:00004EC0       MultiMon.User32Dll
 0004:00004EC4       MultiMon.InitApis
 0004:00004ECC       MultiMon.MMAvailable
 0004:00004ED0       CommCtrl.ComCtl32DLL
 0004:00004ED4       CommCtrl._InitCommonControlsEx
 0004:00004ED8       CommCtrl._TaskDialogIndirect
 0004:00004EDC       IniFiles..7
 0004:00004EE0       Registry..5
 0004:00004EE4       Graphics.SystemPalette16
 0004:00004EE8       Graphics..12
 0004:00004EEC       Graphics.ScreenLogPixels
 0004:00004EF0       Graphics.StockPen
 0004:00004EF4       Graphics.StockBrush
 0004:00004EF8       Graphics.StockFont
 0004:00004EFC       Graphics.StockIcon
 0004:00004F00       Graphics.BitmapImageLock
 0004:00004F18       Graphics.CounterLock
 0004:00004F30       Graphics.FontManager
 0004:00004F34       Graphics.PenManager
 0004:00004F38       Graphics.BrushManager
 0004:00004F3C       Graphics.CanvasList
 0004:00004F40       Graphics.PatternManager
 0004:00004F44       SyncObjs..01
 0004:00004F48       SyncObjs.CoWaitForMultipleHandlesProc
 0004:00004F4C       SyncObjs.InitializeConditionVariableProc
 0004:00004F50       SyncObjs.SleepConditionVariableCSProc
 0004:00004F54       SyncObjs.WakeConditionVariableProc
 0004:00004F58       SyncObjs.WakeAllConditionVariableProc
 0004:00004F5C       UxTheme.OpenThemeData
 0004:00004F60       UxTheme.CloseThemeData
 0004:00004F64       UxTheme.DrawThemeBackground
 0004:00004F68       UxTheme.DrawThemeText
 0004:00004F6C       UxTheme.GetThemeBackgroundContentRect
 0004:00004F70       UxTheme.GetThemeBackgroundExtent
 0004:00004F74       UxTheme.GetThemePartSize
 0004:00004F78       UxTheme.GetThemeTextExtent
 0004:00004F7C       UxTheme.GetThemeTextMetrics
 0004:00004F80       UxTheme.GetThemeBackgroundRegion
 0004:00004F84       UxTheme.HitTestThemeBackground
 0004:00004F88       UxTheme.DrawThemeEdge
 0004:00004F8C       UxTheme.DrawThemeIcon
 0004:00004F90       UxTheme.IsThemePartDefined
 0004:00004F94       UxTheme.IsThemeBackgroundPartiallyTransparent
 0004:00004F98       UxTheme.GetThemeColor
 0004:00004F9C       UxTheme.GetThemeMetric
 0004:00004FA0       UxTheme.GetThemeString
 0004:00004FA4       UxTheme.GetThemeBool
 0004:00004FA8       UxTheme.GetThemeInt
 0004:00004FAC       UxTheme.GetThemeEnumValue
 0004:00004FB0       UxTheme.GetThemePosition
 0004:00004FB4       UxTheme.GetThemeFont
 0004:00004FB8       UxTheme.GetThemeRect
 0004:00004FBC       UxTheme.GetThemeMargins
 0004:00004FC0       UxTheme.GetThemeIntList
 0004:00004FC4       UxTheme.GetThemePropertyOrigin
 0004:00004FC8       UxTheme.SetWindowTheme
 0004:00004FCC       UxTheme.GetThemeFilename
 0004:00004FD0       UxTheme.GetThemeSysColor
 0004:00004FD4       UxTheme.GetThemeSysColorBrush
 0004:00004FD8       UxTheme.GetThemeSysBool
 0004:00004FDC       UxTheme.GetThemeSysSize
 0004:00004FE0       UxTheme.GetThemeSysFont
 0004:00004FE4       UxTheme.GetThemeSysString
 0004:00004FE8       UxTheme.GetThemeSysInt
 0004:00004FEC       UxTheme.IsThemeActive
 0004:00004FF0       UxTheme.IsAppThemed
 0004:00004FF4       UxTheme.GetWindowTheme
 0004:00004FF8       UxTheme.EnableThemeDialogTexture
 0004:00004FFC       UxTheme.IsThemeDialogTextureEnabled
 0004:00005000       UxTheme.GetThemeAppProperties
 0004:00005004       UxTheme.SetThemeAppProperties
 0004:00005008       UxTheme.GetCurrentThemeName
 0004:0000500C       UxTheme.GetThemeDocumentationProperty
 0004:00005010       UxTheme.DrawThemeParentBackground
 0004:00005014       UxTheme.EnableTheming
 0004:00005018       UxTheme..1
 0004:0000501C       UxTheme.ThemeLibrary
 0004:00005020       UxTheme.ReferenceCount
 0004:00005024       UxTheme.Lock
 0004:00005028       UxTheme._DrawThemeTextEx
 0004:0000502C       UxTheme._BeginBufferedPaint
 0004:00005030       UxTheme._EndBufferedPaint
 0004:00005034       UxTheme._BufferedPaintSetAlpha
 0004:00005038       DwmApi..1
 0004:0000503C       DwmApi.hDWMAPI
 0004:00005040       DwmApi._DwmExtendFrameIntoClientArea
 0004:00005044       DwmApi._DwmIsCompositionEnabled
 0004:00005048       GraphUtil..2
 0004:0000504C       GraphUtil.MsImgHandle
 0004:00005050       GraphUtil.MsImgInitialized
 0004:00005054       GraphUtil.GradientFillFunc
 0004:00005058       Printers..3
 0004:0000505C       Clipbrd.CF_PICTURE
 0004:0000505E       Clipbrd.CF_COMPONENT
 0004:00005060       Clipbrd..3
 0004:00005064       Clipbrd.FClipboard
 0004:00005068       ExtCtrls.TCustomTrayIcon.RM_TaskbarCreated
 0004:0000506C       ExtCtrls..94
 0004:00005070       ComCtrls..96
 0004:00005074       ComCtrls.ConversionFormatList
 0004:00005078       ComCtrls.ShellModule
 0004:0000507C       ComCtrls.FRichEditModule
 0004:00005080       Dialogs..03
 0004:00005084       Dialogs.HelpMsg
 0004:00005088       Dialogs.FindMsg
 0004:0000508C       Dialogs.ButtonWidths
 0004:000050BC       FlatSB.FlatSB_EnableScrollBar
 0004:000050C0       FlatSB.FlatSB_ShowScrollBar
 0004:000050C4       FlatSB.FlatSB_GetScrollRange
 0004:000050C8       FlatSB.FlatSB_GetScrollInfo
 0004:000050CC       FlatSB.FlatSB_GetScrollPos
 0004:000050D0       FlatSB.FlatSB_SetScrollPos
 0004:000050D4       FlatSB.FlatSB_SetScrollInfo
 0004:000050D8       FlatSB.FlatSB_SetScrollRange
 0004:000050DC       FlatSB..1
 0004:000050E0       FlatSB._FlatSB_GetScrollProp
 0004:000050E4       FlatSB._FlatSB_SetScrollProp
 0004:000050E8       FlatSB._InitializeFlatSB
 0004:000050EC       FlatSB._UninitializeFlatSB
 0004:000050F0       Menus.PopupList
 0004:000050F4       Menus.ShortCutItems
 0004:000050F8       Menus..01
 0004:000050FC       Menus.CommandPool
 0004:00005100       Controls.Mouse
 0004:00005104       Controls.IsVCLControlHook
 0004:0000510C       Controls.NewStyleControls
 0004:00005110       Controls..73
 0004:00005114       Controls.WindowAtom
 0004:00005116       Controls.ControlAtom
 0004:00005118       Controls.WindowAtomString
 0004:0000511C       Controls.ControlAtomString
 0004:00005120       Controls.RM_GetObjectInstance
 0004:00005124       Controls.DragControl
 0004:00005128       Controls.DragObject
 0004:0000512C       Controls.DragInternalObject
 0004:00005130       Controls.DragCapture
 0004:00005134       Controls.DragStartPos
 0004:0000513C       Controls.DragSaveCursor
 0004:00005140       Controls.DragThreshold
 0004:00005144       Controls.ActiveDrag
 0004:00005148       Controls.DragImageList
 0004:0000514C       Controls.DockSiteList
 0004:00005150       Controls.QualifyingSites
 0004:00005154       Controls.DragSave
 0004:00005158       Controls.CanvasList
 0004:0000515C       Controls.FlagControl
 0004:00005160       Controls._WINNLSEnableIME
 0004:00005164       Controls._ImmGetContext
 0004:00005168       Controls._ImmReleaseContext
 0004:0000516C       Controls._ImmGetConversionStatus
 0004:00005170       Controls._ImmSetConversionStatus
 0004:00005174       Controls._ImmSetOpenStatus
 0004:00005178       Controls._ImmSetCompositionWindow
 0004:0000517C       Controls._ImmSetCompositionFont
 0004:00005180       Controls._ImmGetCompositionString
 0004:00005184       Controls._ImmIsIME
 0004:00005188       Controls._ImmNotifyIME
 0004:0000518C       Themes..2
 0004:00005190       Themes.InternalServices
 0004:00005194       Themes.RM_UnthemedDesigner
 0004:00005198       ImgList.CachedComCtrlVer
 0004:0000519C       ImgList.ImageListWriteExProc
 0004:000051A0       ActnList..9
 0004:000051A4       Forms.Application
 0004:000051A8       Forms.Screen
 0004:000051AC       Forms..51
 0004:000051B0       Forms.RM_TaskbarCreated
 0004:000051B4       Forms.HintThreadID
 0004:000051B8       Forms.HintDoneEvent
 0004:000051BC       Forms.HintHook
 0004:000051C0       Forms.HintThread
 0004:000051C4       Forms.IdleTimerHandle
 0004:000051C8       Forms.IdleTimerDelegate
 0004:000051CC       jpeg..3
 0004:000051D0       pngimage..83
 0004:000051D4       pngimage.ChunkClasses
 0004:000051D8       pngimage.crc_table
 0004:000055D8       pngimage.crc_table_computed
 0004:000055DC       frmAnotherWindow.frmAnother
 0004:000055E0       frmCustomerExperience.frm_CustomerExperience
 0004:000055E4       frmMain.frm_Main
 0005:00000000       System.RaiseListPtr
 0005:00000004       System.InOutRes
 0005:00000008       Classes.GlobalLoaded
 0005:0000000C       Classes.GlobalLists
 0005:00000010       Classes.InternalCurrentThread
 0005:00000014       SyncObjs.OleThreadWnd
 0005:00000018       GraphUtil.CachedHighlightLum
 0005:0000001C       GraphUtil.CachedHighlightColor
 0005:00000020       GraphUtil.CachedHighlight
 0005:00000024       GraphUtil.CachedShadowLum
 0005:00000028       GraphUtil.CachedShadowColor
 0005:0000002C       GraphUtil.CachedShadow
 0005:00000030       GraphUtil.CachedColorValue
 0005:00000034       GraphUtil.CachedLumValue
 0005:00000038       GraphUtil.CachedColorAdjustLuma
 0005:0000003C       SysInit.TlsLast


Line numbers for DeskMetrics(DeskMetrics.pas) segment .text

    31 0001:000937B8    33 0001:000937C0    34 0001:000937C8    35 0001:000937D0
    37 0001:000937D8    39 0001:000937E0    41 0001:000937E8    43 0001:000937F0
    45 0001:000937F8    47 0001:00093800    49 0001:00093808    62 0001:00093810
    68 0001:00093818    70 0001:00093820    88 0001:00093828    89 0001:00093830
    94 0001:00093836

Line numbers for frmAnotherWindow(frmAnotherWindow.pas) segment .text

    49 0001:00093A14    51 0001:00093A1A    54 0001:00093A29    55 0001:00093A30
    58 0001:00093A68    61 0001:00093A6B    62 0001:00093A7A    64 0001:00093AD6

Line numbers for frmCustomerExperience(frmCustomerExperience.pas) segment .text

    37 0001:00093D00    38 0001:00093D03    39 0001:00093D08    42 0001:00093D0C
    43 0001:00093D12    44 0001:00093D24    46 0001:00093D2D    47 0001:00093D3F
    49 0001:00093D46    50 0001:00093D4D    52 0001:00093D7E

Line numbers for frmMain(frmMain.pas) segment .text

   102 0001:00094304   104 0001:0009431A   105 0001:00094346   108 0001:00094380
   110 0001:00094386   112 0001:00094395   113 0001:000943A2   114 0001:000943AF
   115 0001:000943BC   118 0001:000943D8   120 0001:000943DE   122 0001:000943ED
   123 0001:000943FA   124 0001:00094407   125 0001:00094414   128 0001:00094430
   130 0001:00094436   132 0001:00094445   133 0001:00094452   134 0001:0009445F
   135 0001:0009446C   138 0001:00094488   140 0001:0009449E   141 0001:000944BA
   146 0001:000944DC   147 0001:000944F8   148 0001:00094508   150 0001:00094516
   152 0001:00094553   156 0001:00094569   157 0001:0009456F   160 0001:0009457B
   161 0001:00094585   167 0001:00094658   168 0001:000946A1   169 0001:000946B1
   171 0001:000946BF   173 0001:000946DB   177 0001:000946F1   180 0001:000946FB
   182 0001:00094708   183 0001:0009473A   184 0001:0009476C   185 0001:0009479E
   189 0001:000947D2   193 0001:000947DE   194 0001:000947E8   197 0001:00094980
   199 0001:00094996   200 0001:000949B7   203 0001:000949E8   205 0001:00094A02
   214 0001:00094A63   217 0001:00094A8C   219 0001:00094A8F   220 0001:00094A9E
   223 0001:00094AC4   225 0001:00094AC7   226 0001:00094AD6   229 0001:00094AD8
   232 0001:00094ADB   235 0001:00094AE2   236 0001:00094AE7   239 0001:00094AEC
   240 0001:00094B06   242 0001:00094B15   246 0001:00094B1E   250 0001:00094B2C
   254 0001:00094B3B   255 0001:00094B58   256 0001:00094B85   258 0001:00094C6A

Line numbers for AppExample(AppExample.dpr) segment .itext

    29 0002:000008DC    30 0002:000008F3    31 0002:000008FA    32 0002:00000903
    33 0002:00000916    34 0002:00000929    35 0002:0000093C    36 0002:00000943

Bound resource files

c:\program files (x86)\codegear\rad studio\6.0\lib\character.res
c:\program files (x86)\codegear\rad studio\6.0\lib\Controls.res
frmAnotherWindow.dfm
frmCustomerExperience.dfm
frmMain.dfm
AppExample.res
AppExample.drf


Program entry point at 0002:000008DC
