
 Start         Length     Name                   Class
 0001:00401000 00093AF8H .text                   CODE
 0002:00495000 00000964H .itext                  ICODE
 0003:00496000 00006220H .data                   DATA
 0004:0049D000 000055F0H .bss                    BSS
 0005:00000000 0000003CH .tls                    TLS


Detailed map of segments

 0001:00000000 0000688F C=CODE     S=.text    G=(none)   M=System   ACBP=A9
 0001:00006890 00000105 C=CODE     S=.text    G=(none)   M=SysInit  ACBP=A9
 0001:00006998 000002F8 C=CODE     S=.text    G=(none)   M=Types    ACBP=A9
 0001:00006C90 00000DC8 C=CODE     S=.text    G=(none)   M=Windows  ACBP=A9
 0001:00007A58 00000071 C=CODE     S=.text    G=(none)   M=Messages ACBP=A9
 0001:00007ACC 0000001E C=CODE     S=.text    G=(none)   M=ActiveX  ACBP=A9
 0001:00007AEC 00000310 C=CODE     S=.text    G=(none)   M=SysConst ACBP=A9
 0001:00007DFC 00000138 C=CODE     S=.text    G=(none)   M=RTLConsts ACBP=A9
 0001:00007F34 00000230 C=CODE     S=.text    G=(none)   M=Character ACBP=A9
 0001:00008164 000098E2 C=CODE     S=.text    G=(none)   M=SysUtils ACBP=A9
 0001:00011A48 000007FA C=CODE     S=.text    G=(none)   M=VarUtils ACBP=A9
 0001:00012244 00002E34 C=CODE     S=.text    G=(none)   M=Variants ACBP=A9
 0001:00015078 00000DF3 C=CODE     S=.text    G=(none)   M=TypInfo  ACBP=A9
 0001:00015E6C 0000BB7F C=CODE     S=.text    G=(none)   M=Classes  ACBP=A9
 0001:000219EC 000001A9 C=CODE     S=.text    G=(none)   M=Contnrs  ACBP=A9
 0001:00021B98 0000182A C=CODE     S=.text    G=(none)   M=HelpIntfs ACBP=A9
 0001:000233C4 00000876 C=CODE     S=.text    G=(none)   M=MultiMon ACBP=A9
 0001:00023C3C 00000200 C=CODE     S=.text    G=(none)   M=CommCtrl ACBP=A9
 0001:00023E3C 00000298 C=CODE     S=.text    G=(none)   M=Consts   ACBP=A9
 0001:000240D4 00000065 C=CODE     S=.text    G=(none)   M=IniFiles ACBP=A9
 0001:0002413C 00000659 C=CODE     S=.text    G=(none)   M=Registry ACBP=A9
 0001:00024798 0000A3AA C=CODE     S=.text    G=(none)   M=Graphics ACBP=A9
 0001:0002EB44 00000BC2 C=CODE     S=.text    G=(none)   M=SyncObjs ACBP=A9
 0001:0002F708 00000F71 C=CODE     S=.text    G=(none)   M=UxTheme  ACBP=A9
 0001:0003067C 000001E0 C=CODE     S=.text    G=(none)   M=DwmApi   ACBP=A9
 0001:0003085C 00006D8A C=CODE     S=.text    G=(none)   M=ZLib     ACBP=A9
 0001:000375E8 0000178A C=CODE     S=.text    G=(none)   M=GraphUtil ACBP=A9
 0001:00038D74 00005B8A C=CODE     S=.text    G=(none)   M=StdCtrls ACBP=A9
 0001:0003E900 0000003A C=CODE     S=.text    G=(none)   M=Printers ACBP=A9
 0001:0003E93C 00000047 C=CODE     S=.text    G=(none)   M=WideStrUtils ACBP=A9
 0001:0003E984 0000003A C=CODE     S=.text    G=(none)   M=Clipbrd  ACBP=A9
 0001:0003E9C0 00002C6E C=CODE     S=.text    G=(none)   M=ExtCtrls ACBP=A9
 0001:00041630 000002D5 C=CODE     S=.text    G=(none)   M=ComCtrls ACBP=A9
 0001:00041908 0000388C C=CODE     S=.text    G=(none)   M=Dialogs  ACBP=A9
 0001:00045194 00000139 C=CODE     S=.text    G=(none)   M=StdActns ACBP=A9
 0001:000452D0 000003AE C=CODE     S=.text    G=(none)   M=FlatSB   ACBP=A9
 0001:00045680 00008145 C=CODE     S=.text    G=(none)   M=Menus    ACBP=A9
 0001:0004D7C8 00016474 C=CODE     S=.text    G=(none)   M=Controls ACBP=A9
 0001:00063C3C 00000D1A C=CODE     S=.text    G=(none)   M=Themes   ACBP=A9
 0001:00064958 000018F9 C=CODE     S=.text    G=(none)   M=ImgList  ACBP=A9
 0001:00066254 00001542 C=CODE     S=.text    G=(none)   M=ActnList ACBP=A9
 0001:00067798 0000FB60 C=CODE     S=.text    G=(none)   M=Forms    ACBP=A9
 0001:000772F8 00000018 C=CODE     S=.text    G=(none)   M=JConsts  ACBP=A9
 0001:00077310 0001338C C=CODE     S=.text    G=(none)   M=jpeg     ACBP=A9
 0001:0008A69C 00000090 C=CODE     S=.text    G=(none)   M=pnglang  ACBP=A9
 0001:0008A72C 00007C42 C=CODE     S=.text    G=(none)   M=pngimage ACBP=A9
 0001:00092370 0000005E C=CODE     S=.text    G=(none)   M=DeskMetrics_Static ACBP=A9
 0001:000923D0 00000224 C=CODE     S=.text    G=(none)   M=DeskMetrics ACBP=A9
 0001:000925F4 00000270 C=CODE     S=.text    G=(none)   M=frmAnotherWindow ACBP=A9
 0001:00092864 000002A8 C=CODE     S=.text    G=(none)   M=frmCustomerExperience ACBP=A9
 0001:00092B0C 00000D9C C=CODE     S=.text    G=(none)   M=frmMain  ACBP=A9
 0001:000938A8 00000250 C=CODE     S=.text    G=(none)   M=AppExample ACBP=A9
 0002:00000000 000000AE C=ICODE    S=.itext   G=(none)   M=System   ACBP=A9
 0002:000000B0 00000011 C=ICODE    S=.itext   G=(none)   M=Windows  ACBP=A9
 0002:000000C4 00000094 C=ICODE    S=.itext   G=(none)   M=SysUtils ACBP=A9
 0002:00000158 0000000F C=ICODE    S=.itext   G=(none)   M=VarUtils ACBP=A9
 0002:00000168 000000AA C=ICODE    S=.itext   G=(none)   M=Variants ACBP=A9
 0002:00000214 00000008 C=ICODE    S=.itext   G=(none)   M=TypInfo  ACBP=A9
 0002:0000021C 00000092 C=ICODE    S=.itext   G=(none)   M=Classes  ACBP=A9
 0002:000002B0 00000008 C=ICODE    S=.itext   G=(none)   M=HelpIntfs ACBP=A9
 0002:000002B8 0000000F C=ICODE    S=.itext   G=(none)   M=MultiMon ACBP=A9
 0002:000002C8 00000008 C=ICODE    S=.itext   G=(none)   M=IniFiles ACBP=A9
 0002:000002D0 00000008 C=ICODE    S=.itext   G=(none)   M=Registry ACBP=A9
 0002:000002D8 000000FB C=ICODE    S=.itext   G=(none)   M=Graphics ACBP=A9
 0002:000003D4 0000000F C=ICODE    S=.itext   G=(none)   M=SyncObjs ACBP=A9
 0002:000003E4 0000001B C=ICODE    S=.itext   G=(none)   M=UxTheme  ACBP=A9
 0002:00000400 00000008 C=ICODE    S=.itext   G=(none)   M=DwmApi   ACBP=A9
 0002:00000408 00000086 C=ICODE    S=.itext   G=(none)   M=GraphUtil ACBP=A9
 0002:00000490 00000008 C=ICODE    S=.itext   G=(none)   M=Printers ACBP=A9
 0002:00000498 00000078 C=ICODE    S=.itext   G=(none)   M=Clipbrd  ACBP=A9
 0002:00000510 00000054 C=ICODE    S=.itext   G=(none)   M=ExtCtrls ACBP=A9
 0002:00000564 00000039 C=ICODE    S=.itext   G=(none)   M=ComCtrls ACBP=A9
 0002:000005A0 0000003D C=ICODE    S=.itext   G=(none)   M=Dialogs  ACBP=A9
 0002:000005E0 0000000F C=ICODE    S=.itext   G=(none)   M=FlatSB   ACBP=A9
 0002:000005F0 00000085 C=ICODE    S=.itext   G=(none)   M=Menus    ACBP=A9
 0002:00000678 00000088 C=ICODE    S=.itext   G=(none)   M=Controls ACBP=A9
 0002:00000700 00000008 C=ICODE    S=.itext   G=(none)   M=Themes   ACBP=A9
 0002:00000708 0000002A C=ICODE    S=.itext   G=(none)   M=ActnList ACBP=A9
 0002:00000734 0000005C C=ICODE    S=.itext   G=(none)   M=Forms    ACBP=A9
 0002:00000790 000000C0 C=ICODE    S=.itext   G=(none)   M=jpeg     ACBP=A9
 0002:00000850 0000008C C=ICODE    S=.itext   G=(none)   M=pngimage ACBP=A9
 0002:000008DC 00000015 C=ICODE    S=.itext   G=(none)   M=DeskMetrics ACBP=A9
 0002:000008F4 0000006D C=ICODE    S=.itext   G=(none)   M=AppExample ACBP=A9
 0003:00000000 000007B6 C=DATA     S=.data    G=DGROUP   M=System   ACBP=A9
 0003:000007B8 00000020 C=DATA     S=.data    G=DGROUP   M=SysInit  ACBP=A9
 0003:000007D8 00000100 C=DATA     S=.data    G=DGROUP   M=Character ACBP=A9
 0003:000008D8 0000027C C=DATA     S=.data    G=DGROUP   M=SysUtils ACBP=A9
 0003:00000B54 00000008 C=DATA     S=.data    G=DGROUP   M=VarUtils ACBP=A9
 0003:00000B5C 00000092 C=DATA     S=.data    G=DGROUP   M=Variants ACBP=A9
 0003:00000BF0 0000000C C=DATA     S=.data    G=DGROUP   M=TypInfo  ACBP=A9
 0003:00000BFC 00000064 C=DATA     S=.data    G=DGROUP   M=Classes  ACBP=A9
 0003:00000C60 00000008 C=DATA     S=.data    G=DGROUP   M=IniFiles ACBP=A9
 0003:00000C68 00000008 C=DATA     S=.data    G=DGROUP   M=Registry ACBP=A9
 0003:00000C70 000003B8 C=DATA     S=.data    G=DGROUP   M=Graphics ACBP=A9
 0003:00001028 00003720 C=DATA     S=.data    G=DGROUP   M=ZLib     ACBP=A9
 0003:00004748 00000450 C=DATA     S=.data    G=DGROUP   M=GraphUtil ACBP=A9
 0003:00004B98 000000D0 C=DATA     S=.data    G=DGROUP   M=StdCtrls ACBP=A9
 0003:00004C68 00000004 C=DATA     S=.data    G=DGROUP   M=Printers ACBP=A9
 0003:00004C6C 00000020 C=DATA     S=.data    G=DGROUP   M=ExtCtrls ACBP=A9
 0003:00004C8C 00000010 C=DATA     S=.data    G=DGROUP   M=ComCtrls ACBP=A9
 0003:00004C9C 00000198 C=DATA     S=.data    G=DGROUP   M=Dialogs  ACBP=A9
 0003:00004E34 00000134 C=DATA     S=.data    G=DGROUP   M=Menus    ACBP=A9
 0003:00004F68 0000013C C=DATA     S=.data    G=DGROUP   M=Controls ACBP=A9
 0003:000050A4 00000068 C=DATA     S=.data    G=DGROUP   M=Themes   ACBP=A9
 0003:0000510C 0000003C C=DATA     S=.data    G=DGROUP   M=ImgList  ACBP=A9
 0003:00005148 00000140 C=DATA     S=.data    G=DGROUP   M=Forms    ACBP=A9
 0003:00005288 00000958 C=DATA     S=.data    G=DGROUP   M=jpeg     ACBP=A9
 0003:00005BE0 00000168 C=DATA     S=.data    G=DGROUP   M=pngimage ACBP=A9
 0003:00005D48 00000008 C=DATA     S=.data    G=DGROUP   M=DeskMetrics ACBP=A9
 0004:00000000 00002B48 C=BSS      S=.bss     G=DGROUP   M=System   ACBP=A9
 0004:00002B48 0000000C C=BSS      S=.bss     G=DGROUP   M=SysInit  ACBP=A9
 0004:00002B54 00000008 C=BSS      S=.bss     G=DGROUP   M=Windows  ACBP=A9
 0004:00002B5C 0000001C C=BSS      S=.bss     G=DGROUP   M=Character ACBP=A9
 0004:00002B78 00002234 C=BSS      S=.bss     G=DGROUP   M=SysUtils ACBP=A9
 0004:00004DAC 0000005C C=BSS      S=.bss     G=DGROUP   M=VarUtils ACBP=A9
 0004:00004E08 00000040 C=BSS      S=.bss     G=DGROUP   M=Variants ACBP=A9
 0004:00004E48 00000004 C=BSS      S=.bss     G=DGROUP   M=TypInfo  ACBP=A9
 0004:00004E4C 00000048 C=BSS      S=.bss     G=DGROUP   M=Classes  ACBP=A9
 0004:00004E94 00000008 C=BSS      S=.bss     G=DGROUP   M=HelpIntfs ACBP=A9
 0004:00004E9C 00000031 C=BSS      S=.bss     G=DGROUP   M=MultiMon ACBP=A9
 0004:00004ED0 0000000C C=BSS      S=.bss     G=DGROUP   M=CommCtrl ACBP=A9
 0004:00004EDC 00000004 C=BSS      S=.bss     G=DGROUP   M=IniFiles ACBP=A9
 0004:00004EE0 00000004 C=BSS      S=.bss     G=DGROUP   M=Registry ACBP=A9
 0004:00004EE4 00000060 C=BSS      S=.bss     G=DGROUP   M=Graphics ACBP=A9
 0004:00004F44 00000018 C=BSS      S=.bss     G=DGROUP   M=SyncObjs ACBP=A9
 0004:00004F5C 000000DC C=BSS      S=.bss     G=DGROUP   M=UxTheme  ACBP=A9
 0004:00005038 00000010 C=BSS      S=.bss     G=DGROUP   M=DwmApi   ACBP=A9
 0004:00005048 00000010 C=BSS      S=.bss     G=DGROUP   M=GraphUtil ACBP=A9
 0004:00005058 00000004 C=BSS      S=.bss     G=DGROUP   M=Printers ACBP=A9
 0004:0000505C 0000000C C=BSS      S=.bss     G=DGROUP   M=Clipbrd  ACBP=A9
 0004:00005068 00000008 C=BSS      S=.bss     G=DGROUP   M=ExtCtrls ACBP=A9
 0004:00005070 00000010 C=BSS      S=.bss     G=DGROUP   M=ComCtrls ACBP=A9
 0004:00005080 0000003C C=BSS      S=.bss     G=DGROUP   M=Dialogs  ACBP=A9
 0004:000050BC 00000034 C=BSS      S=.bss     G=DGROUP   M=FlatSB   ACBP=A9
 0004:000050F0 00000010 C=BSS      S=.bss     G=DGROUP   M=Menus    ACBP=A9
 0004:00005100 0000008C C=BSS      S=.bss     G=DGROUP   M=Controls ACBP=A9
 0004:0000518C 0000000C C=BSS      S=.bss     G=DGROUP   M=Themes   ACBP=A9
 0004:00005198 00000008 C=BSS      S=.bss     G=DGROUP   M=ImgList  ACBP=A9
 0004:000051A0 00000004 C=BSS      S=.bss     G=DGROUP   M=ActnList ACBP=A9
 0004:000051A4 00000028 C=BSS      S=.bss     G=DGROUP   M=Forms    ACBP=A9
 0004:000051CC 00000004 C=BSS      S=.bss     G=DGROUP   M=jpeg     ACBP=A9
 0004:000051D0 00000409 C=BSS      S=.bss     G=DGROUP   M=pngimage ACBP=A9
 0004:000055DC 00000008 C=BSS      S=.bss     G=DGROUP   M=DeskMetrics ACBP=A9
 0004:000055E4 00000004 C=BSS      S=.bss     G=DGROUP   M=frmAnotherWindow ACBP=A9
 0004:000055E8 00000004 C=BSS      S=.bss     G=DGROUP   M=frmCustomerExperience ACBP=A9
 0004:000055EC 00000004 C=BSS      S=.bss     G=DGROUP   M=frmMain  ACBP=A9
 0005:00000000 00000008 C=TLS      S=.tls     G=(none)   M=System   ACBP=A9
 0005:00000008 0000000C C=TLS      S=.tls     G=(none)   M=Classes  ACBP=A9
 0005:00000014 00000004 C=TLS      S=.tls     G=(none)   M=SyncObjs ACBP=A9
 0005:00000018 00000024 C=TLS      S=.tls     G=(none)   M=GraphUtil ACBP=A9


  Address             Publics by Name

 0001:00007ACC       ActiveX.CoTaskMemAlloc
 0001:00007AD4       ActiveX.CoTaskMemFree
 0001:00007ADC       ActiveX.OleInitialize
 0001:00007AE4       ActiveX.OleUninitialize
 0004:000051A0       ActnList..9
 0001:000666BC       ActnList..TActionLink
 0001:00066254       ActnList..TContainedAction
 0001:000665A8       ActnList..TCustomAction
 0001:00066384       ActnList..TCustomActionList
 0001:00066470       ActnList..TShortCutList
 0002:00000708       ActnList.ActnList
 0001:00067768       ActnList.Finalization
 0001:00066DD4       ActnList.TActionLink.IsCaptionLinked
 0001:00066DE8       ActnList.TActionLink.IsCheckedLinked
 0001:00066DFC       ActnList.TActionLink.IsEnabledLinked
 0001:00066E10       ActnList.TActionLink.IsGroupIndexLinked
 0001:00066E24       ActnList.TActionLink.IsHelpContextLinked
 0001:00066E38       ActnList.TActionLink.IsHelpLinked
 0001:00066E4C       ActnList.TActionLink.IsHintLinked
 0001:00066E60       ActnList.TActionLink.IsImageIndexLinked
 0001:00066E74       ActnList.TActionLink.IsShortCutLinked
 0001:00066E88       ActnList.TActionLink.IsVisibleLinked
 0001:00066E9C       ActnList.TActionLink.SetAutoCheck
 0001:00066EA0       ActnList.TActionLink.SetCaption
 0001:00066EA4       ActnList.TActionLink.SetChecked
 0001:00066EA8       ActnList.TActionLink.SetEnabled
 0001:00066EAC       ActnList.TActionLink.SetGroupIndex
 0001:00066EB0       ActnList.TActionLink.SetHelpContext
 0001:00066EB4       ActnList.TActionLink.SetHelpKeyword
 0001:00066EB8       ActnList.TActionLink.SetHelpType
 0001:00066EBC       ActnList.TActionLink.SetHint
 0001:00066EC0       ActnList.TActionLink.SetImageIndex
 0001:00066EC4       ActnList.TActionLink.SetShortCut
 0001:00066EC8       ActnList.TActionLink.SetVisible
 0001:00066798       ActnList.TContainedAction.Destroy
 0001:00066904       ActnList.TContainedAction.Execute
 0001:000667CC       ActnList.TContainedAction.GetIndex
 0001:000667E8       ActnList.TContainedAction.GetParentComponent
 0001:000667F8       ActnList.TContainedAction.HasParent
 0001:000667E4       ActnList.TContainedAction.IsCategoryStored
 0001:00066808       ActnList.TContainedAction.ReadState
 0001:000668B0       ActnList.TContainedAction.SetActionList
 0001:00066884       ActnList.TContainedAction.SetCategory
 0001:0006683C       ActnList.TContainedAction.SetIndex
 0001:000668D8       ActnList.TContainedAction.SetParentComponent
 0001:0006695C       ActnList.TContainedAction.Update
 0001:00066F78       ActnList.TCustomAction.AssignTo
 0001:00066ECC       ActnList.TCustomAction.Create
 0001:00066F20       ActnList.TCustomAction.Destroy
 0001:00067604       ActnList.TCustomAction.DoHint
 0001:0006762C       ActnList.TCustomAction.Execute
 0001:00067690       ActnList.TCustomAction.GetSecondaryShortCuts
 0001:000676EC       ActnList.TCustomAction.HandleShortCut
 0001:00067084       ActnList.TCustomAction.SetAutoCheck
 0001:000670E4       ActnList.TCustomAction.SetCaption
 0001:00067144       ActnList.TCustomAction.SetChecked
 0001:0006724C       ActnList.TCustomAction.SetEnabled
 0001:000672C8       ActnList.TCustomAction.SetGroupIndex
 0001:000673E0       ActnList.TCustomAction.SetHelpContext
 0001:00067378       ActnList.TCustomAction.SetHelpKeyword
 0001:00067320       ActnList.TCustomAction.SetHelpType
 0001:00067438       ActnList.TCustomAction.SetHint
 0001:00067498       ActnList.TCustomAction.SetImageIndex
 0001:000675B8       ActnList.TCustomAction.SetName
 0001:000676B8       ActnList.TCustomAction.SetSecondaryShortCuts
 0001:000674F4       ActnList.TCustomAction.SetShortCut
 0001:00067558       ActnList.TCustomAction.SetVisible
 0001:00066B9C       ActnList.TCustomActionList.AddAction
 0001:00066BE4       ActnList.TCustomActionList.Change
 0001:000669B4       ActnList.TCustomActionList.Create
 0001:00066A20       ActnList.TCustomActionList.Destroy
 0001:00066CF0       ActnList.TCustomActionList.ExecuteAction
 0001:00066AF0       ActnList.TCustomActionList.GetAction
 0001:00066B04       ActnList.TCustomActionList.GetActionCount
 0001:00066A78       ActnList.TCustomActionList.GetChildren
 0001:00066B40       ActnList.TCustomActionList.ImageListChange
 0001:00066C4C       ActnList.TCustomActionList.IsShortCut
 0001:00066B4C       ActnList.TCustomActionList.Notification
 0001:00066BBC       ActnList.TCustomActionList.RemoveAction
 0001:00066AC0       ActnList.TCustomActionList.SetChildOrder
 0001:00066B0C       ActnList.TCustomActionList.SetImages
 0001:00066D30       ActnList.TCustomActionList.SetState
 0001:00066D10       ActnList.TCustomActionList.UpdateAction
 0001:000676F8       ActnList.TShortCutList.Add
 0001:00067724       ActnList.TShortCutList.IndexOfShortCut
 0002:000008F4       AppExample.AppExample
 0001:000938A8       AppExample.Finalization
 0004:00002B68       Character.CategoryTable
 0004:00002B60       Character.CatIndexPrimary
 0004:00002B64       Character.CatIndexSecondary
 0004:00002B5C       Character.DataTable
 0003:000007D8       Character.Latin1Categories
 0004:00002B74       Character.NumericValueTable
 0004:00002B6C       Character.NumIndexPrimary
 0004:00002B70       Character.NumIndexSecondary
 0001:00007F34       Character.TCharacter.CheckLetter
 0001:00007F40       Character.TCharacter.CheckLetterOrDigit
 0001:0000805C       Character.TCharacter.GetUnicodeCategory
 0001:000080BC       Character.TCharacter.Initialize
 0001:00008050       Character.TCharacter.IsAscii
 0001:00007F50       Character.TCharacter.IsLatin1
 0001:00007F5C       Character.TCharacter.IsLetter
 0001:00007FE8       Character.TCharacter.IsLetterOrDigit
 0004:00004E58       Classes..66
 0001:000164FC       Classes..EBitsError
 0001:000163B0       Classes..EClassNotFound
 0001:000165DC       Classes..EComponentError
 0001:00016190       Classes..EFCreateError
 0001:0001626C       Classes..EFilerError
 0001:0001611C       Classes..EFileStreamError
 0001:00016200       Classes..EFOpenError
 0001:000166BC       Classes..EInvalidOperation
 0001:00016490       Classes..EListError
 0001:0001664C       Classes..EOutOfResources
 0001:000162D8       Classes..EReadError
 0001:00016420       Classes..EResNotFound
 0001:000160AC       Classes..EStreamError
 0001:00016568       Classes..EStringListError
 0001:0001758C       Classes..EThread
 0001:00016344       Classes..EWriteError
 0001:000179BC       Classes..TBasicAction
 0001:00017930       Classes..TBasicActionLink
 0001:00016804       Classes..TBits
 0001:00017414       Classes..TClassFinder
 0001:00016AE0       Classes..TCollection
 0001:00016A1C       Classes..TCollectionItem
 0001:000177C4       Classes..TComponent
 0001:000170DC       Classes..TCustomMemoryStream
 0001:0001747C       Classes..TFiler
 0001:00017048       Classes..TFileStream
 0001:00016FC4       Classes..THandleStream
 0001:00018908       Classes..TIntConst
 0001:0001695C       Classes..TInterfacedPersistent
 0001:00016730       Classes..TList
 0001:00017164       Classes..TMemoryStream
 0001:00016BC0       Classes..TOwnedCollection
 0001:00016864       Classes..TPersistent
 0001:0001C5E8       Classes..TPropFixup
 0001:0001C66C       Classes..TPropIntfFixup
 0001:000174EC       Classes..TReader
 0001:00017B3C       Classes..TRegGroup
 0001:00017BA0       Classes..TRegGroups
 0001:000171EC       Classes..TResourceStream
 0001:00016F48       Classes..TStream
 0001:00017380       Classes..TStreamAdapter
 0001:00016E14       Classes..TStringList
 0001:00016CC0       Classes..TStrings
 0001:00017654       Classes..TThread
 0001:000167A0       Classes..TThreadList
 0001:000188AC       Classes.ActivateClassGroup
 0003:00000BFC       Classes.AddDataModule
 0001:0001C924       Classes.AddFinished
 0001:0001C95C       Classes.AddNotFinished
 0001:0001D4DC       Classes.AddSubComponentsToLoaded
 0001:0001FDC0       Classes.AddThread
 0001:00021828       Classes.AllocateHWnd
 0003:00000C0C       Classes.ApplicationHandleException
 0003:00000C14       Classes.ApplicationShowException
 0001:00018C10       Classes.BeginGlobalLoading
 0003:00000C34       Classes.BlockCode
 0001:00017B00       Classes.Bounds
 0001:00021758       Classes.CalcJmpOffset
 0001:0001D518       Classes.CheckSubComponents
 0001:0001FDD8       Classes.CheckSynchronize
 0002:0000021C       Classes.Classes
 0001:00018670       Classes.ClassNotFound
 0001:0001D5F8       Classes.ComponentCreated
 0001:0001D678       Classes.CreateComponent
 0001:000218DC       Classes.DeallocateHWnd
 0001:0001FCF4       Classes.DoneThreadSynchronization
 0001:0001A318       Classes.DoWrite
 0001:00018C98       Classes.EndGlobalLoading
 0001:00018214       Classes.Error
 0001:0001C420       Classes.Error
 0004:00004E88       Classes.ExternalThreads
 0003:00000C24       Classes.FilerSignature
 0001:00021904       Classes.Finalization
 0001:00018730       Classes.FindClass
 0001:0001D828       Classes.FindExistingComponent
 0001:00018B28       Classes.FindGlobalComponent
 0004:00004E64       Classes.FindGlobalComponentProcs
 0001:000189D0       Classes.FindIdentToInt
 0001:0001C82C       Classes.FindNestedComponent
 0001:0001E8A4       Classes.FindUniqueName
 0001:0001FD0C       Classes.FreeExternalThreads
 0001:000216C4       Classes.FreeIntConstList
 0001:000217F8       Classes.FreeObjectInstance
 0001:000186DC       Classes.GetClass
 0001:000198C4       Classes.GetDesigner
 0001:00018664       Classes.GetFieldClassTable
 0004:00004E68       Classes.GlobalFixupList
 0001:0001C9A4       Classes.GlobalFixupReferences
 0005:0000000C       Classes.GlobalLists
 0005:00000008       Classes.GlobalLoaded
 0004:00004E4C       Classes.GlobalNameSpace
 0001:00018858       Classes.GroupDescendentsWith
 0001:0001E038       Classes.HandleException
 0001:00018A4C       Classes.IdentToInt
 0001:00018CF4       Classes.InitComponent
 0001:00018D80       Classes.InitInheritedComponent
 0001:0001FCC0       Classes.InitThreadSynchronization
 0004:00004E8C       Classes.InstBlockList
 0004:00004E90       Classes.InstFreeList
 0004:00004E5C       Classes.IntConstList
 0005:00000010       Classes.InternalCurrentThread
 0001:00018B8C       Classes.InternalReadComponentRes
 0001:00018A8C       Classes.IntToIdent
 0001:00017B28       Classes.InvalidPoint
 0001:00018B68       Classes.IsUniqueGlobalComponentName
 0004:00004E50       Classes.IsUniqueGlobalComponentNameProc
 0001:00021760       Classes.MakeObjectInstance
 0001:00019514       Classes.Min
 0001:00021730       Classes.ModuleUnload
 0003:00000C28       Classes.NilMethod
 0001:00019964       Classes.NotifyDesigner
 0001:00018C68       Classes.NotifyGlobalLoading
 0001:00017AC0       Classes.Point
 0001:0001CCC4       Classes.PropertyNotFound
 0001:0001E108       Classes.PropPathError
 0001:0001CCB8       Classes.PropValueError
 0001:0001BBE8       Classes.RaiseException
 0001:0001F53C       Classes.ReadCustomVariant
 0001:0001CCA0       Classes.ReadError
 0001:0001D618       Classes.Recover
 0001:00017AD8       Classes.Rect
 0004:00004E60       Classes.RegGroups
 0001:00018750       Classes.RegisterClass
 0001:00018AD0       Classes.RegisterFindGlobalComponentProc
 0001:000189A4       Classes.RegisterIntegerConsts
 0003:00000C04       Classes.RemoveDataModule
 0001:0001CB70       Classes.RemoveFixupReferences
 0001:0001CC1C       Classes.RemoveFixups
 0001:0001CF84       Classes.RemoveGlobalFixup
 0001:0001FDCC       Classes.RemoveThread
 0001:0001FD8C       Classes.ResetSyncEvent
 0001:0001A484       Classes.ReturnAddr
 0001:00018F0C       Classes.ReturnAddr
 0001:0001D788       Classes.SetCompName
 0001:0001CCF0       Classes.SetElementValue
 0001:0001E480       Classes.SetInterfaceReference
 0001:0001E39C       Classes.SetIntIdent
 0001:0001E3E4       Classes.SetObjectIdent
 0001:0001D590       Classes.SetSubComponentState
 0001:0001E424       Classes.SetVariantReference
 0001:0001FDB4       Classes.SignalSyncEvent
 0001:0001F05C       Classes.SkipBinary
 0001:0001F08C       Classes.SkipCollection
 0001:0001F034       Classes.SkipList
 0001:0001880C       Classes.StartClassGroup
 0001:00021738       Classes.StdWndProc
 0001:0001B8F0       Classes.StringListCompareStrings
 0004:00004E54       Classes.SyncEvent
 0003:00000C30       Classes.SyncList
 0001:00021130       Classes.TBasicAction.Change
 0001:00020FBC       Classes.TBasicAction.Create
 0001:00021000       Classes.TBasicAction.Destroy
 0001:0002109C       Classes.TBasicAction.Execute
 0001:0002106C       Classes.TBasicAction.ExecuteTarget
 0001:00021068       Classes.TBasicAction.HandlesTarget
 0001:00021070       Classes.TBasicAction.Notification
 0001:00021144       Classes.TBasicAction.RegisterChanges
 0001:00021190       Classes.TBasicAction.SetActionComponent
 0001:000210D4       Classes.TBasicAction.SetOnExecute
 0001:00021150       Classes.TBasicAction.UnRegisterChanges
 0001:000210B8       Classes.TBasicAction.Update
 0001:00021098       Classes.TBasicAction.UpdateTarget
 0001:00020F0C       Classes.TBasicActionLink.AssignClient
 0001:00020F44       Classes.TBasicActionLink.Change
 0001:00020EC8       Classes.TBasicActionLink.Create
 0001:00020F10       Classes.TBasicActionLink.Destroy
 0001:00020F5C       Classes.TBasicActionLink.Execute
 0001:00020FA4       Classes.TBasicActionLink.IsOnExecuteLinked
 0001:00020F78       Classes.TBasicActionLink.SetAction
 0001:00020FA8       Classes.TBasicActionLink.SetOnExecute
 0001:00020FB0       Classes.TBasicActionLink.Update
 0001:000194CC       Classes.TBits.Destroy
 0001:000194FC       Classes.TBits.Error
 0001:000195F0       Classes.TBits.OpenBit
 0001:000195C4       Classes.TBits.SetBit
 0001:00019520       Classes.TBits.SetSize
 0001:00018480       Classes.TClassFinder.Create
 0001:000185AC       Classes.TClassFinder.Destroy
 0001:000185DC       Classes.TClassFinder.GetClass
 0001:00019C28       Classes.TCollection.Add
 0001:0001A0A0       Classes.TCollection.Added
 0001:00019C48       Classes.TCollection.Assign
 0001:00019CF0       Classes.TCollection.BeginUpdate
 0001:00019CF4       Classes.TCollection.Changed
 0001:00019D04       Classes.TCollection.Clear
 0001:00019B90       Classes.TCollection.Create
 0001:0001A0A4       Classes.TCollection.Deleting
 0001:00019BDC       Classes.TCollection.Destroy
 0001:00019D6C       Classes.TCollection.EndUpdate
 0001:00019D7C       Classes.TCollection.GetAttr
 0001:00019D78       Classes.TCollection.GetAttrCount
 0001:00019DAC       Classes.TCollection.GetCount
 0001:00019DB4       Classes.TCollection.GetItem
 0001:00019D8C       Classes.TCollection.GetItemAttr
 0001:00019DC8       Classes.TCollection.GetNamePath
 0001:00019E7C       Classes.TCollection.GetPropName
 0001:00019FD0       Classes.TCollection.InsertItem
 0001:0001A0A8       Classes.TCollection.Notify
 0001:0001A094       Classes.TCollection.Owner
 0001:0001A038       Classes.TCollection.RemoveItem
 0001:0001A08C       Classes.TCollection.SetItemName
 0001:0001A090       Classes.TCollection.Update
 0001:00019A30       Classes.TCollectionItem.Changed
 0001:000199C8       Classes.TCollectionItem.Create
 0001:00019A00       Classes.TCollectionItem.Destroy
 0001:00019A6C       Classes.TCollectionItem.GetDisplayName
 0001:00019A54       Classes.TCollectionItem.GetIndex
 0001:00019A80       Classes.TCollectionItem.GetNamePath
 0001:00019B2C       Classes.TCollectionItem.GetOwner
 0001:00019B30       Classes.TCollectionItem.SetCollection
 0001:00019B58       Classes.TCollectionItem.SetDisplayName
 0001:00019B60       Classes.TCollectionItem.SetIndex
 0001:00020770       Classes.TComponent.BeforeDestruction
 0001:00020CB8       Classes.TComponent.ChangeName
 0001:000206A0       Classes.TComponent.Create
 0001:00020A38       Classes.TComponent.DefineProperties
 0001:000206EC       Classes.TComponent.Destroy
 0001:00020900       Classes.TComponent.DestroyComponents
 0001:0002095C       Classes.TComponent.Destroying
 0001:00020DD4       Classes.TComponent.ExecuteAction
 0001:00020BD8       Classes.TComponent.FindComponent
 0001:0002077C       Classes.TComponent.FreeNotification
 0001:00020ADC       Classes.TComponent.GetChildOwner
 0001:00020AE0       Classes.TComponent.GetChildParent
 0001:00020AD4       Classes.TComponent.GetChildren
 0001:00020CCC       Classes.TComponent.GetComponent
 0001:00020CF8       Classes.TComponent.GetComponentCount
 0001:00020AE4       Classes.TComponent.GetNamePath
 0001:00020AF8       Classes.TComponent.GetOwner
 0001:00020B00       Classes.TComponent.GetParentComponent
 0001:00020AD0       Classes.TComponent.HasParent
 0001:00020810       Classes.TComponent.Insert
 0001:00020864       Classes.TComponent.InsertComponent
 0001:00020EC4       Classes.TComponent.IntfGetComponent
 0001:00020B20       Classes.TComponent.Loaded
 0001:000209D8       Classes.TComponent.Notification
 0001:00020B2C       Classes.TComponent.PaletteCreated
 0001:00020E44       Classes.TComponent.QueryInterface
 0001:000207D0       Classes.TComponent.ReadLeft
 0001:00020B30       Classes.TComponent.ReadState
 0001:000207E4       Classes.TComponent.ReadTop
 0001:0002083C       Classes.TComponent.Remove
 0001:000208C8       Classes.TComponent.RemoveComponent
 0001:000209BC       Classes.TComponent.RemoveFreeNotification
 0001:00020998       Classes.TComponent.RemoveNotification
 0001:00020E24       Classes.TComponent.SafeCallException
 0001:00020AFC       Classes.TComponent.SetChildOrder
 0001:00020D08       Classes.TComponent.SetComponentIndex
 0001:00020D5C       Classes.TComponent.SetDesigning
 0001:00020C28       Classes.TComponent.SetName
 0001:00020B04       Classes.TComponent.SetParentComponent
 0001:00020DAC       Classes.TComponent.SetReference
 0001:00020DFC       Classes.TComponent.UpdateAction
 0001:00020B14       Classes.TComponent.Updated
 0001:00020E3C       Classes.TComponent.UpdateRegistry
 0001:00020B08       Classes.TComponent.Updating
 0001:00020BC0       Classes.TComponent.ValidateContainer
 0001:00020BD4       Classes.TComponent.ValidateInsert
 0001:00020B40       Classes.TComponent.ValidateRename
 0001:000207F8       Classes.TComponent.WriteLeft
 0001:00020B38       Classes.TComponent.WriteState
 0001:00020804       Classes.TComponent.WriteTop
 0001:00020E84       Classes.TComponent._AddRef
 0001:00020EA4       Classes.TComponent._Release
 0001:0001C1CC       Classes.TCustomMemoryStream.Read
 0001:0001C204       Classes.TCustomMemoryStream.Seek
 0001:0001C1C4       Classes.TCustomMemoryStream.SetPointer
 0001:0001C574       Classes.TFiler.Create
 0001:0001C5BC       Classes.TFiler.Destroy
 0001:0001C5E4       Classes.TFiler.SetRoot
 0001:0001BFD8       Classes.TFileStream.Create
 0001:0001C01C       Classes.TFileStream.Create
 0001:0001C190       Classes.TFileStream.Destroy
 0001:0001BF14       Classes.THandleStream.Create
 0001:0001BF50       Classes.THandleStream.Read
 0001:0001BF70       Classes.THandleStream.Seek
 0001:0001BFB0       Classes.THandleStream.SetSize
 0001:0001BF9C       Classes.THandleStream.SetSize
 0001:0001BF60       Classes.THandleStream.Write
 0004:00004E84       Classes.ThreadCount
 0004:00004E6C       Classes.ThreadLock
 0001:0001FFCC       Classes.ThreadProc
 0001:0001896C       Classes.TIntConst.Create
 0001:0001980C       Classes.TInterfacedPersistent.AfterConstruction
 0001:0001989C       Classes.TInterfacedPersistent.QueryInterface
 0001:0001985C       Classes.TInterfacedPersistent._AddRef
 0001:0001987C       Classes.TInterfacedPersistent._Release
 0001:00018E64       Classes.TList.Add
 0001:00018E98       Classes.TList.Clear
 0001:00018EB0       Classes.TList.Delete
 0001:00018E44       Classes.TList.Destroy
 0001:00018F10       Classes.TList.Error
 0001:00018F48       Classes.TList.Error
 0001:00018F9C       Classes.TList.Expand
 0001:00018FB4       Classes.TList.First
 0001:00018FBC       Classes.TList.Get
 0001:00018FE4       Classes.TList.Grow
 0001:00019018       Classes.TList.IndexOf
 0001:0001903C       Classes.TList.Insert
 0001:000190A8       Classes.TList.Last
 0001:000190CC       Classes.TList.Move
 0001:000192B8       Classes.TList.Notify
 0001:00019194       Classes.TList.Pack
 0001:00019124       Classes.TList.Put
 0001:00019174       Classes.TList.Remove
 0001:00019208       Classes.TList.SetCapacity
 0001:00019244       Classes.TList.SetCount
 0001:0001C254       Classes.TMemoryStream.Clear
 0001:0001C228       Classes.TMemoryStream.Destroy
 0001:0001C26C       Classes.TMemoryStream.LoadFromStream
 0001:0001C2F8       Classes.TMemoryStream.Realloc
 0001:0001C2A4       Classes.TMemoryStream.SetCapacity
 0001:0001C2CC       Classes.TMemoryStream.SetSize
 0001:0001C378       Classes.TMemoryStream.Write
 0001:0001A0CC       Classes.TOwnedCollection.Create
 0001:0001A110       Classes.TOwnedCollection.GetOwner
 0001:00019694       Classes.TPersistent.Assign
 0001:000196A8       Classes.TPersistent.AssignError
 0001:00019764       Classes.TPersistent.AssignTo
 0001:0001976C       Classes.TPersistent.DefineProperties
 0001:00019668       Classes.TPersistent.Destroy
 0001:00019770       Classes.TPersistent.GetNamePath
 0001:00019808       Classes.TPersistent.GetOwner
 0001:0001C6D8       Classes.TPropFixup.Create
 0001:0001C730       Classes.TPropFixup.MakeGlobalReference
 0001:0001C798       Classes.TPropFixup.ResolveReference
 0001:0001C7A8       Classes.TPropIntfFixup.ResolveReference
 0001:0001CD44       Classes.TReader.CheckValue
 0001:0001CDA4       Classes.TReader.DefineBinaryProperty
 0001:0001CD68       Classes.TReader.DefineProperty
 0001:0001CD08       Classes.TReader.Destroy
 0001:0001D000       Classes.TReader.DoFixupReferences
 0001:0001CE8C       Classes.TReader.EndOfList
 0001:0001CEA0       Classes.TReader.Error
 0001:0001F388       Classes.TReader.FindAncestorComponent
 0001:0001F480       Classes.TReader.FindComponentClass
 0001:0001CF34       Classes.TReader.FindMethod
 0001:0001CEC4       Classes.TReader.FindMethodInstance
 0001:0001D144       Classes.TReader.FlushBuffer
 0001:0001D168       Classes.TReader.FreeFixups
 0001:0001D1A4       Classes.TReader.GetFieldClass
 0001:0001D238       Classes.TReader.GetPosition
 0001:0001D250       Classes.TReader.NextValue
 0001:0001D260       Classes.TReader.PropertyError
 0001:0001D274       Classes.TReader.Read
 0001:0001D2FC       Classes.TReader.ReadBoolean
 0001:0001D2C0       Classes.TReader.ReadBuffer
 0001:0001D310       Classes.TReader.ReadChar
 0001:0001D404       Classes.TReader.ReadCollection
 0001:0001D8CC       Classes.TReader.ReadComponent
 0001:0001DD0C       Classes.TReader.ReadCurrency
 0001:0001DB0C       Classes.TReader.ReadData
 0001:0001DB7C       Classes.TReader.ReadDataInner
 0001:0001DD5C       Classes.TReader.ReadDate
 0001:0001DC84       Classes.TReader.ReadDouble
 0001:0001DC4C       Classes.TReader.ReadFloat
 0001:0001DDA0       Classes.TReader.ReadIdent
 0001:0001DFA4       Classes.TReader.ReadInt64
 0001:0001DF38       Classes.TReader.ReadInteger
 0001:0001DFE8       Classes.TReader.ReadListBegin
 0001:0001DFF0       Classes.TReader.ReadListEnd
 0001:0001DFF8       Classes.TReader.ReadPrefix
 0001:0001E124       Classes.TReader.ReadProperty
 0001:0001E540       Classes.TReader.ReadPropValue
 0001:0001E90C       Classes.TReader.ReadRootComponent
 0001:0001EC40       Classes.TReader.ReadSet
 0001:0001ECFC       Classes.TReader.ReadSignature
 0001:0001DCC8       Classes.TReader.ReadSingle
 0001:0001ED20       Classes.TReader.ReadStr
 0001:0001EDB0       Classes.TReader.ReadString
 0001:0001EFD8       Classes.TReader.ReadValue
 0001:0001F704       Classes.TReader.ReadVariant
 0001:0001D3A4       Classes.TReader.ReadWideChar
 0001:0001EE98       Classes.TReader.ReadWideString
 0001:0001F440       Classes.TReader.ReferenceName
 0001:0001F458       Classes.TReader.SetName
 0001:0001F4F4       Classes.TReader.SkipBytes
 0001:0001F2E0       Classes.TReader.SkipComponent
 0001:0001F298       Classes.TReader.SkipProperty
 0001:0001EFEC       Classes.TReader.SkipSetBody
 0001:0001F0E8       Classes.TReader.SkipValue
 0001:00017C04       Classes.TRegGroup.AddClass
 0001:00017C10       Classes.TRegGroup.BestClass
 0001:00017C70       Classes.TRegGroup.BestGroup
 0001:00017CE0       Classes.TRegGroup.Create
 0001:00017D3C       Classes.TRegGroup.Destroy
 0001:00017D7C       Classes.TRegGroup.GetClass
 0001:00017DCC       Classes.TRegGroup.InGroup
 0001:00017E10       Classes.TRegGroup.RegisterClass
 0001:00017EC4       Classes.TRegGroup.Registered
 0001:00017F2C       Classes.TRegGroup.UnregisterModuleClasses
 0001:0001806C       Classes.TRegGroups.Activate
 0001:000180B8       Classes.TRegGroups.Create
 0001:0001812C       Classes.TRegGroups.Destroy
 0001:0001818C       Classes.TRegGroups.FindGroup
 0001:000181D0       Classes.TRegGroups.GetClass
 0001:00018298       Classes.TRegGroups.GroupWith
 0001:0001836C       Classes.TRegGroups.Lock
 0001:00018378       Classes.TRegGroups.RegisterClass
 0001:00018390       Classes.TRegGroups.Registered
 0001:000183D4       Classes.TRegGroups.StartGroup
 0001:00018424       Classes.TRegGroups.Unlock
 0001:00018430       Classes.TRegGroups.UnregisterModuleClasses
 0001:0001C3C8       Classes.TResourceStream.Create
 0001:0001C52C       Classes.TResourceStream.Destroy
 0001:0001C4C0       Classes.TResourceStream.Initialize
 0001:0001C55C       Classes.TResourceStream.Write
 0001:0001BDC0       Classes.TStream.CopyFrom
 0001:0001BAFC       Classes.TStream.GetPosition
 0001:0001BB30       Classes.TStream.GetSize
 0001:0001BD50       Classes.TStream.ReadBuffer
 0001:0001BEB4       Classes.TStream.ReadComponent
 0001:0001BC5C       Classes.TStream.Seek
 0001:0001BCE0       Classes.TStream.Seek
 0001:0001BB1C       Classes.TStream.SetPosition
 0001:0001BB7C       Classes.TStream.SetSize
 0001:0001BB94       Classes.TStream.SetSize
 0001:0001BB80       Classes.TStream.SetSize64
 0001:0001BD88       Classes.TStream.WriteBuffer
 0001:000216AC       Classes.TStreamAdapter.Clone
 0001:00021600       Classes.TStreamAdapter.Commit
 0001:000213F8       Classes.TStreamAdapter.CopyTo
 0001:000211BC       Classes.TStreamAdapter.Create
 0001:00021208       Classes.TStreamAdapter.Destroy
 0001:00021618       Classes.TStreamAdapter.LockRegion
 0001:00021240       Classes.TStreamAdapter.Read
 0001:0002160C       Classes.TStreamAdapter.Revert
 0001:00021310       Classes.TStreamAdapter.Seek
 0001:00021394       Classes.TStreamAdapter.SetSize
 0001:00021630       Classes.TStreamAdapter.Stat
 0001:00021624       Classes.TStreamAdapter.UnlockRegion
 0001:000212A8       Classes.TStreamAdapter.Write
 0001:0001B2F0       Classes.TStringList.Add
 0001:0001B300       Classes.TStringList.AddObject
 0001:0001B364       Classes.TStringList.Changed
 0001:0001B380       Classes.TStringList.Changing
 0001:0001B39C       Classes.TStringList.Clear
 0001:0001B958       Classes.TStringList.CompareStrings
 0001:0001BAC4       Classes.TStringList.Create
 0001:0001B920       Classes.TStringList.CustomSort
 0001:0001B404       Classes.TStringList.Delete
 0001:0001B26C       Classes.TStringList.Destroy
 0001:0001B484       Classes.TStringList.Exchange
 0001:0001B4E0       Classes.TStringList.ExchangeItems
 0001:0001B504       Classes.TStringList.Find
 0001:0001B588       Classes.TStringList.Get
 0001:0001B5BC       Classes.TStringList.GetCapacity
 0001:0001B5C0       Classes.TStringList.GetCount
 0001:0001B5C4       Classes.TStringList.GetObject
 0001:0001B5EC       Classes.TStringList.Grow
 0001:0001B620       Classes.TStringList.IndexOf
 0001:0001B65C       Classes.TStringList.Insert
 0001:0001B6C0       Classes.TStringList.InsertItem
 0001:0001B66C       Classes.TStringList.InsertObject
 0001:0001B73C       Classes.TStringList.Put
 0001:0001B798       Classes.TStringList.PutObject
 0001:0001B7D8       Classes.TStringList.QuickSort
 0001:0001B870       Classes.TStringList.SetCapacity
 0001:0001B8B0       Classes.TStringList.SetSorted
 0001:0001B8D0       Classes.TStringList.SetUpdateState
 0001:0001B910       Classes.TStringList.Sort
 0001:0001A144       Classes.TStrings.Add
 0001:0001A168       Classes.TStrings.AddObject
 0001:0001A18C       Classes.TStrings.AddStrings
 0001:0001A244       Classes.TStrings.Assign
 0001:0001A300       Classes.TStrings.BeginUpdate
 0001:0001B160       Classes.TStrings.CompareStrings
 0001:0001A370       Classes.TStrings.DefineProperties
 0001:0001A114       Classes.TStrings.Destroy
 0001:0001A3C8       Classes.TStrings.EndUpdate
 0001:0001A3DC       Classes.TStrings.Equals
 0001:0001A4C0       Classes.TStrings.Error
 0001:0001A488       Classes.TStrings.Error
 0001:0001A518       Classes.TStrings.Exchange
 0001:0001A604       Classes.TStrings.GetCapacity
 0001:0001B0F8       Classes.TStrings.GetLineBreak
 0001:0001B230       Classes.TStrings.GetNameValueSeparator
 0001:0001A60C       Classes.TStrings.GetObject
 0001:0001A610       Classes.TStrings.GetText
 0001:0001A664       Classes.TStrings.GetTextStr
 0001:0001A7FC       Classes.TStrings.IndexOf
 0001:0001A888       Classes.TStrings.IndexOfName
 0001:0001A95C       Classes.TStrings.IndexOfObject
 0001:0001A990       Classes.TStrings.InsertObject
 0001:0001A9C0       Classes.TStrings.LoadFromFile
 0001:0001AA14       Classes.TStrings.LoadFromFile
 0001:0001AA70       Classes.TStrings.LoadFromStream
 0001:0001AA7C       Classes.TStrings.LoadFromStream
 0001:0001AB70       Classes.TStrings.Move
 0001:0001AC20       Classes.TStrings.Put
 0001:0001AC50       Classes.TStrings.PutObject
 0001:0001AC54       Classes.TStrings.ReadData
 0001:0001AD04       Classes.TStrings.SaveToFile
 0001:0001AD14       Classes.TStrings.SaveToFile
 0001:0001AD84       Classes.TStrings.SaveToStream
 0001:0001AD74       Classes.TStrings.SaveToStream
 0001:0001AE3C       Classes.TStrings.SetCapacity
 0001:0001B134       Classes.TStrings.SetLineBreak
 0001:0001B24C       Classes.TStrings.SetNameValueSeparator
 0001:0001AE40       Classes.TStrings.SetStringsAdapter
 0001:0001AE74       Classes.TStrings.SetText
 0001:0001AEC4       Classes.TStrings.SetTextStr
 0001:0001B070       Classes.TStrings.SetUpdateState
 0001:0001B074       Classes.TStrings.WriteData
 0001:00020208       Classes.TThread.AfterConstruction
 0001:000202B0       Classes.TThread.CallOnTerminate
 0001:00020298       Classes.TThread.CheckThreadError
 0001:0002021C       Classes.TThread.CheckThreadError
 0001:00020080       Classes.TThread.Create
 0001:00020188       Classes.TThread.Destroy
 0001:000202C4       Classes.TThread.DoTerminate
 0001:000202D8       Classes.TThread.RemoveQueuedEvents
 0001:00020594       Classes.TThread.Resume
 0001:0002039C       Classes.TThread.Synchronize
 0001:00020560       Classes.TThread.Synchronize
 0001:000205BC       Classes.TThread.Terminate
 0001:000205E0       Classes.TThread.WaitFor
 0001:0001938C       Classes.TThreadList.Add
 0001:00019414       Classes.TThreadList.Clear
 0001:000192BC       Classes.TThreadList.Create
 0001:00019310       Classes.TThreadList.Destroy
 0001:0001945C       Classes.TThreadList.LockList
 0001:00019470       Classes.TThreadList.Remove
 0001:000194C0       Classes.TThreadList.UnlockList
 0001:0001F924       Classes.TWriter.Write
 0001:0001F988       Classes.TWriter.WriteBoolean
 0001:0001F970       Classes.TWriter.WriteBuffer
 0001:0001F99C       Classes.TWriter.WriteInteger
 0001:0001FA10       Classes.TWriter.WriteListBegin
 0001:0001FA18       Classes.TWriter.WriteListEnd
 0001:0001FA20       Classes.TWriter.WriteMinStr
 0001:0001FB74       Classes.TWriter.WriteString
 0001:0001FCAC       Classes.TWriter.WriteValue
 0001:00018B10       Classes.UnregisterFindGlobalComponentProc
 0001:000187C0       Classes.UnRegisterModuleClasses
 0003:00000C38       Classes.UtilWindowClass
 0001:0001FD98       Classes.WaitForSyncEvent
 0003:00000C1C       Classes.WakeMainThread
 0004:00005060       Clipbrd..3
 0004:0000505E       Clipbrd.CF_COMPONENT
 0004:0000505C       Clipbrd.CF_PICTURE
 0002:00000498       Clipbrd.Clipbrd
 0004:00005064       Clipbrd.FClipboard
 0001:0003E984       Clipbrd.Finalization
 0004:00005070       ComCtrls..96
 0001:0004167C       ComCtrls..TConversion
 0002:00000564       ComCtrls.ComCtrls
 0004:00005074       ComCtrls.ConversionFormatList
 0001:00041888       ComCtrls.Finalization
 0001:0004182C       ComCtrls.FreeConversionFormatList
 0004:0000507C       ComCtrls.FRichEditModule
 0003:00004C8C       ComCtrls.RTFConversionFormat
 0004:00005078       ComCtrls.ShellModule
 0001:00041774       ComCtrls.TConversion.ConvertReadStream
 0001:000417D0       ComCtrls.TConversion.ConvertWriteStream
 0001:0004173C       ComCtrls.TConversion.Create
 0003:00004C94       ComCtrls.TextConversionFormat
 0004:00004ED0       CommCtrl.ComCtl32DLL
 0001:00023D6C       CommCtrl.FlatSB_GetScrollInfo
 0001:00023D74       CommCtrl.FlatSB_GetScrollPos
 0001:00023D7C       CommCtrl.FlatSB_SetScrollInfo
 0001:00023D84       CommCtrl.FlatSB_SetScrollPos
 0001:00023D8C       CommCtrl.FlatSB_SetScrollProp
 0001:00023CDC       CommCtrl.ImageList_Add
 0001:00023D0C       CommCtrl.ImageList_BeginDrag
 0001:00023CBC       CommCtrl.ImageList_Create
 0001:00023CC4       CommCtrl.ImageList_Destroy
 0001:00023D1C       CommCtrl.ImageList_DragEnter
 0001:00023D24       CommCtrl.ImageList_DragLeave
 0001:00023D2C       CommCtrl.ImageList_DragMove
 0001:00023D34       CommCtrl.ImageList_DragShowNolock
 0001:00023CF4       CommCtrl.ImageList_Draw
 0001:00023CFC       CommCtrl.ImageList_DrawEx
 0001:00023D14       CommCtrl.ImageList_EndDrag
 0001:00023CEC       CommCtrl.ImageList_GetBkColor
 0001:00023D3C       CommCtrl.ImageList_GetDragImage
 0001:00023D54       CommCtrl.ImageList_GetIconSize
 0001:00023CCC       CommCtrl.ImageList_GetImageCount
 0001:00023D44       CommCtrl.ImageList_Read
 0001:00023D04       CommCtrl.ImageList_Remove
 0001:00023CE4       CommCtrl.ImageList_SetBkColor
 0001:00023D5C       CommCtrl.ImageList_SetIconSize
 0001:00023CD4       CommCtrl.ImageList_SetImageCount
 0001:00023D4C       CommCtrl.ImageList_Write
 0001:00023C3C       CommCtrl.InitComCtl
 0001:00023D94       CommCtrl.InitializeFlatSB
 0001:00023D9C       CommCtrl.TaskDialogIndirect
 0004:00004ED4       CommCtrl._InitCommonControlsEx
 0004:00004ED8       CommCtrl._TaskDialogIndirect
 0001:00023D64       CommCtrl._TrackMouseEvent
 0001:000219EC       Contnrs..TOrderedList
 0001:00021A60       Contnrs..TStack
 0001:00021AE4       Contnrs.TOrderedList.Create
 0001:00021B28       Contnrs.TOrderedList.Destroy
 0001:00021B58       Contnrs.TOrderedList.PeekItem
 0001:00021ACC       Contnrs.TOrderedList.Pop
 0001:00021B6C       Contnrs.TOrderedList.PopItem
 0001:00021AD4       Contnrs.TOrderedList.Push
 0001:00021B8C       Contnrs.TStack.PushItem
 0004:00005110       Controls..73
 0001:0004D928       Controls..TBaseDragControlObject
 0001:0004ED38       Controls..TControl
 0001:0004DE4C       Controls..TControlActionLink
 0001:0004DCAC       Controls..TControlCanvas
 0001:0004FB90       Controls..TCustomControl
 0001:0004DD58       Controls..TCustomControlAction
 0001:000506B0       Controls..TCustomHint
 0001:00050634       Controls..TCustomHintShowHideThread
 0001:00050484       Controls..TCustomHintWindow
 0001:00050330       Controls..TDockTree
 0001:000501D8       Controls..TDockZone
 0001:0004D9F8       Controls..TDragControlObject
 0001:0004DA90       Controls..TDragControlObjectEx
 0001:0004DB2C       Controls..TDragDockObject
 0001:0004DC00       Controls..TDragDockObjectEx
 0001:0004FEAC       Controls..TDragImageList
 0001:0004D878       Controls..TDragObject
 0001:0004FA60       Controls..TGraphicControl
 0001:0004FD0C       Controls..THintWindow
 0001:0004FF84       Controls..TImageList
 0001:0004E2B4       Controls..TMargins
 0001:000503E0       Controls..TMouse
 0001:0004E3D8       Controls..TPadding
 0001:00050F00       Controls..TSiteList
 0001:0004E15C       Controls..TSizeConstraints
 0001:0004F634       Controls..TWinControl
 0001:0004F204       Controls..TWinControlActionLink
 0001:00051580       Controls.AbsMin
 0004:00005144       Controls.ActiveDrag
 0001:00057CE0       Controls.AlignNestedControls
 0001:00057C8C       Controls.AlignWork
 0003:00004F74       Controls.AnchorAlign
 0003:00004F68       Controls.AnimateWindowProc
 0003:00005070       Controls.AnimationStyle
 0001:00054610       Controls.BackgroundClipped
 0001:00061CD8       Controls.CalcSplitterPos
 0001:00052610       Controls.CancelDrag
 0004:00005158       Controls.CanvasList
 0003:0000502C       Controls.CaptureControl
 0001:00050818       Controls.ChangeBiDiModeAlignment
 0001:00052278       Controls.CheckUndock
 0001:0005EA08       Controls.ClientToWindow
 0004:00005116       Controls.ControlAtom
 0004:0000511C       Controls.ControlAtomString
 0002:00000678       Controls.Controls
 0003:00004F70       Controls.CreationControl
 0003:00005068       Controls.Ctl3DStyles
 0003:00004F7C       Controls.Cursors
 0001:00050CE0       Controls.CursorToIdent
 0003:00004F6C       Controls.DefaultDockTreeClass
 0001:0005904C       Controls.DestroyChildWindow
 0001:00057F58       Controls.DoAdjustSize
 0001:00057B00       Controls.DoAlign
 0001:0005D1A4       Controls.DoCalcConstraints
 0004:0000514C       Controls.DockSiteList
 0001:00059F20       Controls.DoControlMsg
 0001:00051B80       Controls.DoDragOver
 0001:0005F6F8       Controls.DoFindControlZone
 0001:0005FE20       Controls.DoFindZone
 0001:0005F77C       Controls.DoForEach
 0001:000614A4       Controls.DoGetNextLimit
 0001:000625D0       Controls.DoneControls
 0001:00057AB8       Controls.DoPosition
 0001:00060940       Controls.DoPrune
 0001:00060E88       Controls.DoSaveZone
 0001:0006118C       Controls.DoSetNewBounds
 0001:00058CE0       Controls.DoWriteDesignSize
 0001:000559E8       Controls.DoWriteExplicit
 0001:000559B4       Controls.DoWriteIsControl
 0004:00005130       Controls.DragCapture
 0004:00005124       Controls.DragControl
 0001:000522EC       Controls.DragDone
 0001:00051B30       Controls.DragFindTarget
 0001:00051B04       Controls.DragFindWindow
 0004:00005148       Controls.DragImageList
 0001:00051F44       Controls.DragInit
 0001:000520B4       Controls.DragInitControl
 0004:0000512C       Controls.DragInternalObject
 0001:00051A4C       Controls.DragMessage
 0004:00005128       Controls.DragObject
 0004:00005154       Controls.DragSave
 0004:0000513C       Controls.DragSaveCursor
 0004:00005134       Controls.DragStartPos
 0004:00005140       Controls.DragThreshold
 0001:00051C5C       Controls.DragTo
 0001:000603C4       Controls.DrawCloseButton
 0001:00060458       Controls.DrawGrabberLine
 0001:000604E0       Controls.DrawThemedGrabber
 0001:0005A3D0       Controls.DrawThemeEdge
 0003:00005058       Controls.EdgeStyles
 0001:00063BCC       Controls.Finalization
 0001:00050970       Controls.FindControl
 0001:0005265C       Controls.FindDragTarget
 0001:00052628       Controls.FindVCLWindow
 0004:0000515C       Controls.FlagControl
 0001:00052720       Controls.FreeDeviceContext
 0001:000527DC       Controls.FreeDeviceContexts
 0001:00050E94       Controls.GetCaptureControl
 0001:00057928       Controls.GetClientSize
 0001:00059558       Controls.GetControlAtPos
 0001:00061584       Controls.GetDockAlign
 0001:000518A4       Controls.GetDockSiteAtPos
 0001:00051BBC       Controls.GetDropCtl
 0001:0005F424       Controls.GetLastChildZone
 0001:00050D48       Controls.GetLongHint
 0001:00050D00       Controls.GetShortHint
 0001:00050FAC       Controls.GetTopParent
 0001:00061600       Controls.HideZone
 0001:00050CF0       Controls.IdentToCursor
 0003:00005098       Controls.IMM32DLL
 0001:000625BC       Controls.Imm32IsIME
 0001:00062670       Controls.InitControls
 0001:00062188       Controls.InitIMM32
 0001:0005082C       Controls.InitWndProc
 0003:00005038       Controls.InnerStyles
 0001:00057988       Controls.InsertBefore
 0001:00051664       Controls.IsBeforeTargetWindow
 0001:00051AA4       Controls.IsDelphiHandle
 0001:0005EE3C       Controls.IsOrientationSet
 0001:00051860       Controls.IsSiteChildOfClient
 0001:000509CC       Controls.IsVCLControl
 0004:00005104       Controls.IsVCLControlHook
 0001:00063660       Controls.LatestHintWindow
 0001:000526A8       Controls.ListAdd
 0001:000526D0       Controls.ListRemove
 0003:00005084       Controls.MakeLast
 0001:00056B7C       Controls.MinVar
 0003:0000509C       Controls.ModeMap
 0004:00005100       Controls.Mouse
 0001:000526F0       Controls.MoveWindowOrg
 0004:0000510C       Controls.NewStyleControls
 0001:0005EE20       Controls.NextVisibleZone
 0001:0005093C       Controls.ObjectFromHWnd
 0003:0000507C       Controls.OrientArray
 0003:00005048       Controls.OuterStyles
 0001:0005F24C       Controls.ParentNotLast
 0001:00050DE0       Controls.PerformBufferedPrintClient
 0001:00050D90       Controls.PerformEraseBackground
 0001:00058CCC       Controls.PointsEqual
 0004:00005150       Controls.QualifyingSites
 0001:0005FFBC       Controls.ReadControlName
 0001:000519F0       Controls.RegisterDockSite
 0004:00005120       Controls.RM_GetObjectInstance
 0001:000509FC       Controls.SendAppMessage
 0001:00050EBC       Controls.SetCaptureControl
 0001:000624E4       Controls.SetImeMode
 0001:000564B8       Controls.SetParentColor
 0003:00005030       Controls.ShowFlags
 0001:00061680       Controls.ShowZone
 0003:00005090       Controls.SizeCursors
 0001:00051380       Controls.TBaseDragControlObject.Assign
 0001:00051344       Controls.TBaseDragControlObject.Create
 0001:000513AC       Controls.TBaseDragControlObject.EndDrag
 0001:000513D0       Controls.TBaseDragControlObject.Finished
 0001:000568AC       Controls.TControl.ActionChange
 0001:00056C9C       Controls.TControl.AdjustSize
 0001:00056AD0       Controls.TControl.AssignTo
 0001:00054954       Controls.TControl.BeginAutoDrag
 0001:00054970       Controls.TControl.BeginDrag
 0001:00054470       Controls.TControl.BringToFront
 0001:000553D0       Controls.TControl.CalcCursorPos
 0001:00055574       Controls.TControl.CalcDockSizes
 0001:000552D0       Controls.TControl.CanAutoSize
 0001:000552D4       Controls.TControl.CanResize
 0001:00053DE8       Controls.TControl.Changed
 0001:00053DF8       Controls.TControl.ChangeScale
 0001:00055FFC       Controls.TControl.CheckNewSize
 0001:00055DE8       Controls.TControl.Click
 0001:00056ED8       Controls.TControl.ClientToParent
 0001:00053BEC       Controls.TControl.ClientToScreen
 0001:000565C0       Controls.TControl.CMBiDiModeChanged
 0001:000564AC       Controls.TControl.CMColorChanged
 0001:00056738       Controls.TControl.CMDesignHitTest
 0001:00056494       Controls.TControl.CMEnabledChanged
 0001:0005684C       Controls.TControl.CMFloat
 0001:000564A0       Controls.TControl.CMFontChanged
 0001:00056D28       Controls.TControl.CMHintShow
 0001:00056668       Controls.TControl.CMHitTest
 0001:00056FE8       Controls.TControl.CMMouseActivate
 0001:00056670       Controls.TControl.CMMouseEnter
 0001:000566D4       Controls.TControl.CMMouseLeave
 0001:00056550       Controls.TControl.CMMouseWheel
 0001:0005652C       Controls.TControl.CMParentBiDiModeChanged
 0001:000564F0       Controls.TControl.CMParentColorChanged
 0001:00056618       Controls.TControl.CMParentFontChanged
 0001:000565DC       Controls.TControl.CMParentShowHintChanged
 0001:00056648       Controls.TControl.CMSysFontChanged
 0001:0005646C       Controls.TControl.CMVisibleChanged
 0001:000553A0       Controls.TControl.ConstrainedResize
 0001:00052F5C       Controls.TControl.Create
 0001:00056740       Controls.TControl.CreateFloatingDockSite
 0001:00055E60       Controls.TControl.DblClick
 0001:00054DFC       Controls.TControl.DefaultDockImage
 0001:00055900       Controls.TControl.DefaultHandler
 0001:00055C08       Controls.TControl.DefineProperties
 0001:000553FC       Controls.TControl.DesignWndProc
 0001:0005306C       Controls.TControl.Destroy
 0001:000569AC       Controls.TControl.DoActionChange
 0001:00055304       Controls.TControl.DoCanAutoSize
 0001:00055370       Controls.TControl.DoCanResize
 0001:000538C0       Controls.TControl.Dock
 0001:00054BE8       Controls.TControl.DockTrackNoTarget
 0001:00055430       Controls.TControl.DoConstrainedResize
 0001:000552C4       Controls.TControl.DoConstraintsChange
 0001:00056E98       Controls.TControl.DoContextPopup
 0001:000539EC       Controls.TControl.DoDock
 0001:00054F48       Controls.TControl.DoDragMsg
 0001:00054C00       Controls.TControl.DoEndDock
 0001:00054AE8       Controls.TControl.DoEndDrag
 0001:0005700C       Controls.TControl.DoMarginChange
 0001:00054C5C       Controls.TControl.DoMouseActivate
 0001:00055EB8       Controls.TControl.DoMouseDown
 0001:0005622C       Controls.TControl.DoMouseUp
 0001:00054C90       Controls.TControl.DoMouseWheel
 0001:00054D64       Controls.TControl.DoMouseWheelDown
 0001:00054DB0       Controls.TControl.DoMouseWheelUp
 0001:00054C2C       Controls.TControl.DoStartDock
 0001:00054AC8       Controls.TControl.DoStartDrag
 0001:00054A50       Controls.TControl.DragCanceled
 0001:00054A9C       Controls.TControl.DragDrop
 0001:00054A54       Controls.TControl.Dragging
 0001:00054A60       Controls.TControl.DragOver
 0001:00054F28       Controls.TControl.DrawDragDockImage
 0001:00056CBC       Controls.TControl.DrawTextBiDiModeFlags
 0001:00056CFC       Controls.TControl.DrawTextBiDiModeFlagsReadingOnly
 0001:00054F38       Controls.TControl.EraseDragDockImage
 0001:00054280       Controls.TControl.FontChanged
 0001:000531FC       Controls.TControl.GetAction
 0001:000569D0       Controls.TControl.GetActionLinkClass
 0001:00057020       Controls.TControl.GetAlignWithMargins
 0001:00053A7C       Controls.TControl.GetBoundsRect
 0001:00053B1C       Controls.TControl.GetClientHeight
 0001:00053B5C       Controls.TControl.GetClientOrigin
 0001:00053AC0       Controls.TControl.GetClientRect
 0001:00053AD8       Controls.TControl.GetClientWidth
 0001:00054904       Controls.TControl.GetControlsAlignment
 0001:0005554C       Controls.TControl.GetCustomHint
 0001:00054568       Controls.TControl.GetDeviceContext
 0001:00056BB8       Controls.TControl.GetDockEdge
 0001:00053140       Controls.TControl.GetDragImages
 0001:0005338C       Controls.TControl.GetDragMode
 0001:00053144       Controls.TControl.GetEnabled
 0001:00056C68       Controls.TControl.GetFloating
 0001:00056C94       Controls.TControl.GetFloatingDockSiteClass
 0001:00054438       Controls.TControl.GetMouseCapture
 0001:0005314C       Controls.TControl.GetPalette
 0001:00053158       Controls.TControl.GetParentComponent
 0001:00055FF8       Controls.TControl.GetPopupMenu
 0001:000541C8       Controls.TControl.GetText
 0001:00054170       Controls.TControl.GetTextBuf
 0001:00054160       Controls.TControl.GetTextLen
 0001:0005417C       Controls.TControl.GetUndockHeight
 0001:00054190       Controls.TControl.GetUndockWidth
 0001:00053150       Controls.TControl.HasParent
 0001:00056D18       Controls.TControl.InitiateAction
 0001:0005472C       Controls.TControl.Invalidate
 0001:00054698       Controls.TControl.InvalidateControl
 0001:00053328       Controls.TControl.IsAnchorsStored
 0001:000542F4       Controls.TControl.IsBiDiModeStored
 0001:000569D8       Controls.TControl.IsCaptionStored
 0001:000543CC       Controls.TControl.IsColorStored
 0001:000569F8       Controls.TControl.IsEnabledStored
 0001:000542D4       Controls.TControl.IsFontStored
 0001:00056A38       Controls.TControl.IsHelpContextStored
 0001:00056A18       Controls.TControl.IsHintStored
 0001:00056A78       Controls.TControl.IsOnClickStored
 0001:000542E8       Controls.TControl.IsShowHintStored
 0001:00056A58       Controls.TControl.IsVisibleStored
 0001:00056A98       Controls.TControl.Loaded
 0001:00055038       Controls.TControl.ManualDock
 0001:00055224       Controls.TControl.ManualFloat
 0001:00054740       Controls.TControl.MouseActivate
 0001:00055E80       Controls.TControl.MouseDown
 0001:00056148       Controls.TControl.MouseMove
 0001:000561F4       Controls.TControl.MouseUp
 0001:00054788       Controls.TControl.MouseWheelHandler
 0001:00053458       Controls.TControl.Notification
 0001:00053184       Controls.TControl.PaletteChanged
 0001:00055538       Controls.TControl.Perform
 0001:00055504       Controls.TControl.Perform
 0001:00054B14       Controls.TControl.PositionDockRect
 0001:000570FC       Controls.TControl.ReadExplicitHeight
 0001:00057114       Controls.TControl.ReadExplicitLeft
 0001:000570E4       Controls.TControl.ReadExplicitTop
 0001:000570BC       Controls.TControl.ReadExplicitWidth
 0001:00055994       Controls.TControl.ReadIsControl
 0001:000533B4       Controls.TControl.ReadState
 0001:00054808       Controls.TControl.Repaint
 0001:0005337C       Controls.TControl.RequestAlign
 0001:00053394       Controls.TControl.Resize
 0001:00053C18       Controls.TControl.ScaleConstraints
 0001:00053C9C       Controls.TControl.ScaleMargins
 0001:00053D20       Controls.TControl.ScreenToClient
 0001:00053D4C       Controls.TControl.SendCancelMode
 0001:00053D7C       Controls.TControl.SendDockNotification
 0001:000532AC       Controls.TControl.SetAction
 0001:000534C0       Controls.TControl.SetAlign
 0001:00057028       Controls.TControl.SetAlignWithMargins
 0001:0005320C       Controls.TControl.SetAnchors
 0001:00053FC0       Controls.TControl.SetAutoSize
 0001:00054264       Controls.TControl.SetBiDiMode
 0001:000535A8       Controls.TControl.SetBounds
 0001:00053A9C       Controls.TControl.SetBoundsRect
 0001:00053B34       Controls.TControl.SetClientHeight
 0001:0005407C       Controls.TControl.SetClientSize
 0001:00053AF0       Controls.TControl.SetClientWidth
 0001:00054380       Controls.TControl.SetColor
 0001:00056ECC       Controls.TControl.SetConstraints
 0001:0005441C       Controls.TControl.SetCursor
 0001:00054530       Controls.TControl.SetCustomHint
 0001:00053340       Controls.TControl.SetDesignVisible
 0001:00053378       Controls.TControl.SetDragMode
 0001:00054148       Controls.TControl.SetEnabled
 0001:000542C4       Controls.TControl.SetFont
 0001:0005388C       Controls.TControl.SetHeight
 0001:00053A44       Controls.TControl.SetHelpContext
 0001:00053A58       Controls.TControl.SetHelpKeyword
 0001:000537F0       Controls.TControl.SetLeft
 0001:00057014       Controls.TControl.SetMargins
 0001:00054448       Controls.TControl.SetMouseCapture
 0001:00053FD8       Controls.TControl.SetName
 0001:000540C4       Controls.TControl.SetParent
 0001:000543F8       Controls.TControl.SetParentBiDiMode
 0001:000543D4       Controls.TControl.SetParentColor
 0001:0005315C       Controls.TControl.SetParentComponent
 0001:00054370       Controls.TControl.SetParentCustomHint
 0001:000542FC       Controls.TControl.SetParentFont
 0001:00054344       Controls.TControl.SetParentShowHint
 0001:000541A4       Controls.TControl.SetPopupMenu
 0001:00054320       Controls.TControl.SetShowHint
 0001:00054200       Controls.TControl.SetText
 0001:00053648       Controls.TControl.SetTextBuf
 0001:00053824       Controls.TControl.SetTop
 0001:00054110       Controls.TControl.SetVisible
 0001:00053858       Controls.TControl.SetWidth
 0001:0005450C       Controls.TControl.SetZOrder
 0001:00054484       Controls.TControl.SetZOrderPosition
 0001:000547F0       Controls.TControl.Update
 0001:0005366C       Controls.TControl.UpdateAnchorRules
 0001:000555E8       Controls.TControl.UpdateBoundsRect
 0001:00057058       Controls.TControl.UpdateExplicitBounds
 0001:00054920       Controls.TControl.UseRightToLeftAlignment
 0001:00054908       Controls.TControl.UseRightToLeftReading
 0001:00054938       Controls.TControl.UseRightToLeftScrollBar
 0001:00055618       Controls.TControl.VisibleChanging
 0001:0005637C       Controls.TControl.WMCancelMode
 0001:00056D58       Controls.TControl.WMContextMenu
 0001:00055FA4       Controls.TControl.WMLButtonDblClk
 0001:00055F3C       Controls.TControl.WMLButtonDown
 0001:00056264       Controls.TControl.WMLButtonUp
 0001:0005611C       Controls.TControl.WMMButtonDblClk
 0001:000560F0       Controls.TControl.WMMButtonDown
 0001:00056304       Controls.TControl.WMMButtonUp
 0001:0005617C       Controls.TControl.WMMouseMove
 0001:00056324       Controls.TControl.WMMouseWheel
 0001:00055F88       Controls.TControl.WMNCLButtonDown
 0001:000560C4       Controls.TControl.WMRButtonDblClk
 0001:00056098       Controls.TControl.WMRButtonDown
 0001:000562E4       Controls.TControl.WMRButtonUp
 0001:000563BC       Controls.TControl.WMWindowPosChanged
 0001:0005561C       Controls.TControl.WndProc
 0001:0005709C       Controls.TControl.WriteExplicitHeight
 0001:000570AC       Controls.TControl.WriteExplicitLeft
 0001:0005708C       Controls.TControl.WriteExplicitTop
 0001:000570D4       Controls.TControl.WriteExplicitWidth
 0001:000559A8       Controls.TControl.WriteIsControl
 0001:00052AF8       Controls.TControlActionLink.AssignClient
 0001:00052B14       Controls.TControlActionLink.DoShowHint
 0001:00052C10       Controls.TControlActionLink.IsCaptionLinked
 0001:00052C84       Controls.TControlActionLink.IsDropdownMenuLinked
 0001:00052C98       Controls.TControlActionLink.IsEnabledLinked
 0001:00052CCC       Controls.TControlActionLink.IsEnableDropdownLinked
 0001:00052E70       Controls.TControlActionLink.IsHelpLinked
 0001:00052CE0       Controls.TControlActionLink.IsHintLinked
 0001:00052D8C       Controls.TControlActionLink.IsOnExecuteLinked
 0001:00052D18       Controls.TControlActionLink.IsPopupMenuLinked
 0001:00052D58       Controls.TControlActionLink.IsVisibleLinked
 0001:00052DB4       Controls.TControlActionLink.SetCaption
 0001:00052DD4       Controls.TControlActionLink.SetDropdownMenu
 0001:00052DD8       Controls.TControlActionLink.SetEnabled
 0001:00052DFC       Controls.TControlActionLink.SetEnableDropdown
 0001:00052EF8       Controls.TControlActionLink.SetHelpContext
 0001:00052ED8       Controls.TControlActionLink.SetHelpKeyword
 0001:00052F18       Controls.TControlActionLink.SetHelpType
 0001:00052E00       Controls.TControlActionLink.SetHint
 0001:00052E44       Controls.TControlActionLink.SetOnExecute
 0001:00052F38       Controls.TControlActionLink.SetPopupMenu
 0001:00052E24       Controls.TControlActionLink.SetVisible
 0001:000528B4       Controls.TControlCanvas.CreateHandle
 0001:00052888       Controls.TControlCanvas.Destroy
 0001:0005295C       Controls.TControlCanvas.FreeHandle
 0001:00052990       Controls.TControlCanvas.SetControl
 0001:000529A8       Controls.TControlCanvas.UpdateTextFlags
 0001:0005ECC4       Controls.TCustomControl.Create
 0001:0005ED20       Controls.TCustomControl.Destroy
 0001:0005EE1C       Controls.TCustomControl.Paint
 0001:0005ED70       Controls.TCustomControl.PaintWindow
 0001:0005ED50       Controls.TCustomControl.WMPaint
 0001:00063004       Controls.TCustomHint.Create
 0001:00063054       Controls.TCustomHint.Destroy
 0001:000630AC       Controls.TCustomHint.HideHint
 0001:000630A0       Controls.TCustomHint.HideHint
 0001:000630B4       Controls.TCustomHint.NCPaintHint
 0001:000630B8       Controls.TCustomHint.Notification
 0001:000630E4       Controls.TCustomHint.PaintHint
 0001:00062EC4       Controls.TCustomHint.SetHintSize
 0001:00062FEC       Controls.TCustomHint.SetImages
 0001:00063324       Controls.TCustomHint.ShowAnotherHint
 0001:0006332C       Controls.TCustomHint.ShowHint
 0001:000634E0       Controls.TCustomHint.ShowHint
 0001:00063448       Controls.TCustomHint.ShowHint
 0001:0006351C       Controls.TCustomHintShowHideThread.Create
 0001:000635A0       Controls.TCustomHintShowHideThread.Destroy
 0001:00063768       Controls.TCustomHintShowHideThread.Execute
 0001:00063BB4       Controls.TCustomHintShowHideThread.QueHintWindow
 0001:00063BC0       Controls.TCustomHintShowHideThread.ResumeWork
 0001:00062C58       Controls.TCustomHintWindow.AutoSize
 0001:00062C68       Controls.TCustomHintWindow.CMTextChanged
 0001:00062C70       Controls.TCustomHintWindow.Create
 0001:00062CF4       Controls.TCustomHintWindow.CreateParams
 0001:00062D10       Controls.TCustomHintWindow.CreateWnd
 0001:00062D68       Controls.TCustomHintWindow.NCPaint
 0001:00062D80       Controls.TCustomHintWindow.Paint
 0001:00062D90       Controls.TCustomHintWindow.PositionAt
 0001:00062E34       Controls.TCustomHintWindow.WMNCHitTest
 0001:00062E3C       Controls.TCustomHintWindow.WMNCPaint
 0001:00062EA0       Controls.TCustomHintWindow.WMPrint
 0001:00061AD8       Controls.TDockTree.ActualSize
 0001:0005F6C8       Controls.TDockTree.AdjustDockRect
 0001:00061B6C       Controls.TDockTree.AdjustFrameRect
 0001:0005F6E0       Controls.TDockTree.BeginUpdate
 0001:000617B8       Controls.TDockTree.ControlVisibilityChanged
 0001:0005F508       Controls.TDockTree.Create
 0001:0005F670       Controls.TDockTree.Destroy
 0001:000613B8       Controls.TDockTree.DrawSizeSplitter
 0001:0005F6E4       Controls.TDockTree.EndUpdate
 0001:0005FD98       Controls.TDockTree.FindControlAtPos
 0001:0005F750       Controls.TDockTree.FindControlZone
 0001:0005F7B8       Controls.TDockTree.ForEachAt
 0001:0005F7D0       Controls.TDockTree.GetControlBounds
 0001:00061534       Controls.TDockTree.GetNextLimit
 0001:0005F848       Controls.TDockTree.HitTest
 0001:0005F858       Controls.TDockTree.InsertControl
 0001:0005FA74       Controls.TDockTree.InsertNewParent
 0001:0005FC1C       Controls.TDockTree.InsertSibling
 0001:0005FF34       Controls.TDockTree.InternalHitTest
 0001:00060070       Controls.TDockTree.LoadFromStream
 0001:00061BAC       Controls.TDockTree.MouseDown
 0001:00061D68       Controls.TDockTree.MouseMove
 0001:00061DB8       Controls.TDockTree.MouseUp
 0001:0006053C       Controls.TDockTree.PaintDockFrame
 0001:00060690       Controls.TDockTree.PaintSite
 0001:000607C4       Controls.TDockTree.PositionDockRect
 0001:00060974       Controls.TDockTree.PruneZone
 0001:00061B40       Controls.TDockTree.ReferenceFromOrient
 0001:00061B08       Controls.TDockTree.RelativeSize
 0001:000609D0       Controls.TDockTree.RemoveControl
 0001:00060A10       Controls.TDockTree.RemoveZone
 0001:00060CB0       Controls.TDockTree.ResetBounds
 0001:00060F9C       Controls.TDockTree.SaveToStream
 0001:00060D94       Controls.TDockTree.ScaleZone
 0001:00061214       Controls.TDockTree.SetNewBounds
 0001:00061244       Controls.TDockTree.SetReplacingControl
 0001:0006125C       Controls.TDockTree.ShiftZone
 0001:00061E2C       Controls.TDockTree.ShowHint
 0001:00061290       Controls.TDockTree.SplitterMouseDown
 0001:000612F0       Controls.TDockTree.SplitterMouseUp
 0001:0006136C       Controls.TDockTree.UpdateAll
 0001:00061394       Controls.TDockTree.UpdateZone
 0001:000613A4       Controls.TDockTree.WindowProc
 0001:00061840       Controls.TDockTree.WndProc
 0001:0005FC94       Controls.TDockTree.ZoneCaptionHitTest
 0001:0005EE60       Controls.TDockZone.Create
 0001:0005F434       Controls.TDockZone.ExpandZoneLimit
 0001:0005F4FC       Controls.TDockZone.FirstVisibleChild
 0001:0005EE9C       Controls.TDockZone.GetChildCount
 0001:0005F180       Controls.TDockZone.GetControlName
 0001:0005F020       Controls.TDockZone.GetHeightWidth
 0001:0005EF0C       Controls.TDockZone.GetLimitBegin
 0001:0005EF54       Controls.TDockZone.GetLimitSize
 0001:0005EF9C       Controls.TDockZone.GetTopLeft
 0001:0005EED4       Controls.TDockZone.GetVisible
 0001:0005EEB0       Controls.TDockZone.GetVisibleChildCount
 0001:0005F3F8       Controls.TDockZone.GetZoneLimit
 0001:0005F4D4       Controls.TDockZone.NextVisible
 0001:0005F4E0       Controls.TDockZone.PrevVisible
 0001:0005F0D8       Controls.TDockZone.ResetChildren
 0001:0005F474       Controls.TDockZone.ResetZoneLimits
 0001:0005F1C8       Controls.TDockZone.SetControlName
 0001:0005F420       Controls.TDockZone.SetZoneLimit
 0001:0005F27C       Controls.TDockZone.Update
 0001:00051404       Controls.TDragControlObject.GetDragCursor
 0001:0005141C       Controls.TDragControlObject.GetDragImages
 0001:00051428       Controls.TDragControlObject.HideDragImage
 0001:00051448       Controls.TDragControlObject.ShowDragImage
 0001:00051468       Controls.TDragControlObjectEx.BeforeDestruction
 0001:000515A4       Controls.TDragDockObject.AdjustDockRect
 0001:00051504       Controls.TDragDockObject.Assign
 0001:0005146C       Controls.TDragDockObject.Create
 0001:000514D4       Controls.TDragDockObject.Destroy
 0001:00051620       Controls.TDragDockObject.DrawDragDockImage
 0001:00051564       Controls.TDragDockObject.EndDrag
 0001:00051634       Controls.TDragDockObject.EraseDragDockImage
 0001:00051648       Controls.TDragDockObject.GetDragCursor
 0001:00051654       Controls.TDragDockObject.GetEraseWhenMoving
 0001:00051658       Controls.TDragDockObject.GetFrameWidth
 0001:00051660       Controls.TDragDockObjectEx.BeforeDestruction
 0001:0005EAFC       Controls.TDragImageList.BeginDrag
 0001:0005EB74       Controls.TDragImageList.DragLock
 0001:0005EBFC       Controls.TDragImageList.DragMove
 0001:0005EBD8       Controls.TDragImageList.DragUnlock
 0001:0005EC70       Controls.TDragImageList.EndDrag
 0001:0005EAD0       Controls.TDragImageList.GetHotSpot
 0001:0005EC58       Controls.TDragImageList.HideDragImage
 0001:0005EA48       Controls.TDragImageList.Initialize
 0001:0005EAAC       Controls.TDragImageList.SetDragCursor
 0001:0005EA60       Controls.TDragImageList.SetDragImage
 0001:0005EC40       Controls.TDragImageList.ShowDragImage
 0001:00051334       Controls.TDragObject.AfterConstruction
 0001:000510F4       Controls.TDragObject.Assign
 0001:00051324       Controls.TDragObject.BeforeDestruction
 0001:00051134       Controls.TDragObject.Capture
 0001:0005114C       Controls.TDragObject.Finished
 0001:000512B0       Controls.TDragObject.GetDragCursor
 0001:000512AC       Controls.TDragObject.GetDragImages
 0001:00051154       Controls.TDragObject.GetName
 0001:000512C8       Controls.TDragObject.HideDragImage
 0001:000512CC       Controls.TDragObject.Instance
 0001:000512D8       Controls.TDragObject.MainWndProc
 0001:00051168       Controls.TDragObject.ReleaseCapture
 0001:000512D4       Controls.TDragObject.ShowDragImage
 0001:0005117C       Controls.TDragObject.WndProc
 0001:0005E16C       Controls.TGraphicControl.Create
 0001:0005E1C8       Controls.TGraphicControl.Destroy
 0001:0005E2BC       Controls.TGraphicControl.Paint
 0001:0005E208       Controls.TGraphicControl.WMPaint
 0001:0005E628       Controls.THintWindow.ActivateHint
 0001:0005E8F0       Controls.THintWindow.ActivateHintData
 0001:0005E918       Controls.THintWindow.CalcHintRect
 0001:0005E590       Controls.THintWindow.CMTextChanged
 0001:0005E2C0       Controls.THintWindow.Create
 0001:0005E328       Controls.THintWindow.CreateParams
 0001:0005E51C       Controls.THintWindow.IsHintMsg
 0001:0005E978       Controls.THintWindow.NCPaint
 0001:0005E3F8       Controls.THintWindow.Paint
 0001:0005E580       Controls.THintWindow.ReleaseHandle
 0001:0005EA04       Controls.THintWindow.ShouldHideHint
 0001:0005E38C       Controls.THintWindow.WMNCHitTest
 0001:0005E394       Controls.THintWindow.WMNCPaint
 0001:0005E9E0       Controls.THintWindow.WMPrint
 0001:000628D0       Controls.TMargins.AssignTo
 0001:00062918       Controls.TMargins.Change
 0001:0006288C       Controls.TMargins.Create
 0001:00062A90       Controls.TMargins.GetControlBound
 0001:0006292C       Controls.TMargins.InitDefaults
 0001:000629A4       Controls.TMargins.SetControlBounds
 0001:0006294C       Controls.TMargins.SetMargin
 0001:00061F20       Controls.TMouse.Create
 0001:00061FB0       Controls.TMouse.CreatePanningWindow
 0001:00061FDC       Controls.TMouse.Destroy
 0001:0006200C       Controls.TMouse.GetCapture
 0001:00062014       Controls.TMouse.GetCursorPos
 0001:00062030       Controls.TMouse.GetIsDragging
 0001:0006203C       Controls.TMouse.GetIsPanning
 0001:00062060       Controls.TMouse.GetMouseData
 0001:0006207C       Controls.TMouse.GetNativeData
 0001:000620AC       Controls.TMouse.GetRegisteredData
 0001:000620D4       Controls.TMouse.SetCapture
 0001:000620FC       Controls.TMouse.SetPanningWindow
 0001:00062124       Controls.TMouse.SettingChanged
 0001:00062C54       Controls.TPadding.InitDefaults
 0001:0005B9D4       Controls.TraverseControls
 0003:0000508C       Controls.TreeStreamEndFlag
 0001:00050FD8       Controls.TSiteList.AddSite
 0001:0005105C       Controls.TSiteList.Clear
 0001:00050F74       Controls.TSiteList.Find
 0001:00051090       Controls.TSiteList.GetTopSite
 0001:00052A10       Controls.TSizeConstraints.AssignTo
 0001:00052AE4       Controls.TSizeConstraints.Change
 0001:000529D4       Controls.TSizeConstraints.Create
 0001:00052A58       Controls.TSizeConstraints.SetConstraints
 0001:0005D730       Controls.TWinControl.ActionChange
 0001:00058898       Controls.TWinControl.AddBiDiModeExStyle
 0001:000574E8       Controls.TWinControl.AdjustClientRect
 0001:0005CC28       Controls.TWinControl.AdjustSize
 0001:000581E4       Controls.TWinControl.AlignControl
 0001:00058024       Controls.TWinControl.AlignControls
 0001:00057518       Controls.TWinControl.ArrangeControl
 0001:0005D778       Controls.TWinControl.AssignTo
 0001:00058794       Controls.TWinControl.Broadcast
 0001:0005D268       Controls.TWinControl.CalcConstraints
 0001:0005D7A8       Controls.TWinControl.CanAutoSize
 0001:0005C9E4       Controls.TWinControl.CanFocus
 0001:0005D19C       Controls.TWinControl.CanResize
 0001:0005C59C       Controls.TWinControl.ChangeScale
 0001:0005BD04       Controls.TWinControl.CMBiDiModeChanged
 0001:0005BF94       Controls.TWinControl.CMBorderChanged
 0001:0005BE10       Controls.TWinControl.CMChanged
 0001:0005BE24       Controls.TWinControl.CMChildKey
 0001:0005BEF0       Controls.TWinControl.CMColorChanged
 0001:0005C100       Controls.TWinControl.CMControlListChange
 0001:0005C114       Controls.TWinControl.CMControlListChanging
 0001:0005BFD4       Controls.TWinControl.CMCtl3DChanged
 0001:0005BF54       Controls.TWinControl.CMCursorChanged
 0001:0005BDF0       Controls.TWinControl.CMDesignHitTest
 0001:0005BE40       Controls.TWinControl.CMDialogChar
 0001:0005BE38       Controls.TWinControl.CMDialogKey
 0001:0005B56C       Controls.TWinControl.CMDockClient
 0001:0005BD3C       Controls.TWinControl.CMDoubleBufferedChanged
 0001:0005C0A0       Controls.TWinControl.CMDrag
 0001:0005BEA8       Controls.TWinControl.CMEnabledChanged
 0001:0005BD60       Controls.TWinControl.CMEnter
 0001:0005BDE4       Controls.TWinControl.CMExit
 0001:0005B684       Controls.TWinControl.CMFloat
 0001:0005BE48       Controls.TWinControl.CMFocusChanged
 0001:0005C090       Controls.TWinControl.CMFontChange
 0001:0005BF18       Controls.TWinControl.CMFontChanged
 0001:0005C8E0       Controls.TWinControl.CMInvalidate
 0001:0005C014       Controls.TWinControl.CMParentCtl3DChanged
 0001:0005C054       Controls.TWinControl.CMParentDoubleBufferedChanged
 0001:0005911C       Controls.TWinControl.CMRecreateWnd
 0001:0005BCEC       Controls.TWinControl.CMShowHintChanged
 0001:0005BE80       Controls.TWinControl.CMShowingChanged
 0001:0005C080       Controls.TWinControl.CMSysColorChange
 0001:0005C128       Controls.TWinControl.CMSysFontChanged
 0001:0005DF64       Controls.TWinControl.CMTextChanged
 0001:0005C098       Controls.TWinControl.CMTimeChange
 0001:0005B65C       Controls.TWinControl.CMUnDockClient
 0001:0005BE50       Controls.TWinControl.CMVisibleChanged
 0001:0005C088       Controls.TWinControl.CMWinIniChange
 0001:0005C314       Controls.TWinControl.CNChar
 0001:0005C1DC       Controls.TWinControl.CNKeyDown
 0001:0005C2C0       Controls.TWinControl.CNKeyUp
 0001:0005C3C0       Controls.TWinControl.CNSysChar
 0001:0005C364       Controls.TWinControl.CNSysKeyDown
 0001:0005D6F4       Controls.TWinControl.ConstrainedResize
 0001:000584C4       Controls.TWinControl.ContainsControl
 0001:00059628       Controls.TWinControl.ControlAtPos
 0001:0005B3EC       Controls.TWinControl.ControlsAligned
 0001:00057160       Controls.TWinControl.Create
 0001:0005B3F0       Controls.TWinControl.CreateDockManager
 0001:00058F40       Controls.TWinControl.CreateHandle
[...]
 0003:00005C74       pngimage.BitTable
 0003:00005C94       pngimage.StartBit
 0003:00005CB4       pngimage.IDATHeader
 0003:00005CB8       pngimage.BitTable
 0003:00005CD8       pngimage.StartBit
 0003:00005CF8       pngimage.BitmapInfoHeader
 0003:00005D20       pngimage.PngHeader
 0003:00005D28       pngimage.ClearFlag
 0003:00005D48       DeskMetrics.DMTrackEvent
 0003:00005D4C       DeskMetrics.DMSetEnabled
 0004:00000000       System.DispCallByIDProc
 0004:00000004       System.ExceptProc
 0004:00000008       System.ErrorProc
 0004:0000000C       System.ExceptClsProc
 0004:00000010       System.ExceptObjProc
 0004:00000014       System.RaiseExceptionProc
 0004:00000018       System.RTLUnwindProc
 0004:0000001C       System.RaiseExceptObjProc
 0004:00000020       System.ExceptionAcquired
 0004:00000024       System.ExceptionClass
 0004:00000028       System.AssertErrorProc
 0004:0000002C       System.ExitProcessProc
 0004:00000030       System.AbstractErrorProc
 0004:00000034       System.MainInstance
 0004:00000038       System.MainThreadID
 0004:0000003C       System.IsLibrary
 0004:00000040       System.CmdShow
 0004:00000044       System.CmdLine
 0004:00000048       System.InitProc
 0004:0000004C       System.ExitProc
 0004:00000050       System.IsConsole
 0004:00000051       System.IsMultiThread
 0004:00000052       System.Test8086
 0004:00000054       System.CPUCount
 0004:00000058       System.Input
 0004:00000328       System.Output
 0004:000005F8       System.ErrOutput
 0004:000008C8       System.MonitorSupport
 0004:000008CC       System.DefaultSystemCodePage
 0004:000008D0       System.DefaultUnicodeCodePage
 0004:000008D4       System.UTF8CompareLocale
 0004:000008D8       System.ReportMemoryLeaksOnShutdown
 0004:000008D9       System.NeverSleepOnMMThreadContention
 0004:000008DC       System..6
 0004:000008E0       System.AllocSize2SmallBlockTypeIndX4
 0004:00000A26       System.MinimumBlockAlignment
 0004:00000A28       System.MediumBlockPoolsCircularList
 0004:00000A38       System.MediumBlocksLocked
 0004:00000A3C       System.LastSequentiallyFedMediumBlock
 0004:00000A40       System.MediumSequentialFeedBytesLeft
 0004:00000A44       System.MediumBlockBinGroupBitmap
 0004:00000A48       System.MediumBlockBinBitmaps
 0004:00000AC8       System.MediumBlockBins
 0004:00002AC8       System.LargeBlocksLocked
 0004:00002ACC       System.LargeBlocksCircularList
 0004:00002ADC       System.ExpectedMemoryLeaks
 0004:00002AE0       System.ExpectedMemoryLeaksListLocked
 0004:00002AE4       System.MappingObjectHandle
 0004:00002AE8       System.InitContext
 0004:00002B18       System.DLLThreadContext
 0004:00002B48       SysInit.ModuleIsLib
 0004:00002B49       SysInit.ModuleIsCpp
 0004:00002B4C       SysInit.HInstance
 0004:00002B50       SysInit.tlsBuffer
 0004:00002B54       Windows..2
 0004:00002B58       Windows.HtmlHelpModule
 0004:00002B5C       Character.DataTable
 0004:00002B60       Character.CatIndexPrimary
 0004:00002B64       Character.CatIndexSecondary
 0004:00002B68       Character.CategoryTable
 0004:00002B6C       Character.NumIndexPrimary
 0004:00002B70       Character.NumIndexSecondary
 0004:00002B74       Character.NumericValueTable
 0004:00002B78       SysUtils.Exception.GetExceptionStackInfoProc
 0004:00002B7C       SysUtils.Exception.CleanUpStackInfoProc
 0004:00002B80       SysUtils.CurrencyString
 0004:00002B84       SysUtils.CurrencyFormat
 0004:00002B85       SysUtils.NegCurrFormat
 0004:00002B86       SysUtils.ThousandSeparator
 0004:00002B88       SysUtils.DecimalSeparator
 0004:00002B8A       SysUtils.CurrencyDecimals
 0004:00002B8C       SysUtils.DateSeparator
 0004:00002B90       SysUtils.ShortDateFormat
 0004:00002B94       SysUtils.LongDateFormat
 0004:00002B98       SysUtils.TimeSeparator
 0004:00002B9C       SysUtils.TimeAMString
 0004:00002BA0       SysUtils.TimePMString
 0004:00002BA4       SysUtils.ShortTimeFormat
 0004:00002BA8       SysUtils.LongTimeFormat
 0004:00002BAC       SysUtils.ShortMonthNames
 0004:00002BDC       SysUtils.LongMonthNames
 0004:00002C0C       SysUtils.ShortDayNames
 0004:00002C28       SysUtils.LongDayNames
 0004:00002C44       SysUtils.SysLocale
 0004:00002C52       SysUtils.ListSeparator
 0004:00002C54       SysUtils.EraNames
 0004:00002C70       SysUtils.EraYearOffsets
 0004:00002C8C       SysUtils.TrueBoolStrs
 0004:00002C90       SysUtils.FalseBoolStrs
 0004:00002C94       SysUtils.TEncoding.FASCIIEncoding
 0004:00002C98       SysUtils.TEncoding.FBigEndianUnicodeEncoding
 0004:00002C9C       SysUtils.TEncoding.FDefaultEncoding
 0004:00002CA0       SysUtils.TEncoding.FUnicodeEncoding
 0004:00002CA4       SysUtils.TEncoding.FUTF7Encoding
 0004:00002CA8       SysUtils.TEncoding.FUTF8Encoding
 0004:00002CAC       SysUtils..36
 0004:00002CB0       SysUtils.OutOfMemory
 0004:00002CB4       SysUtils.InvalidPointer
 0004:00002CB8       SysUtils.SyncEventCache
 0004:00002DB8       SysUtils.EventCache
 0004:00002DBC       SysUtils.EventItemHolders
 0004:00002DC0       SysUtils.ValidatedUnitHashBuckets
 0004:00003DB4       SysUtils.UnitHashBuckets
 0004:00004DA8       SysUtils.FLanguages
 0004:00004DAC       VarUtils.VariantChangeTypeEx
 0004:00004DB0       VarUtils.VarNeg
 0004:00004DB4       VarUtils.VarNot
 0004:00004DB8       VarUtils.VarAdd
 0004:00004DBC       VarUtils.VarSub
 0004:00004DC0       VarUtils.VarMul
 0004:00004DC4       VarUtils.VarDiv
 0004:00004DC8       VarUtils.VarIDiv
 0004:00004DCC       VarUtils.VarMod
 0004:00004DD0       VarUtils.VarAnd
 0004:00004DD4       VarUtils.VarOr
 0004:00004DD8       VarUtils.VarXor
 0004:00004DDC       VarUtils.VarCmp
 0004:00004DE0       VarUtils.VarI4FromStr
 0004:00004DE4       VarUtils.VarR4FromStr
 0004:00004DE8       VarUtils.VarR8FromStr
 0004:00004DEC       VarUtils.VarDateFromStr
 0004:00004DF0       VarUtils.VarCyFromStr
 0004:00004DF4       VarUtils.VarBoolFromStr
 0004:00004DF8       VarUtils.VarBstrFromCy
 0004:00004DFC       VarUtils.VarBstrFromDate
 0004:00004E00       VarUtils.VarBstrFromBool
 0004:00004E04       VarUtils..5
 0004:00004E08       Variants.EmptyParam
 0004:00004E18       Variants.VarDispProc
 0004:00004E1C       Variants.ClearAnyProc
 0004:00004E20       Variants.ChangeAnyProc
 0004:00004E24       Variants.RefAnyProc
 0004:00004E28       Variants..81
 0004:00004E2C       Variants.LVarTypes
 0004:00004E30       Variants.LVarTypeSync
 0004:00004E48       TypInfo..5
 0004:00004E4C       Classes.GlobalNameSpace
 0004:00004E50       Classes.IsUniqueGlobalComponentNameProc
 0004:00004E54       Classes.SyncEvent
 0004:00004E58       Classes..66
 0004:00004E5C       Classes.IntConstList
 0004:00004E60       Classes.RegGroups
 0004:00004E64       Classes.FindGlobalComponentProcs
 0004:00004E68       Classes.GlobalFixupList
 0004:00004E6C       Classes.ThreadLock
 0004:00004E84       Classes.ThreadCount
 0004:00004E88       Classes.ExternalThreads
 0004:00004E8C       Classes.InstBlockList
 0004:00004E90       Classes.InstFreeList
 0004:00004E94       HelpIntfs..2
 0004:00004E98       HelpIntfs.HelpManager
 0004:00004E9C       MultiMon.GetSystemMetrics
 0004:00004EA0       MultiMon.MonitorFromWindow
 0004:00004EA4       MultiMon.MonitorFromRect
 0004:00004EA8       MultiMon.MonitorFromPoint
 0004:00004EAC       MultiMon.GetMonitorInfo
 0004:00004EB0       MultiMon.GetMonitorInfoA
 0004:00004EB4       MultiMon.GetMonitorInfoW
 0004:00004EB8       MultiMon.EnumDisplayMonitors
 0004:00004EBC       MultiMon..1
 0004:00004EC0       MultiMon.User32Dll
 0004:00004EC4       MultiMon.InitApis
 0004:00004ECC       MultiMon.MMAvailable
 0004:00004ED0       CommCtrl.ComCtl32DLL
 0004:00004ED4       CommCtrl._InitCommonControlsEx
 0004:00004ED8       CommCtrl._TaskDialogIndirect
 0004:00004EDC       IniFiles..7
 0004:00004EE0       Registry..5
 0004:00004EE4       Graphics.SystemPalette16
 0004:00004EE8       Graphics..12
 0004:00004EEC       Graphics.ScreenLogPixels
 0004:00004EF0       Graphics.StockPen
 0004:00004EF4       Graphics.StockBrush
 0004:00004EF8       Graphics.StockFont
 0004:00004EFC       Graphics.StockIcon
 0004:00004F00       Graphics.BitmapImageLock
 0004:00004F18       Graphics.CounterLock
 0004:00004F30       Graphics.FontManager
 0004:00004F34       Graphics.PenManager
 0004:00004F38       Graphics.BrushManager
 0004:00004F3C       Graphics.CanvasList
 0004:00004F40       Graphics.PatternManager
 0004:00004F44       SyncObjs..01
 0004:00004F48       SyncObjs.CoWaitForMultipleHandlesProc
 0004:00004F4C       SyncObjs.InitializeConditionVariableProc
 0004:00004F50       SyncObjs.SleepConditionVariableCSProc
 0004:00004F54       SyncObjs.WakeConditionVariableProc
 0004:00004F58       SyncObjs.WakeAllConditionVariableProc
 0004:00004F5C       UxTheme.OpenThemeData
 0004:00004F60       UxTheme.CloseThemeData
 0004:00004F64       UxTheme.DrawThemeBackground
 0004:00004F68       UxTheme.DrawThemeText
 0004:00004F6C       UxTheme.GetThemeBackgroundContentRect
 0004:00004F70       UxTheme.GetThemeBackgroundExtent
 0004:00004F74       UxTheme.GetThemePartSize
 0004:00004F78       UxTheme.GetThemeTextExtent
 0004:00004F7C       UxTheme.GetThemeTextMetrics
 0004:00004F80       UxTheme.GetThemeBackgroundRegion
 0004:00004F84       UxTheme.HitTestThemeBackground
 0004:00004F88       UxTheme.DrawThemeEdge
 0004:00004F8C       UxTheme.DrawThemeIcon
 0004:00004F90       UxTheme.IsThemePartDefined
 0004:00004F94       UxTheme.IsThemeBackgroundPartiallyTransparent
 0004:00004F98       UxTheme.GetThemeColor
 0004:00004F9C       UxTheme.GetThemeMetric
 0004:00004FA0       UxTheme.GetThemeString
 0004:00004FA4       UxTheme.GetThemeBool
 0004:00004FA8       UxTheme.GetThemeInt
 0004:00004FAC       UxTheme.GetThemeEnumValue
 0004:00004FB0       UxTheme.GetThemePosition
 0004:00004FB4       UxTheme.GetThemeFont
 0004:00004FB8       UxTheme.GetThemeRect
 0004:00004FBC       UxTheme.GetThemeMargins
 0004:00004FC0       UxTheme.GetThemeIntList
 0004:00004FC4       UxTheme.GetThemePropertyOrigin
 0004:00004FC8       UxTheme.SetWindowTheme
 0004:00004FCC       UxTheme.GetThemeFilename
 0004:00004FD0       UxTheme.GetThemeSysColor
 0004:00004FD4       UxTheme.GetThemeSysColorBrush
 0004:00004FD8       UxTheme.GetThemeSysBool
 0004:00004FDC       UxTheme.GetThemeSysSize
 0004:00004FE0       UxTheme.GetThemeSysFont
 0004:00004FE4       UxTheme.GetThemeSysString
 0004:00004FE8       UxTheme.GetThemeSysInt
 0004:00004FEC       UxTheme.IsThemeActive
 0004:00004FF0       UxTheme.IsAppThemed
 0004:00004FF4       UxTheme.GetWindowTheme
 0004:00004FF8       UxTheme.EnableThemeDialogTexture
 0004:00004FFC       UxTheme.IsThemeDialogTextureEnabled
 0004:00005000       UxTheme.GetThemeAppProperties
 0004:00005004       UxTheme.SetThemeAppProperties
 0004:00005008       UxTheme.GetCurrentThemeName
 0004:0000500C       UxTheme.GetThemeDocumentationProperty
 0004:00005010       UxTheme.DrawThemeParentBackground
 0004:00005014       UxTheme.EnableTheming
 0004:00005018       UxTheme..1
 0004:0000501C       UxTheme.ThemeLibrary
 0004:00005020       UxTheme.ReferenceCount
 0004:00005024       UxTheme.Lock
 0004:00005028       UxTheme._DrawThemeTextEx
 0004:0000502C       UxTheme._BeginBufferedPaint
 0004:00005030       UxTheme._EndBufferedPaint
 0004:00005034       UxTheme._BufferedPaintSetAlpha
 0004:00005038       DwmApi..1
 0004:0000503C       DwmApi.hDWMAPI
 0004:00005040       DwmApi._DwmExtendFrameIntoClientArea
 0004:00005044       DwmApi._DwmIsCompositionEnabled
 0004:00005048       GraphUtil..2
 0004:0000504C       GraphUtil.MsImgHandle
 0004:00005050       GraphUtil.MsImgInitialized
 0004:00005054       GraphUtil.GradientFillFunc
 0004:00005058       Printers..3
 0004:0000505C       Clipbrd.CF_PICTURE
 0004:0000505E       Clipbrd.CF_COMPONENT
 0004:00005060       Clipbrd..3
 0004:00005064       Clipbrd.FClipboard
 0004:00005068       ExtCtrls.TCustomTrayIcon.RM_TaskbarCreated
 0004:0000506C       ExtCtrls..94
 0004:00005070       ComCtrls..96
 0004:00005074       ComCtrls.ConversionFormatList
 0004:00005078       ComCtrls.ShellModule
 0004:0000507C       ComCtrls.FRichEditModule
 0004:00005080       Dialogs..03
 0004:00005084       Dialogs.HelpMsg
 0004:00005088       Dialogs.FindMsg
 0004:0000508C       Dialogs.ButtonWidths
 0004:000050BC       FlatSB.FlatSB_EnableScrollBar
 0004:000050C0       FlatSB.FlatSB_ShowScrollBar
 0004:000050C4       FlatSB.FlatSB_GetScrollRange
 0004:000050C8       FlatSB.FlatSB_GetScrollInfo
 0004:000050CC       FlatSB.FlatSB_GetScrollPos
 0004:000050D0       FlatSB.FlatSB_SetScrollPos
 0004:000050D4       FlatSB.FlatSB_SetScrollInfo
 0004:000050D8       FlatSB.FlatSB_SetScrollRange
 0004:000050DC       FlatSB..1
 0004:000050E0       FlatSB._FlatSB_GetScrollProp
 0004:000050E4       FlatSB._FlatSB_SetScrollProp
 0004:000050E8       FlatSB._InitializeFlatSB
 0004:000050EC       FlatSB._UninitializeFlatSB
 0004:000050F0       Menus.PopupList
 0004:000050F4       Menus.ShortCutItems
 0004:000050F8       Menus..01
 0004:000050FC       Menus.CommandPool
 0004:00005100       Controls.Mouse
 0004:00005104       Controls.IsVCLControlHook
 0004:0000510C       Controls.NewStyleControls
 0004:00005110       Controls..73
 0004:00005114       Controls.WindowAtom
 0004:00005116       Controls.ControlAtom
 0004:00005118       Controls.WindowAtomString
 0004:0000511C       Controls.ControlAtomString
 0004:00005120       Controls.RM_GetObjectInstance
 0004:00005124       Controls.DragControl
 0004:00005128       Controls.DragObject
 0004:0000512C       Controls.DragInternalObject
 0004:00005130       Controls.DragCapture
 0004:00005134       Controls.DragStartPos
 0004:0000513C       Controls.DragSaveCursor
 0004:00005140       Controls.DragThreshold
 0004:00005144       Controls.ActiveDrag
 0004:00005148       Controls.DragImageList
 0004:0000514C       Controls.DockSiteList
 0004:00005150       Controls.QualifyingSites
 0004:00005154       Controls.DragSave
 0004:00005158       Controls.CanvasList
 0004:0000515C       Controls.FlagControl
 0004:00005160       Controls._WINNLSEnableIME
 0004:00005164       Controls._ImmGetContext
 0004:00005168       Controls._ImmReleaseContext
 0004:0000516C       Controls._ImmGetConversionStatus
 0004:00005170       Controls._ImmSetConversionStatus
 0004:00005174       Controls._ImmSetOpenStatus
 0004:00005178       Controls._ImmSetCompositionWindow
 0004:0000517C       Controls._ImmSetCompositionFont
 0004:00005180       Controls._ImmGetCompositionString
 0004:00005184       Controls._ImmIsIME
 0004:00005188       Controls._ImmNotifyIME
 0004:0000518C       Themes..2
 0004:00005190       Themes.InternalServices
 0004:00005194       Themes.RM_UnthemedDesigner
 0004:00005198       ImgList.CachedComCtrlVer
 0004:0000519C       ImgList.ImageListWriteExProc
 0004:000051A0       ActnList..9
 0004:000051A4       Forms.Application
 0004:000051A8       Forms.Screen
 0004:000051AC       Forms..51
 0004:000051B0       Forms.RM_TaskbarCreated
 0004:000051B4       Forms.HintThreadID
 0004:000051B8       Forms.HintDoneEvent
 0004:000051BC       Forms.HintHook
 0004:000051C0       Forms.HintThread
 0004:000051C4       Forms.IdleTimerHandle
 0004:000051C8       Forms.IdleTimerDelegate
 0004:000051CC       jpeg..3
 0004:000051D0       pngimage..83
 0004:000051D4       pngimage.ChunkClasses
 0004:000051D8       pngimage.crc_table
 0004:000055D8       pngimage.crc_table_computed
 0004:000055DC       DeskMetrics..1
 0004:000055E0       DeskMetrics.hModule
 0004:000055E4       frmAnotherWindow.frmAnother
 0004:000055E8       frmCustomerExperience.frm_CustomerExperience
 0004:000055EC       frmMain.frm_Main
 0005:00000000       System.RaiseListPtr
 0005:00000004       System.InOutRes
 0005:00000008       Classes.GlobalLoaded
 0005:0000000C       Classes.GlobalLists
 0005:00000010       Classes.InternalCurrentThread
 0005:00000014       SyncObjs.OleThreadWnd
 0005:00000018       GraphUtil.CachedHighlightLum
 0005:0000001C       GraphUtil.CachedHighlightColor
 0005:00000020       GraphUtil.CachedHighlight
 0005:00000024       GraphUtil.CachedShadowLum
 0005:00000028       GraphUtil.CachedShadowColor
 0005:0000002C       GraphUtil.CachedShadow
 0005:00000030       GraphUtil.CachedColorValue
 0005:00000034       GraphUtil.CachedLumValue
 0005:00000038       GraphUtil.CachedColorAdjustLuma
 0005:0000003C       SysInit.TlsLast


Line numbers for DeskMetrics_Static(DeskMetrics_Static.pas) segment .text

    18 0001:00092370    20 0001:00092378    21 0001:00092380    23 0001:00092388
    31 0001:00092390    33 0001:00092398    35 0001:000923A0    37 0001:000923A8
    43 0001:000923B0    44 0001:000923B8    67 0001:000923C0    68 0001:000923C8
    74 0001:000923CE

Line numbers for DeskMetrics(DeskMetrics.pas) segment .text

   202 0001:000923D0   203 0001:000923E8   204 0001:00092407   207 0001:00092430
   208 0001:00092444   210 0001:0009244D   211 0001:00092475   213 0001:00092484
   214 0001:00092486   275 0001:000924D8   276 0001:000924E2   278 0001:000924EB
   279 0001:00092503   280 0001:00092507   282 0001:0009250F   843 0001:00092540
   844 0001:00092549   845 0001:0009254B   847 0001:00092554   848 0001:0009256C
   849 0001:00092570   851 0001:0009257D   909 0001:000925B0   910 0001:000925D2
   912 0001:000925DD

Line numbers for DeskMetrics(DeskMetrics.pas) segment .itext

   905 0002:000008DC   906 0002:000008E8   908 0002:000008EF

Line numbers for frmAnotherWindow(frmAnotherWindow.pas) segment .text

    45 0001:000927D0    47 0001:000927D6    50 0001:000927E5    51 0001:000927EC
    54 0001:00092824    57 0001:00092827    58 0001:00092836    60 0001:00092892

Line numbers for frmCustomerExperience(frmCustomerExperience.pas) segment .text

    51 0001:00092ABC    52 0001:00092ABF    53 0001:00092AC4    56 0001:00092AC8
    57 0001:00092ACE    58 0001:00092AE0    60 0001:00092AE9    61 0001:00092AFB
    63 0001:00092B02    64 0001:00092B09    66 0001:00092B3A

Line numbers for frmMain(frmMain.pas) segment .text

   109 0001:00093148   111 0001:00093160   112 0001:00093172   114 0001:0009319A
   115 0001:000931C0   118 0001:00093200   119 0001:00093206   120 0001:00093214
   123 0001:00093245   126 0001:00093250   129 0001:00093274   133 0001:0009327A
   134 0001:0009328C   136 0001:0009329B   137 0001:000932AD   139 0001:000932BC
   140 0001:000932CE   142 0001:000932DD   143 0001:000932EF   145 0001:000932FE
   146 0001:00093310   147 0001:0009331F   150 0001:00093348   152 0001:0009335E
   153 0001:0009337A   158 0001:0009339C   159 0001:000933B8   160 0001:000933C8
   162 0001:000933D6   164 0001:00093411   168 0001:00093427   169 0001:0009342D
   172 0001:00093439   173 0001:00093443   176 0001:00093518   178 0001:0009352E
   179 0001:0009354F   182 0001:00093580   184 0001:0009359A   193 0001:000935FB
   196 0001:00093624   197 0001:00093627   198 0001:0009362C   203 0001:00093630
   204 0001:0009363A   206 0001:00093652   208 0001:00093671   210 0001:00093696
   213 0001:000936BC   216 0001:000936E2   218 0001:0009370A   204 0001:0009370B
   219 0001:00093712   222 0001:00093760   224 0001:00093763   225 0001:00093772
   228 0001:00093798   230 0001:0009379B   232 0001:000937AC   235 0001:000937DC
   237 0001:000937DF   238 0001:000937EE   241 0001:000937F0   244 0001:000937F3
   247 0001:000937FA   248 0001:000937FF   251 0001:00093804   252 0001:00093807
   254 0001:00093816   258 0001:0009381F   262 0001:00093830   272 0001:0009383F
   274 0001:000938D6

Line numbers for AppExample(AppExample.dpr) segment .itext

    29 0002:000008F4    30 0002:0000090B    31 0002:00000912    32 0002:0000091B
    33 0002:0000092E    34 0002:00000941    35 0002:00000954    36 0002:0000095B

Bound resource files

c:\program files (x86)\codegear\rad studio\6.0\lib\character.res
c:\program files (x86)\codegear\rad studio\6.0\lib\Controls.res
frmAnotherWindow.dfm
frmCustomerExperience.dfm
frmMain.dfm
AppExample.res
AppExample.drf


Program entry point at 0002:000008F4
